06-09 08:54:21.417   529   529 I SystemServiceManager: Starting com.android.server.restrictions.RestrictionsManagerService
06-09 08:54:21.419   529   529 I SystemServerTiming: StartMediaSessionService
06-09 08:54:21.419   529   529 I SystemServiceManager: Starting com.android.server.media.MediaSessionService
06-09 08:54:21.426   529   529 I SystemServerTiming: StartMediaResourceMonitor
06-09 08:54:21.426   529   529 I SystemServiceManager: Starting com.android.server.media.MediaResourceMonitorService
06-09 08:54:21.427   529   529 I SystemServerTiming: StartMediaRouterService
06-09 08:54:21.429   529   529 I SystemServerTiming: StartFingerprintSensor
06-09 08:54:21.430   529   529 I SystemServiceManager: Starting com.android.server.biometrics.fingerprint.FingerprintService
06-09 08:54:21.432   529   529 I SystemServerTiming: StartBiometricService
06-09 08:54:21.432   529   529 I SystemServiceManager: Starting com.android.server.biometrics.BiometricService
06-09 08:54:21.432   529   588 I SystemServerTimingAsync: InitThreadPoolExec:FingerprintService.onStart
06-09 08:54:21.432   529   588 V FingerprintService: mDaemon was null, reconnect to fingerprint
06-09 08:54:21.435   529   529 I SystemServerTiming: StartAuthService
06-09 08:54:21.435   529   529 I SystemServiceManager: Starting com.android.server.biometrics.AuthService
06-09 08:54:21.436   529   588 V FingerprintService: Fingerprint HAL id: 4089998784
06-09 08:54:21.436   529   529 D AuthService: Registering ID: 0 Modality: 2 Strength: 15
06-09 08:54:21.437   529   529 D FingerprintService: initConfiguredStrengthInternal(15)
06-09 08:54:21.437   529   529 D BiometricService: Registering ID: 0 Modality: 2 Strength: 15
06-09 08:54:21.437   529   529 D BiometricStrengthController: Flags are null or empty
06-09 08:54:21.438   529   529 I SystemServerTiming: StartBackgroundDexOptService
06-09 08:54:21.440   529   529 I SystemServerTiming: StartDynamicCodeLoggingService
06-09 08:54:21.441   529   529 I SystemServerTiming: StartPruneInstantAppsJobService
06-09 08:54:21.442   529   529 I SystemServerTiming: StartShortcutServiceLifecycle
06-09 08:54:21.442   529   529 I SystemServiceManager: Starting com.android.server.pm.ShortcutService$Lifecycle
06-09 08:54:21.442   529   588 V FingerprintService: Enumerating user(0)
06-09 08:54:21.446   529   529 E HistoricalRegistry: Interaction before persistence initialized
06-09 08:54:21.447   529   529 I SystemServerTiming: StartLauncherAppsService
06-09 08:54:21.447   529   529 I SystemServiceManager: Starting com.android.server.pm.LauncherAppsService
06-09 08:54:21.448   529   529 I SystemServerTiming: StartCrossProfileAppsService
06-09 08:54:21.448   529   529 I SystemServiceManager: Starting com.android.server.pm.CrossProfileAppsService
06-09 08:54:21.449   529   529 I SystemServerTiming: StartPeopleService
06-09 08:54:21.449   529   529 I SystemServiceManager: Starting com.android.server.people.PeopleService
06-09 08:54:21.449   529   529 I SystemServerTiming: StartMediaProjectionManager
06-09 08:54:21.449   529   529 I SystemServiceManager: Starting com.android.server.media.projection.MediaProjectionManagerService
06-09 08:54:21.454   529   529 I SystemServerTiming: StartSliceManagerService
06-09 08:54:21.454   529   529 I SystemServiceManager: Starting com.android.server.slice.SliceManagerService$Lifecycle
06-09 08:54:21.457   529   529 I SystemServerTiming: StartCameraServiceProxy
06-09 08:54:21.457   529   529 I SystemServiceManager: Starting com.android.server.camera.CameraServiceProxy
06-09 08:54:21.459   529   529 I SystemServerTiming: StartStatsCompanion
06-09 08:54:21.467   529   529 I SystemServiceManager: Starting com.android.server.stats.StatsCompanion$Lifecycle
06-09 08:54:21.475   529   529 I SystemServerTiming: StartStatsPullAtomService
06-09 08:54:21.496   529   529 I SystemServiceManager: Starting com.android.server.stats.pull.StatsPullAtomService
06-09 08:54:21.496   529   529 I SystemServerTiming: StartIncidentCompanionService
06-09 08:54:21.496   529   529 I SystemServiceManager: Starting com.android.server.incident.IncidentCompanionService
06-09 08:54:21.496   529   529 I SystemServerTiming: StartMmsService
06-09 08:54:21.497   529   529 I SystemServiceManager: Starting com.android.server.MmsServiceBroker
06-09 08:54:21.497   529   529 I SystemServerTiming: StartAutoFillService
06-09 08:54:21.507   529   529 I SystemServiceManager: Starting com.android.server.autofill.AutofillManagerService
06-09 08:54:21.511   529   529 E AutofillManagerServiceImpl: Bad service name: com.google.android.gms/.autofill.service.AutofillService
06-09 08:54:21.511   529   529 E RemoteAugmentedAutofillService: Bad service name for flags 1048704: com.google.android.as/com.google.android.apps.miphone.aiai.app.AiAiAugmentedAutofillService
06-09 08:54:21.512   529   529 I SystemServerTiming: StartClipboardService
06-09 08:54:21.512   529   529 I SystemServiceManager: Starting com.android.server.clipboard.ClipboardService
06-09 08:54:21.514   529   529 I SystemServerTiming: AppServiceManager
06-09 08:54:21.514   529   529 I SystemServiceManager: Starting com.android.server.appbinding.AppBindingService$Lifecycle
06-09 08:54:21.515   529   529 I SystemServerTiming: MakeVibratorServiceReady
06-09 08:54:21.516   529   529 E HistoricalRegistry: Interaction before persistence initialized
06-09 08:54:21.516   529   529 I SystemServerTiming: MakeLockSettingsServiceReady
06-09 08:54:21.526   529   529 I SyntheticPasswordManager: Device does not support weaver
06-09 08:54:21.530   529   529 I SystemServerTiming: StartBootPhaseLockSettingsReady
06-09 08:54:21.530   529   529 I SystemServiceManager: Starting phase 480
06-09 08:54:21.530   529   529 I SystemServerTiming: OnBootPhase_480
06-09 08:54:21.530   529   529 I SystemServerTiming: OnBootPhase_480_com.android.server.security.FileIntegrityService
06-09 08:54:21.530   529   529 I SystemServerTiming: OnBootPhase_480_com.android.server.pm.Installer
06-09 08:54:21.530   529   529 I SystemServerTiming: OnBootPhase_480_com.android.server.os.DeviceIdentifiersPolicyService
06-09 08:54:21.530   529   529 I SystemServerTiming: OnBootPhase_480_com.android.server.uri.UriGrantsManagerService$Lifecycle
06-09 08:54:21.530   529   529 I SystemServerTiming: OnBootPhase_480_com.android.server.wm.ActivityTaskManagerService$Lifecycle
06-09 08:54:21.530   529   529 I SystemServerTiming: OnBootPhase_480_com.android.server.am.ActivityManagerService$Lifecycle
06-09 08:54:21.530   529   529 I SystemServerTiming: OnBootPhase_480_com.android.server.pm.DataLoaderManagerService
06-09 08:54:21.530   529   529 I SystemServerTiming: OnBootPhase_480_com.android.server.power.PowerManagerService
06-09 08:54:21.530   529   529 I SystemServerTiming: OnBootPhase_480_com.android.server.power.ThermalManagerService
06-09 08:54:21.530   529   529 I SystemServerTiming: OnBootPhase_480_com.android.server.recoverysystem.RecoverySystemService$Lifecycle
06-09 08:54:21.530   529   529 I SystemServerTiming: OnBootPhase_480_com.android.server.lights.LightsService
06-09 08:54:21.531   529   529 I SystemServerTiming: OnBootPhase_480_com.android.server.display.DisplayManagerService
06-09 08:54:21.531   529   529 I SystemServerTiming: OnBootPhase_480_com.android.server.pm.UserManagerService$LifeCycle
06-09 08:54:21.531   529   529 I SystemServerTiming: OnBootPhase_480_com.android.server.om.OverlayManagerService
06-09 08:54:21.531   529   529 I SystemServerTiming: OnBootPhase_480_com.android.server.SensorPrivacyService
06-09 08:54:21.531   529   529 I SystemServerTiming: OnBootPhase_480_com.android.server.SystemConfigService
06-09 08:54:21.531   529   529 I SystemServerTiming: OnBootPhase_480_com.android.server.BatteryService
06-09 08:54:21.531   529   529 I SystemServerTiming: OnBootPhase_480_com.android.server.usage.UsageStatsService
06-09 08:54:21.531   529   529 I SystemServerTiming: OnBootPhase_480_com.android.server.webkit.WebViewUpdateService
06-09 08:54:21.531   529   529 I SystemServerTiming: OnBootPhase_480_com.android.server.CachedDeviceStateService
06-09 08:54:21.531   529   529 I SystemServerTiming: OnBootPhase_480_com.android.server.BinderCallsStatsService$LifeCycle
06-09 08:54:21.531   529   529 I SystemServerTiming: OnBootPhase_480_com.android.server.LooperStatsService$Lifecycle
06-09 08:54:21.531   529   529 I SystemServerTiming: OnBootPhase_480_com.android.server.rollback.RollbackManagerService
06-09 08:54:21.531   529   529 I SystemServerTiming: OnBootPhase_480_com.android.server.os.BugreportManagerService
06-09 08:54:21.532   529   529 I SystemServerTiming: OnBootPhase_480_com.android.server.gpu.GpuService
06-09 08:54:21.532   529   529 I SystemServerTiming: OnBootPhase_480_com.android.server.security.KeyChainSystemService
06-09 08:54:21.532   529   529 I SystemServerTiming: OnBootPhase_480_com.android.server.telecom.TelecomLoaderService
06-09 08:54:21.532   529   529 I SystemServerTiming: OnBootPhase_480_com.android.server.accounts.AccountManagerService$Lifecycle
06-09 08:54:21.532   529   529 I SystemServerTiming: OnBootPhase_480_com.android.server.content.ContentService$Lifecycle
06-09 08:54:21.532   529   529 I SystemServerTiming: OnBootPhase_480_com.android.server.DropBoxManagerService
06-09 08:54:21.532   529   529 I SystemServerTiming: OnBootPhase_480_com.android.server.AlarmManagerService
06-09 08:54:21.532   529   529 I SystemServerTiming: OnBootPhase_480_com.android.server.BluetoothService
06-09 08:54:21.532   529   529 I SystemServerTiming: OnBootPhase_480_com.android.server.connectivity.IpConnectivityMetrics
06-09 08:54:21.532   529   529 I SystemServerTiming: OnBootPhase_480_com.android.server.net.watchlist.NetworkWatchlistService$Lifecycle
06-09 08:54:21.532   529   529 I SystemServerTiming: OnBootPhase_480_com.android.server.PinnerService
06-09 08:54:21.532   529   529 I SystemServerTiming: OnBootPhase_480_com.google.android.startop.iorap.IorapForwardingService
06-09 08:54:21.532   529   529 I SystemServerTiming: OnBootPhase_480_com.android.server.integrity.AppIntegrityManagerService
06-09 08:54:21.533   529   529 I SystemServerTiming: OnBootPhase_480_com.android.server.inputmethod.InputMethodManagerService$Lifecycle
06-09 08:54:21.533   529   529 I SystemServerTiming: OnBootPhase_480_com.android.server.accessibility.AccessibilityManagerService$Lifecycle
06-09 08:54:21.533   529   529 I SystemServerTiming: OnBootPhase_480_com.android.server.StorageManagerService$Lifecycle
06-09 08:54:21.533   529   529 I SystemServerTiming: OnBootPhase_480_com.android.server.usage.StorageStatsService$Lifecycle
06-09 08:54:21.533   529   529 I SystemServerTiming: OnBootPhase_480_com.android.server.UiModeManagerService
06-09 08:54:21.533   529   529 I SystemServerTiming: OnBootPhase_480_com.android.server.locksettings.LockSettingsService$Lifecycle
06-09 08:54:21.533   529   529 I SystemServerTiming: OnBootPhase_480_com.android.server.testharness.TestHarnessModeService
06-09 08:54:21.533   529   529 I SystemServerTiming: OnBootPhase_480_com.android.server.DeviceIdleController
06-09 08:54:21.534   529   529 I SystemServerTiming: OnBootPhase_480_com.android.server.devicepolicy.DevicePolicyManagerService$Lifecycle
06-09 08:54:21.540   529   529 I SystemServerTiming: OnBootPhase_480_com.android.server.contentcapture.ContentCaptureManagerService
06-09 08:54:21.540   529   529 I SystemServerTiming: OnBootPhase_480_com.android.server.systemcaptions.SystemCaptionsManagerService
06-09 08:54:21.540   529   553 I SystemServerTimingAsync: InitThreadPoolExec:DevicePolicyManager
06-09 08:54:21.540   529   529 I SystemServerTiming: OnBootPhase_480_com.android.server.appprediction.AppPredictionManagerService
06-09 08:54:21.540   529   529 I SystemServerTiming: OnBootPhase_480_com.android.server.contentsuggestions.ContentSuggestionsManagerService
06-09 08:54:21.540   529   529 I SystemServerTiming: OnBootPhase_480_com.android.server.textservices.TextServicesManagerService$Lifecycle
06-09 08:54:21.540   529   529 I SystemServerTiming: OnBootPhase_480_com.android.server.textclassifier.TextClassificationManagerService$Lifecycle
06-09 08:54:21.541   529   529 I SystemServerTiming: OnBootPhase_480_com.android.server.NetworkScoreService$Lifecycle
06-09 08:54:21.541   529   529 I SystemServerTiming: OnBootPhase_480_com.android.server.wifi.WifiService
06-09 08:54:21.541   529   529 I SystemServerTiming: OnBootPhase_480_com.android.server.wifi.scanner.WifiScanningService
06-09 08:54:21.541   529   529 I SystemServerTiming: OnBootPhase_480_com.android.server.wifi.p2p.WifiP2pService
06-09 08:54:21.541   529   529 I SystemServerTiming: OnBootPhase_480_com.android.server.notification.NotificationManagerService
06-09 08:54:21.541   529   529 I SystemServerTiming: OnBootPhase_480_com.android.server.storage.DeviceStorageMonitorService
06-09 08:54:21.541   529   529 I SystemServerTiming: OnBootPhase_480_com.android.server.location.LocationManagerService$Lifecycle
06-09 08:54:21.541   529   529 I SystemServerTiming: OnBootPhase_480_com.android.server.timedetector.TimeDetectorService$Lifecycle
06-09 08:54:21.541   529   529 I SystemServerTiming: OnBootPhase_480_com.android.server.timezonedetector.TimeZoneDetectorService$Lifecycle
06-09 08:54:21.542   529   529 I SystemServerTiming: OnBootPhase_480_com.android.server.search.SearchManagerService$Lifecycle
06-09 08:54:21.542   529   529 I SystemServerTiming: OnBootPhase_480_com.android.server.wallpaper.WallpaperManagerService$Lifecycle
06-09 08:54:21.542   529   529 I SystemServerTiming: OnBootPhase_480_com.android.server.audio.AudioService$Lifecycle
06-09 08:54:21.542   529   529 I SystemServerTiming: OnBootPhase_480_com.android.server.soundtrigger_middleware.SoundTriggerMiddlewareService$Lifecycle
06-09 08:54:21.542   529   529 I SystemServerTiming: OnBootPhase_480_com.android.server.DockObserver
06-09 08:54:21.542   529   529 I SystemServerTiming: OnBootPhase_480_com.android.server.midi.MidiService$Lifecycle
06-09 08:54:21.542   529   529 I SystemServerTiming: OnBootPhase_480_com.android.server.adb.AdbService$Lifecycle
06-09 08:54:21.542   529   529 I SystemServerTiming: OnBootPhase_480_com.android.server.usb.UsbService$Lifecycle
06-09 08:54:21.542   529   529 I SystemServerTiming: OnBootPhase_480_com.android.server.twilight.TwilightService
06-09 08:54:21.542   529   529 I SystemServerTiming: OnBootPhase_480_com.android.server.display.color.ColorDisplayService
06-09 08:54:21.543   529   529 I SystemServerTiming: OnBootPhase_480_com.android.server.job.JobSchedulerService
06-09 08:54:21.543   529   529 I SystemServerTiming: OnBootPhase_480_com.android.server.soundtrigger.SoundTriggerService
06-09 08:54:21.543   529   529 D SoundTriggerService: onBootPhase: 480 : false
06-09 08:54:21.543   529   529 I SystemServerTiming: OnBootPhase_480_com.android.server.trust.TrustManagerService
06-09 08:54:21.543   529   529 I SystemServerTiming: OnBootPhase_480_com.android.server.backup.BackupManagerService$Lifecycle
06-09 08:54:21.543   529   529 I SystemServerTiming: OnBootPhase_480_com.android.server.appwidget.AppWidgetService
06-09 08:54:21.543   529   529 I SystemServerTiming: OnBootPhase_480_com.android.server.role.RoleManagerService
06-09 08:54:21.543   529   529 I SystemServerTiming: OnBootPhase_480_com.android.server.voiceinteraction.VoiceInteractionManagerService
06-09 08:54:21.543   529   529 I SystemServerTiming: OnBootPhase_480_com.android.server.GestureLauncherService
06-09 08:54:21.543   529   529 I SystemServerTiming: OnBootPhase_480_com.android.server.SensorNotificationService
06-09 08:54:21.543   529   529 I SystemServerTiming: OnBootPhase_480_com.android.server.emergency.EmergencyAffordanceService
06-09 08:54:21.543   529   529 I SystemServerTiming: OnBootPhase_480_com.android.server.dreams.DreamManagerService
06-09 08:54:21.543   529   529 I SystemServerTiming: OnBootPhase_480_com.android.server.print.PrintManagerService
06-09 08:54:21.543   529   529 I SystemServerTiming: OnBootPhase_480_com.android.server.blob.BlobStoreManagerService
06-09 08:54:21.544   529   529 I SystemServerTiming: OnBootPhase_480_com.android.server.companion.CompanionDeviceManagerService
06-09 08:54:21.544   529   529 I SystemServerTiming: OnBootPhase_480_com.android.server.restrictions.RestrictionsManagerService
06-09 08:54:21.544   529   529 I SystemServerTiming: OnBootPhase_480_com.android.server.media.MediaSessionService
06-09 08:54:21.544   529   529 I SystemServerTiming: OnBootPhase_480_com.android.server.media.MediaResourceMonitorService
06-09 08:54:21.544   529   529 I SystemServerTiming: OnBootPhase_480_com.android.server.biometrics.fingerprint.FingerprintService
06-09 08:54:21.544   529   529 I SystemServerTiming: OnBootPhase_480_com.android.server.biometrics.BiometricService
06-09 08:54:21.544   529   529 I SystemServerTiming: OnBootPhase_480_com.android.server.biometrics.AuthService
06-09 08:54:21.544   529   529 I SystemServerTiming: OnBootPhase_480_com.android.server.pm.ShortcutService$Lifecycle
06-09 08:54:21.546   529   529 I SystemServerTiming: OnBootPhase_480_com.android.server.pm.LauncherAppsService
06-09 08:54:21.546   529   529 I SystemServerTiming: OnBootPhase_480_com.android.server.pm.CrossProfileAppsService
06-09 08:54:21.546   529   529 I SystemServerTiming: OnBootPhase_480_com.android.server.people.PeopleService
06-09 08:54:21.547   529   529 I SystemServerTiming: OnBootPhase_480_com.android.server.media.projection.MediaProjectionManagerService
06-09 08:54:21.547   529   529 I SystemServerTiming: OnBootPhase_480_com.android.server.slice.SliceManagerService$Lifecycle
06-09 08:54:21.547   529   529 I SystemServerTiming: OnBootPhase_480_com.android.server.camera.CameraServiceProxy
06-09 08:54:21.547   529   529 I SystemServerTiming: OnBootPhase_480_com.android.server.stats.StatsCompanion$Lifecycle
06-09 08:54:21.547   529   529 I SystemServerTiming: OnBootPhase_480_com.android.server.stats.pull.StatsPullAtomService
06-09 08:54:21.547   529   529 I SystemServerTiming: OnBootPhase_480_com.android.server.incident.IncidentCompanionService
06-09 08:54:21.547   529   529 I SystemServerTiming: OnBootPhase_480_com.android.server.MmsServiceBroker
06-09 08:54:21.547   529   529 I SystemServerTiming: OnBootPhase_480_com.android.server.autofill.AutofillManagerService
06-09 08:54:21.547   529   529 I SystemServerTiming: OnBootPhase_480_com.android.server.clipboard.ClipboardService
06-09 08:54:21.547   529   529 I SystemServerTiming: OnBootPhase_480_com.android.server.appbinding.AppBindingService$Lifecycle
06-09 08:54:21.547   529   529 I SystemServerTiming: StartBootPhaseSystemServicesReady
06-09 08:54:21.547   529   529 I SystemServiceManager: Starting phase 500
06-09 08:54:21.547   529   529 I SystemServerTiming: OnBootPhase_500
06-09 08:54:21.547   529   529 I SystemServerTiming: OnBootPhase_500_com.android.server.security.FileIntegrityService
06-09 08:54:21.548   529   529 I SystemServerTiming: OnBootPhase_500_com.android.server.pm.Installer
06-09 08:54:21.548   529   529 I SystemServerTiming: OnBootPhase_500_com.android.server.os.DeviceIdentifiersPolicyService
06-09 08:54:21.548   529   529 I SystemServerTiming: OnBootPhase_500_com.android.server.uri.UriGrantsManagerService$Lifecycle
06-09 08:54:21.548   529   529 I SystemServerTiming: OnBootPhase_500_com.android.server.wm.ActivityTaskManagerService$Lifecycle
06-09 08:54:21.548   529   529 I SystemServerTiming: OnBootPhase_500_com.android.server.am.ActivityManagerService$Lifecycle
06-09 08:54:21.549   529   529 I SystemServerTiming: OnBootPhase_500_com.android.server.pm.DataLoaderManagerService
06-09 08:54:21.549   529   529 I SystemServerTiming: OnBootPhase_500_com.android.server.power.PowerManagerService
06-09 08:54:21.549   529   529 I SystemServerTiming: OnBootPhase_500_com.android.server.power.ThermalManagerService
06-09 08:54:21.549   529   529 I SystemServerTiming: OnBootPhase_500_com.android.server.recoverysystem.RecoverySystemService$Lifecycle
06-09 08:54:21.550   529   529 I SystemServerTiming: OnBootPhase_500_com.android.server.lights.LightsService
06-09 08:54:21.550   529   529 I SystemServerTiming: OnBootPhase_500_com.android.server.display.DisplayManagerService
06-09 08:54:21.550   529   529 I SystemServerTiming: OnBootPhase_500_com.android.server.pm.UserManagerService$LifeCycle
06-09 08:54:21.550   529   529 I SystemServerTiming: OnBootPhase_500_com.android.server.om.OverlayManagerService
06-09 08:54:21.550   529   529 I SystemServerTiming: OnBootPhase_500_com.android.server.SensorPrivacyService
06-09 08:54:21.550   529   529 I SystemServerTiming: OnBootPhase_500_com.android.server.SystemConfigService
06-09 08:54:21.550   529   529 I SystemServerTiming: OnBootPhase_500_com.android.server.BatteryService
06-09 08:54:21.550   529   529 I SystemServerTiming: OnBootPhase_500_com.android.server.usage.UsageStatsService
06-09 08:54:21.553   529   529 D AppStandbyController: Setting app idle enabled state
06-09 08:54:21.555   529   529 E HistoricalRegistry: Interaction before persistence initialized
06-09 08:54:21.555   529   529 I SystemServerTiming: OnBootPhase_500_com.android.server.webkit.WebViewUpdateService
06-09 08:54:21.555   529   529 I SystemServerTiming: OnBootPhase_500_com.android.server.CachedDeviceStateService
06-09 08:54:21.556   529   529 I SystemServerTiming: OnBootPhase_500_com.android.server.BinderCallsStatsService$LifeCycle
06-09 08:54:21.573   529   529 I SystemServerTiming: OnBootPhase_500_com.android.server.LooperStatsService$Lifecycle
06-09 08:54:21.573   529   529 I SystemServerTiming: OnBootPhase_500_com.android.server.rollback.RollbackManagerService
06-09 08:54:21.573   529   529 I SystemServerTiming: OnBootPhase_500_com.android.server.os.BugreportManagerService
06-09 08:54:21.573   529   529 I SystemServerTiming: OnBootPhase_500_com.android.server.gpu.GpuService
06-09 08:54:21.573   529   529 I SystemServerTiming: OnBootPhase_500_com.android.server.security.KeyChainSystemService
06-09 08:54:21.574   529   529 I SystemServerTiming: OnBootPhase_500_com.android.server.telecom.TelecomLoaderService
06-09 08:54:21.574   529   529 I SystemServerTiming: OnBootPhase_500_com.android.server.accounts.AccountManagerService$Lifecycle
06-09 08:54:21.574   529   529 I SystemServerTiming: OnBootPhase_500_com.android.server.content.ContentService$Lifecycle
06-09 08:54:21.574   529   529 I SystemServerTiming: OnBootPhase_500_com.android.server.DropBoxManagerService
06-09 08:54:21.574   529   529 I SystemServerTiming: OnBootPhase_500_com.android.server.AlarmManagerService
06-09 08:54:21.575   529   529 I SystemServerTiming: OnBootPhase_500_com.android.server.BluetoothService
06-09 08:54:21.576   529   529 I SystemServerTiming: OnBootPhase_500_com.android.server.connectivity.IpConnectivityMetrics
06-09 08:54:21.580   529   529 I SystemServerTiming: OnBootPhase_500_com.android.server.net.watchlist.NetworkWatchlistService$Lifecycle
06-09 08:54:21.580   529   529 I SystemServerTiming: OnBootPhase_500_com.android.server.PinnerService
06-09 08:54:21.581   529   529 I SystemServerTiming: OnBootPhase_500_com.google.android.startop.iorap.IorapForwardingService
06-09 08:54:21.581   529   529 I SystemServerTiming: OnBootPhase_500_com.android.server.integrity.AppIntegrityManagerService
06-09 08:54:21.581   529   529 I SystemServerTiming: OnBootPhase_500_com.android.server.inputmethod.InputMethodManagerService$Lifecycle
06-09 08:54:21.581   529   529 I SystemServerTiming: OnBootPhase_500_com.android.server.accessibility.AccessibilityManagerService$Lifecycle
06-09 08:54:21.581   529   529 I SystemServerTiming: OnBootPhase_500_com.android.server.StorageManagerService$Lifecycle
06-09 08:54:21.583   529   529 I SystemServerTiming: OnBootPhase_500_com.android.server.usage.StorageStatsService$Lifecycle
06-09 08:54:21.583   529   529 I SystemServerTiming: OnBootPhase_500_com.android.server.UiModeManagerService
06-09 08:54:21.585   529   529 I ActivityTaskManager: Config changes=200 {1.0 ?mcc?mnc [en_US] ldltr sw392dp w392dp h757dp 440dpi nrml long port finger qwerty/v/v dpad/v winConfig={ mBounds=Rect(0, 0 - 1080, 2280) mAppBounds=Rect(0, 0 - 1080, 2148) mWindowingMode=fullscreen mDisplayWindowingMode=fullscreen mActivityType=undefined mAlwaysOnTop=undefined mRotation=ROTATION_0} s.6}
06-09 08:54:21.591   529   529 I WindowManager: Override config changes=200 {1.0 ?mcc?mnc [en_US] ldltr sw392dp w392dp h757dp 440dpi nrml long port finger qwerty/v/v dpad/v winConfig={ mBounds=Rect(0, 0 - 1080, 2280) mAppBounds=Rect(0, 0 - 1080, 2148) mWindowingMode=fullscreen mDisplayWindowingMode=fullscreen mActivityType=undefined mAlwaysOnTop=undefined mRotation=ROTATION_0} s.6} for displayId=0
06-09 08:54:21.593   529   529 I SystemServerTiming: OnBootPhase_500_com.android.server.locksettings.LockSettingsService$Lifecycle
06-09 08:54:21.593   529   529 I SystemServerTiming: OnBootPhase_500_com.android.server.testharness.TestHarnessModeService
06-09 08:54:21.593   529   529 D TestHarnessModeService: Setting up test harness mode
06-09 08:54:21.593   529   529 D TestHarnessModeService: Getting PersistentDataBlockManagerInternal from LocalServices
06-09 08:54:21.593   529   529 E TestHarnessModeService: Failed to start Test Harness Mode; no implementation of PersistentDataBlockManagerInternal was bound!
06-09 08:54:21.593   529   529 I SystemServerTiming: OnBootPhase_500_com.android.server.DeviceIdleController
06-09 08:54:21.596   529   529 E HistoricalRegistry: Interaction before persistence initialized
06-09 08:54:21.597   529   529 I SystemServerTiming: OnBootPhase_500_com.android.server.devicepolicy.DevicePolicyManagerService$Lifecycle
06-09 08:54:21.598   529   529 I SystemServerTiming: OnBootPhase_500_com.android.server.contentcapture.ContentCaptureManagerService
06-09 08:54:21.598   529   529 I SystemServerTiming: OnBootPhase_500_com.android.server.systemcaptions.SystemCaptionsManagerService
06-09 08:54:21.598   529   529 I SystemServerTiming: OnBootPhase_500_com.android.server.appprediction.AppPredictionManagerService
06-09 08:54:21.598   529   529 I SystemServerTiming: OnBootPhase_500_com.android.server.contentsuggestions.ContentSuggestionsManagerService
06-09 08:54:21.598   529   529 I SystemServerTiming: OnBootPhase_500_com.android.server.textservices.TextServicesManagerService$Lifecycle
06-09 08:54:21.598   529   529 I SystemServerTiming: OnBootPhase_500_com.android.server.textclassifier.TextClassificationManagerService$Lifecycle
06-09 08:54:21.598   529   529 I SystemServerTiming: OnBootPhase_500_com.android.server.NetworkScoreService$Lifecycle
06-09 08:54:21.598   529   529 I SystemServerTiming: OnBootPhase_500_com.android.server.wifi.WifiService
06-09 08:54:21.603   529   529 I SystemServerTiming: OnBootPhase_500_com.android.server.wifi.scanner.WifiScanningService
06-09 08:54:21.604   529   529 I SystemServerTiming: OnBootPhase_500_com.android.server.wifi.p2p.WifiP2pService
06-09 08:54:21.618   529   529 I SystemServerTiming: OnBootPhase_500_com.android.server.notification.NotificationManagerService
06-09 08:54:21.631   529   529 I SystemServerTiming: OnBootPhase_500_com.android.server.storage.DeviceStorageMonitorService
06-09 08:54:21.631   529   529 I SystemServerTiming: OnBootPhase_500_com.android.server.location.LocationManagerService$Lifecycle
06-09 08:54:21.633   529   529 E HistoricalRegistry: Interaction before persistence initialized
06-09 08:54:21.635   529   529 I SystemServerTiming: OnBootPhase_500_com.android.server.timedetector.TimeDetectorService$Lifecycle
06-09 08:54:21.635   529   529 I SystemServerTiming: OnBootPhase_500_com.android.server.timezonedetector.TimeZoneDetectorService$Lifecycle
06-09 08:54:21.635   529   529 I SystemServerTiming: OnBootPhase_500_com.android.server.search.SearchManagerService$Lifecycle
06-09 08:54:21.635   529   529 I SystemServerTiming: OnBootPhase_500_com.android.server.wallpaper.WallpaperManagerService$Lifecycle
06-09 08:54:21.635   529   529 I SystemServerTiming: OnBootPhase_500_com.android.server.audio.AudioService$Lifecycle
06-09 08:54:21.635   529   529 I SystemServerTiming: OnBootPhase_500_com.android.server.soundtrigger_middleware.SoundTriggerMiddlewareService$Lifecycle
06-09 08:54:21.636   529   529 I SystemServerTiming: OnBootPhase_500_com.android.server.DockObserver
06-09 08:54:21.636   529   529 I SystemServerTiming: OnBootPhase_500_com.android.server.midi.MidiService$Lifecycle
06-09 08:54:21.636   529   529 I SystemServerTiming: OnBootPhase_500_com.android.server.adb.AdbService$Lifecycle
06-09 08:54:21.636   529   529 I SystemServerTiming: OnBootPhase_500_com.android.server.usb.UsbService$Lifecycle
06-09 08:54:21.636   529   529 I SystemServerTiming: OnBootPhase_500_com.android.server.twilight.TwilightService
06-09 08:54:21.636   529   529 I SystemServerTiming: OnBootPhase_500_com.android.server.display.color.ColorDisplayService
06-09 08:54:21.636   529   529 I SystemServerTiming: OnBootPhase_500_com.android.server.job.JobSchedulerService
06-09 08:54:21.637   529   529 E HistoricalRegistry: Interaction before persistence initialized
06-09 08:54:21.638   529   529 I SystemServerTiming: OnBootPhase_500_com.android.server.soundtrigger.SoundTriggerService
06-09 08:54:21.638   529   529 D SoundTriggerService: onBootPhase: 500 : false
06-09 08:54:21.638   529   529 I SystemServerTiming: OnBootPhase_500_com.android.server.trust.TrustManagerService
06-09 08:54:21.639   529   529 I SystemServerTiming: OnBootPhase_500_com.android.server.backup.BackupManagerService$Lifecycle
06-09 08:54:21.639   529   529 I SystemServerTiming: OnBootPhase_500_com.android.server.appwidget.AppWidgetService
06-09 08:54:21.639   529   529 I SystemServerTiming: OnBootPhase_500_com.android.server.role.RoleManagerService
06-09 08:54:21.639   529   529 I SystemServerTiming: OnBootPhase_500_com.android.server.voiceinteraction.VoiceInteractionManagerService
06-09 08:54:21.639   529   529 I SystemServerTiming: OnBootPhase_500_com.android.server.GestureLauncherService
06-09 08:54:21.639   529   529 I SystemServerTiming: OnBootPhase_500_com.android.server.SensorNotificationService
06-09 08:54:21.640   529   529 I SystemServerTiming: OnBootPhase_500_com.android.server.emergency.EmergencyAffordanceService
06-09 08:54:21.640   529   529 I SystemServerTiming: OnBootPhase_500_com.android.server.dreams.DreamManagerService
06-09 08:54:21.640   529   529 I SystemServerTiming: OnBootPhase_500_com.android.server.print.PrintManagerService
06-09 08:54:21.640   529   529 I SystemServerTiming: OnBootPhase_500_com.android.server.blob.BlobStoreManagerService
06-09 08:54:21.640   529   529 I SystemServerTiming: OnBootPhase_500_com.android.server.companion.CompanionDeviceManagerService
06-09 08:54:21.640   529   529 I SystemServerTiming: OnBootPhase_500_com.android.server.restrictions.RestrictionsManagerService
06-09 08:54:21.640   529   529 I SystemServerTiming: OnBootPhase_500_com.android.server.media.MediaSessionService
06-09 08:54:21.640   529   529 I SystemServerTiming: OnBootPhase_500_com.android.server.media.MediaResourceMonitorService
06-09 08:54:21.640   529   529 I SystemServerTiming: OnBootPhase_500_com.android.server.biometrics.fingerprint.FingerprintService
06-09 08:54:21.640   529   529 I SystemServerTiming: OnBootPhase_500_com.android.server.biometrics.BiometricService
06-09 08:54:21.640   529   529 I SystemServerTiming: OnBootPhase_500_com.android.server.biometrics.AuthService
06-09 08:54:21.640   529   529 I SystemServerTiming: OnBootPhase_500_com.android.server.pm.ShortcutService$Lifecycle
06-09 08:54:21.640   529   529 I SystemServerTiming: OnBootPhase_500_com.android.server.pm.LauncherAppsService
06-09 08:54:21.640   529   529 I SystemServerTiming: OnBootPhase_500_com.android.server.pm.CrossProfileAppsService
06-09 08:54:21.640   529   529 I SystemServerTiming: OnBootPhase_500_com.android.server.people.PeopleService
06-09 08:54:21.641   529   529 I SystemServerTiming: OnBootPhase_500_com.android.server.media.projection.MediaProjectionManagerService
06-09 08:54:21.641   529   529 I SystemServerTiming: OnBootPhase_500_com.android.server.slice.SliceManagerService$Lifecycle
06-09 08:54:21.641   529   529 I SystemServerTiming: OnBootPhase_500_com.android.server.camera.CameraServiceProxy
06-09 08:54:21.641   529   529 I SystemServerTiming: OnBootPhase_500_com.android.server.stats.StatsCompanion$Lifecycle
06-09 08:54:21.641   529   529 I SystemServerTiming: OnBootPhase_500_com.android.server.stats.pull.StatsPullAtomService
06-09 08:54:21.641   529   529 I SystemServerTiming: OnBootPhase_500_com.android.server.incident.IncidentCompanionService
06-09 08:54:21.641   529   529 I SystemServerTiming: OnBootPhase_500_com.android.server.MmsServiceBroker
06-09 08:54:21.641   529   529 I SystemServerTiming: OnBootPhase_500_com.android.server.autofill.AutofillManagerService
06-09 08:54:21.641   529   529 I SystemServerTiming: OnBootPhase_500_com.android.server.clipboard.ClipboardService
06-09 08:54:21.641   529   529 I SystemServerTiming: OnBootPhase_500_com.android.server.appbinding.AppBindingService$Lifecycle
06-09 08:54:21.641   529   529 I SystemServerTiming: MakeWindowManagerServiceReady
06-09 08:54:21.647   346   346 I android.hardware.wifi@1.0-service: Wifi HAL started
06-09 08:54:21.651   529   529 I SystemServerTiming: MakePowerManagerServiceReady
06-09 08:54:21.654   529   669 I DropBoxManagerService: add tag=system_server_wtf isTagEnabled=true flags=0x2
06-09 08:54:21.659   529   670 I DropBoxManagerService: add tag=system_server_wtf isTagEnabled=true flags=0x2
06-09 08:54:21.663   529   529 E DisplayPowerController: failed to set up display white-balance: java.lang.IllegalStateException: cannot find sensor com.google.sensor.color
06-09 08:54:21.673   346   346 I android.hardware.wifi@1.0-service: Adding interface handle for wlan0
06-09 08:54:21.673   346   346 W android.hardware.wifi@1.0-service: No active wlan interfaces in use! Using default
06-09 08:54:21.673   346   346 E android.hardware.wifi@1.0-service: Failed to register radio mode change callback
06-09 08:54:21.673   346   346 W android.hardware.wifi@1.0-service: No active wlan interfaces in use! Using default
06-09 08:54:21.689   529   529 I SystemServerTiming: StartPermissionPolicyService
06-09 08:54:21.689   529   529 I SystemServiceManager: Starting com.android.server.policy.PermissionPolicyService
06-09 08:54:21.693   529   556 I HealthServiceWrapper: health: HealthServiceWrapper listening to instance default
06-09 08:54:21.694   529   556 D StatsPullAtomService: Registering pullers with statsd
06-09 08:54:21.698   529   634 D ConnectivityService: NetReassign [no changes]
06-09 08:54:21.700   529   556 I StatsPullAtomService: register thermal listener successfully
06-09 08:54:21.703   529   570 W KeyguardServiceDelegate: onScreenTurningOn(): no keyguard service!
06-09 08:54:21.704   529   563 E KernelCpuSpeedReader: Failed to read cpu-freq: /sys/devices/system/cpu/cpu0/cpufreq/stats/time_in_state: open failed: ENOENT (No such file or directory)
06-09 08:54:21.704   529   563 E KernelCpuSpeedReader: Failed to read cpu-freq: /sys/devices/system/cpu/cpu1/cpufreq/stats/time_in_state: open failed: ENOENT (No such file or directory)
06-09 08:54:21.708   529   529 I SystemServerTiming: MakePackageManagerServiceReady
06-09 08:54:21.708   346   346 I android.hardware.wifi@1.0-service: Configured chip in mode 0
06-09 08:54:21.708   346   346 W android.hardware.wifi@1.0-service: No active wlan interfaces in use! Using default
06-09 08:54:21.724   346   346 I android.hardware.wifi@1.0-service: Adding interface handle for wlan0
06-09 08:54:21.724   346   346 E android.hardware.wifi@1.0-service: Failed to set DFS flag; DFS channels may be unavailable.
06-09 08:54:21.730   529   570 V DisplayPowerController: Brightness [0.39763778] reason changing to: 'override', previous reason: '0'.
06-09 08:54:21.786   446   446 I wificond: create scanner for interface with index: 15
06-09 08:54:21.786   446   446 I wificond: subscribe scan result for interface with index: 15
06-09 08:54:21.929   529   529 I PackageManager: Permission ownership changed. Updating all permissions.
06-09 08:54:21.986   529   529 V UserDataPreparer: Found /data/user_de/0 with serial number 0
06-09 08:54:21.987   529   529 V UserDataPreparer: Found /data/user/0 with serial number 0
06-09 08:54:21.987   529   529 V UserDataPreparer: Found /data/system_de/0 with serial number 0
06-09 08:54:21.987   529   529 V UserDataPreparer: Found /data/system_ce/0 with serial number 0
06-09 08:54:21.987   529   529 V UserDataPreparer: Found /data/misc_ce/0 with serial number 0
06-09 08:54:21.993   529   529 I SystemServerTiming: MakeDisplayManagerServiceReady
06-09 08:54:21.995   529   529 I SystemServerTiming: StartDeviceSpecificServices
06-09 08:54:21.995   529   529 I SystemServerTiming: StartBootPhaseDeviceSpecificServicesReady
06-09 08:54:21.996   529   529 I SystemServiceManager: Starting phase 520
06-09 08:54:21.996   529   529 I SystemServerTiming: OnBootPhase_520
06-09 08:54:21.996   529   529 I SystemServerTiming: OnBootPhase_520_com.android.server.security.FileIntegrityService
06-09 08:54:21.996   529   529 I SystemServerTiming: OnBootPhase_520_com.android.server.pm.Installer
06-09 08:54:21.996   529   529 I SystemServerTiming: OnBootPhase_520_com.android.server.os.DeviceIdentifiersPolicyService
06-09 08:54:21.996   529   529 I SystemServerTiming: OnBootPhase_520_com.android.server.uri.UriGrantsManagerService$Lifecycle
06-09 08:54:21.996   529   529 I SystemServerTiming: OnBootPhase_520_com.android.server.wm.ActivityTaskManagerService$Lifecycle
06-09 08:54:21.996   529   529 I SystemServerTiming: OnBootPhase_520_com.android.server.am.ActivityManagerService$Lifecycle
06-09 08:54:21.997   529   529 I SystemServerTiming: OnBootPhase_520_com.android.server.pm.DataLoaderManagerService
06-09 08:54:21.997   529   529 I SystemServerTiming: OnBootPhase_520_com.android.server.power.PowerManagerService
06-09 08:54:21.997   529   529 I SystemServerTiming: OnBootPhase_520_com.android.server.power.ThermalManagerService
06-09 08:54:21.997   529   529 I SystemServerTiming: OnBootPhase_520_com.android.server.recoverysystem.RecoverySystemService$Lifecycle
06-09 08:54:21.997   529   529 I SystemServerTiming: OnBootPhase_520_com.android.server.lights.LightsService
06-09 08:54:21.997   529   529 I SystemServerTiming: OnBootPhase_520_com.android.server.display.DisplayManagerService
06-09 08:54:21.997   529   529 I SystemServerTiming: OnBootPhase_520_com.android.server.pm.UserManagerService$LifeCycle
06-09 08:54:21.997   529   529 I SystemServerTiming: OnBootPhase_520_com.android.server.om.OverlayManagerService
06-09 08:54:21.997   529   529 I SystemServerTiming: OnBootPhase_520_com.android.server.SensorPrivacyService
06-09 08:54:21.998   529   529 I SystemServerTiming: OnBootPhase_520_com.android.server.SystemConfigService
06-09 08:54:21.998   529   529 I SystemServerTiming: OnBootPhase_520_com.android.server.BatteryService
06-09 08:54:21.998   529   529 I SystemServerTiming: OnBootPhase_520_com.android.server.usage.UsageStatsService
06-09 08:54:21.998   529   529 I SystemServerTiming: OnBootPhase_520_com.android.server.webkit.WebViewUpdateService
06-09 08:54:21.998   529   529 I SystemServerTiming: OnBootPhase_520_com.android.server.CachedDeviceStateService
06-09 08:54:21.998   529   529 I SystemServerTiming: OnBootPhase_520_com.android.server.BinderCallsStatsService$LifeCycle
06-09 08:54:21.998   529   529 I SystemServerTiming: OnBootPhase_520_com.android.server.LooperStatsService$Lifecycle
06-09 08:54:21.998   529   529 I SystemServerTiming: OnBootPhase_520_com.android.server.rollback.RollbackManagerService
06-09 08:54:21.999   529   529 I SystemServerTiming: OnBootPhase_520_com.android.server.os.BugreportManagerService
06-09 08:54:21.999   529   529 I SystemServerTiming: OnBootPhase_520_com.android.server.gpu.GpuService
06-09 08:54:21.999   529   529 I SystemServerTiming: OnBootPhase_520_com.android.server.security.KeyChainSystemService
06-09 08:54:21.999   529   529 I SystemServerTiming: OnBootPhase_520_com.android.server.telecom.TelecomLoaderService
06-09 08:54:21.999   529   529 I SystemServerTiming: OnBootPhase_520_com.android.server.accounts.AccountManagerService$Lifecycle
06-09 08:54:21.999   529   529 I SystemServerTiming: OnBootPhase_520_com.android.server.content.ContentService$Lifecycle
06-09 08:54:21.999   529   529 I SystemServerTiming: OnBootPhase_520_com.android.server.DropBoxManagerService
06-09 08:54:21.999   529   529 I SystemServerTiming: OnBootPhase_520_com.android.server.AlarmManagerService
06-09 08:54:21.999   529   529 I SystemServerTiming: OnBootPhase_520_com.android.server.BluetoothService
06-09 08:54:21.999   529   529 I SystemServerTiming: OnBootPhase_520_com.android.server.connectivity.IpConnectivityMetrics
06-09 08:54:21.999   529   529 I SystemServerTiming: OnBootPhase_520_com.android.server.net.watchlist.NetworkWatchlistService$Lifecycle
06-09 08:54:22.000   529   529 I SystemServerTiming: OnBootPhase_520_com.android.server.PinnerService
06-09 08:54:22.000   529   529 I SystemServerTiming: OnBootPhase_520_com.google.android.startop.iorap.IorapForwardingService
06-09 08:54:22.000   529   529 I SystemServerTiming: OnBootPhase_520_com.android.server.integrity.AppIntegrityManagerService
06-09 08:54:22.000   529   529 I SystemServerTiming: OnBootPhase_520_com.android.server.inputmethod.InputMethodManagerService$Lifecycle
06-09 08:54:22.000   529   529 I SystemServerTiming: OnBootPhase_520_com.android.server.accessibility.AccessibilityManagerService$Lifecycle
06-09 08:54:22.001   529   529 I SystemServerTiming: OnBootPhase_520_com.android.server.StorageManagerService$Lifecycle
06-09 08:54:22.001   529   529 I SystemServerTiming: OnBootPhase_520_com.android.server.usage.StorageStatsService$Lifecycle
06-09 08:54:22.001   529   529 I SystemServerTiming: OnBootPhase_520_com.android.server.UiModeManagerService
06-09 08:54:22.001   529   529 I SystemServerTiming: OnBootPhase_520_com.android.server.locksettings.LockSettingsService$Lifecycle
06-09 08:54:22.001   529   529 I SystemServerTiming: OnBootPhase_520_com.android.server.testharness.TestHarnessModeService
06-09 08:54:22.002   529   529 I SystemServerTiming: OnBootPhase_520_com.android.server.DeviceIdleController
06-09 08:54:22.002   529   529 I SystemServerTiming: OnBootPhase_520_com.android.server.devicepolicy.DevicePolicyManagerService$Lifecycle
06-09 08:54:22.002   529   529 I SystemServerTiming: OnBootPhase_520_com.android.server.contentcapture.ContentCaptureManagerService
06-09 08:54:22.002   529   529 I SystemServerTiming: OnBootPhase_520_com.android.server.systemcaptions.SystemCaptionsManagerService
06-09 08:54:22.002   529   529 I SystemServerTiming: OnBootPhase_520_com.android.server.appprediction.AppPredictionManagerService
06-09 08:54:22.002   529   529 I SystemServerTiming: OnBootPhase_520_com.android.server.contentsuggestions.ContentSuggestionsManagerService
06-09 08:54:22.002   529   529 I SystemServerTiming: OnBootPhase_520_com.android.server.textservices.TextServicesManagerService$Lifecycle
06-09 08:54:22.002   529   529 I SystemServerTiming: OnBootPhase_520_com.android.server.textclassifier.TextClassificationManagerService$Lifecycle
06-09 08:54:22.002   529   529 I SystemServerTiming: OnBootPhase_520_com.android.server.NetworkScoreService$Lifecycle
06-09 08:54:22.002   529   529 I SystemServerTiming: OnBootPhase_520_com.android.server.wifi.WifiService
06-09 08:54:22.002   529   529 I SystemServerTiming: OnBootPhase_520_com.android.server.wifi.scanner.WifiScanningService
06-09 08:54:22.003   529   529 I SystemServerTiming: OnBootPhase_520_com.android.server.wifi.p2p.WifiP2pService
06-09 08:54:22.003   529   529 I SystemServerTiming: OnBootPhase_520_com.android.server.notification.NotificationManagerService
06-09 08:54:22.003   529   529 I SystemServerTiming: OnBootPhase_520_com.android.server.storage.DeviceStorageMonitorService
06-09 08:54:22.003   529   529 I SystemServerTiming: OnBootPhase_520_com.android.server.location.LocationManagerService$Lifecycle
06-09 08:54:22.003   529   529 I SystemServerTiming: OnBootPhase_520_com.android.server.timedetector.TimeDetectorService$Lifecycle
06-09 08:54:22.004   529   529 I SystemServerTiming: OnBootPhase_520_com.android.server.timezonedetector.TimeZoneDetectorService$Lifecycle
06-09 08:54:22.004   529   529 I SystemServerTiming: OnBootPhase_520_com.android.server.search.SearchManagerService$Lifecycle
06-09 08:54:22.004   529   529 I SystemServerTiming: OnBootPhase_520_com.android.server.wallpaper.WallpaperManagerService$Lifecycle
06-09 08:54:22.004   529   529 I SystemServerTiming: OnBootPhase_520_com.android.server.audio.AudioService$Lifecycle
06-09 08:54:22.004   529   529 I SystemServerTiming: OnBootPhase_520_com.android.server.soundtrigger_middleware.SoundTriggerMiddlewareService$Lifecycle
06-09 08:54:22.004   529   529 I SystemServerTiming: OnBootPhase_520_com.android.server.DockObserver
06-09 08:54:22.004   529   529 I SystemServerTiming: OnBootPhase_520_com.android.server.midi.MidiService$Lifecycle
06-09 08:54:22.004   529   529 I SystemServerTiming: OnBootPhase_520_com.android.server.adb.AdbService$Lifecycle
06-09 08:54:22.004   529   529 I SystemServerTiming: OnBootPhase_520_com.android.server.usb.UsbService$Lifecycle
06-09 08:54:22.004   529   529 I SystemServerTiming: OnBootPhase_520_com.android.server.twilight.TwilightService
06-09 08:54:22.005   529   529 I SystemServerTiming: OnBootPhase_520_com.android.server.display.color.ColorDisplayService
06-09 08:54:22.005   529   529 I SystemServerTiming: OnBootPhase_520_com.android.server.job.JobSchedulerService
06-09 08:54:22.005   529   529 I SystemServerTiming: OnBootPhase_520_com.android.server.soundtrigger.SoundTriggerService
06-09 08:54:22.005   529   529 D SoundTriggerService: onBootPhase: 520 : false
06-09 08:54:22.006   529   529 I SystemServerTiming: OnBootPhase_520_com.android.server.trust.TrustManagerService
06-09 08:54:22.006   529   529 I SystemServerTiming: OnBootPhase_520_com.android.server.backup.BackupManagerService$Lifecycle
06-09 08:54:22.006   529   529 I SystemServerTiming: OnBootPhase_520_com.android.server.appwidget.AppWidgetService
06-09 08:54:22.006   529   529 I SystemServerTiming: OnBootPhase_520_com.android.server.role.RoleManagerService
06-09 08:54:22.006   529   529 I SystemServerTiming: OnBootPhase_520_com.android.server.voiceinteraction.VoiceInteractionManagerService
06-09 08:54:22.006   529   529 I SystemServerTiming: OnBootPhase_520_com.android.server.GestureLauncherService
06-09 08:54:22.007   529   529 I SystemServerTiming: OnBootPhase_520_com.android.server.SensorNotificationService
06-09 08:54:22.007   529   529 I SystemServerTiming: OnBootPhase_520_com.android.server.emergency.EmergencyAffordanceService
06-09 08:54:22.007   529   529 I SystemServerTiming: OnBootPhase_520_com.android.server.dreams.DreamManagerService
06-09 08:54:22.007   529   529 I SystemServerTiming: OnBootPhase_520_com.android.server.print.PrintManagerService
06-09 08:54:22.007   529   529 I SystemServerTiming: OnBootPhase_520_com.android.server.blob.BlobStoreManagerService
06-09 08:54:22.007   529   529 I SystemServerTiming: OnBootPhase_520_com.android.server.companion.CompanionDeviceManagerService
06-09 08:54:22.007   529   529 I SystemServerTiming: OnBootPhase_520_com.android.server.restrictions.RestrictionsManagerService
06-09 08:54:22.008   529   529 I SystemServerTiming: OnBootPhase_520_com.android.server.media.MediaSessionService
06-09 08:54:22.008   529   529 I SystemServerTiming: OnBootPhase_520_com.android.server.media.MediaResourceMonitorService
06-09 08:54:22.008   529   529 I SystemServerTiming: OnBootPhase_520_com.android.server.biometrics.fingerprint.FingerprintService
06-09 08:54:22.008   529   529 I SystemServerTiming: OnBootPhase_520_com.android.server.biometrics.BiometricService
06-09 08:54:22.008   529   529 I SystemServerTiming: OnBootPhase_520_com.android.server.biometrics.AuthService
06-09 08:54:22.008   529   529 I SystemServerTiming: OnBootPhase_520_com.android.server.pm.ShortcutService$Lifecycle
06-09 08:54:22.008   529   529 I SystemServerTiming: OnBootPhase_520_com.android.server.pm.LauncherAppsService
06-09 08:54:22.008   529   529 I SystemServerTiming: OnBootPhase_520_com.android.server.pm.CrossProfileAppsService
06-09 08:54:22.008   529   529 I SystemServerTiming: OnBootPhase_520_com.android.server.people.PeopleService
06-09 08:54:22.008   529   529 I SystemServerTiming: OnBootPhase_520_com.android.server.media.projection.MediaProjectionManagerService
06-09 08:54:22.008   529   529 I SystemServerTiming: OnBootPhase_520_com.android.server.slice.SliceManagerService$Lifecycle
06-09 08:54:22.009   529   529 I SystemServerTiming: OnBootPhase_520_com.android.server.camera.CameraServiceProxy
06-09 08:54:22.009   529   529 I SystemServerTiming: OnBootPhase_520_com.android.server.stats.StatsCompanion$Lifecycle
06-09 08:54:22.009   529   529 I SystemServerTiming: OnBootPhase_520_com.android.server.stats.pull.StatsPullAtomService
06-09 08:54:22.009   529   529 I SystemServerTiming: OnBootPhase_520_com.android.server.incident.IncidentCompanionService
06-09 08:54:22.009   529   529 I SystemServerTiming: OnBootPhase_520_com.android.server.MmsServiceBroker
06-09 08:54:22.009   529   529 I SystemServerTiming: OnBootPhase_520_com.android.server.autofill.AutofillManagerService
06-09 08:54:22.009   529   529 I SystemServerTiming: OnBootPhase_520_com.android.server.clipboard.ClipboardService
06-09 08:54:22.009   529   529 I SystemServerTiming: OnBootPhase_520_com.android.server.appbinding.AppBindingService$Lifecycle
06-09 08:54:22.009   529   529 I SystemServerTiming: OnBootPhase_520_com.android.server.policy.PermissionPolicyService
06-09 08:54:22.009   529   529 I SystemServerTiming: OnBootPhase_520_com.android.server.pm.StagingManager$Lifecycle
