--------- beginning of system
06-09 08:54:01.183   181   181 I vold    : Vold 3.0 (the awakening) firing up
06-09 08:54:01.184   181   181 D vold    : Detected support for: ext4 f2fs vfat
06-09 08:54:01.185   181   181 D vold    : Found unmanaged dm device named product
06-09 08:54:01.186   181   181 D vold    : Found unmanaged dm device named vendor
06-09 08:54:01.186   181   181 D vold    : Found unmanaged dm device named system
06-09 08:54:01.186   181   181 D vold    : Found unmanaged dm device named system_ext
06-09 08:54:01.186   181   181 D vold    : Found unmanaged dm device named system-verity
06-09 08:54:01.186   181   181 W vold    : Failed to LOOP_GET_STATUS64 /dev/block/loop27: No such device or address
06-09 08:54:01.186   181   181 W vold    : Failed to LOOP_GET_STATUS64 /dev/block/loop26: No such device or address
06-09 08:54:01.186   181   181 W vold    : Failed to LOOP_GET_STATUS64 /dev/block/loop25: No such device or address
06-09 08:54:01.186   181   181 W vold    : Failed to LOOP_GET_STATUS64 /dev/block/loop24: No such device or address
06-09 08:54:01.186   181   181 W vold    : Failed to LOOP_GET_STATUS64 /dev/block/loop23: No such device or address
06-09 08:54:01.186   181   181 W vold    : Failed to LOOP_GET_STATUS64 /dev/block/loop22: No such device or address
06-09 08:54:01.186   181   181 W vold    : Failed to LOOP_GET_STATUS64 /dev/block/loop21: No such device or address
06-09 08:54:01.186   181   181 W vold    : Failed to LOOP_GET_STATUS64 /dev/block/loop20: No such device or address
06-09 08:54:01.186   181   181 W vold    : Failed to LOOP_GET_STATUS64 /dev/block/loop19: No such device or address
06-09 08:54:01.186   181   181 W vold    : Failed to LOOP_GET_STATUS64 /dev/block/loop18: No such device or address
06-09 08:54:01.187   181   181 W vold    : Failed to LOOP_GET_STATUS64 /dev/block/loop17: No such device or address
06-09 08:54:01.187   181   181 W vold    : Failed to LOOP_GET_STATUS64 /dev/block/loop16: No such device or address
06-09 08:54:01.187   181   181 W vold    : Failed to LOOP_GET_STATUS64 /dev/block/loop12: No such device or address
06-09 08:54:01.187   181   181 W vold    : Failed to LOOP_GET_STATUS64 /dev/block/loop7: No such device or address
06-09 08:54:01.187   181   181 D vold    : Found unmanaged loop device at /dev/block/loop0 named apex:
06-09 08:54:01.187   181   181 D vold    : Found unmanaged loop device at /dev/block/loop2 named apex:
06-09 08:54:01.187   181   181 W vold    : Failed to LOOP_GET_STATUS64 /dev/block/loop8: No such device or address
06-09 08:54:01.187   181   181 D vold    : Found unmanaged loop device at /dev/block/loop1 named apex:
06-09 08:54:01.187   181   181 W vold    : Failed to LOOP_GET_STATUS64 /dev/block/loop10: No such device or address
06-09 08:54:01.187   181   181 D vold    : Found unmanaged loop device at /dev/block/loop3 named apex:
06-09 08:54:01.187   181   181 D vold    : Found unmanaged loop device at /dev/block/loop5 named apex:
06-09 08:54:01.187   181   181 W vold    : Failed to LOOP_GET_STATUS64 /dev/block/loop14: No such device or address
06-09 08:54:01.187   181   181 W vold    : Failed to LOOP_GET_STATUS64 /dev/block/loop9: No such device or address
06-09 08:54:01.187   181   181 W vold    : Failed to LOOP_GET_STATUS64 /dev/block/loop11: No such device or address
06-09 08:54:01.187   181   181 D vold    : Found unmanaged loop device at /dev/block/loop4 named apex:
06-09 08:54:01.187   181   181 W vold    : Failed to LOOP_GET_STATUS64 /dev/block/loop6: No such device or address
06-09 08:54:01.187   181   181 W vold    : Failed to LOOP_GET_STATUS64 /dev/block/loop13: No such device or address
06-09 08:54:01.187   181   181 W vold    : Failed to LOOP_GET_STATUS64 /dev/block/loop15: No such device or address
06-09 08:54:01.193   181   181 D vold    : VoldNativeService::start() completed OK
06-09 08:54:01.202   181   184 I vold    : Found disk at /devices/pci0000:00/0000:00:08.0/virtio5/block/vdf but delaying scan due to secure keyguard
06-09 08:54:01.377   181   181 D vold    : fscrypt_mount_metadata_encrypted: /data 0
06-09 08:54:01.378   181   181 D vold    : metadata_key_dir/key: /metadata/vold/metadata_encryption/key
06-09 08:54:01.383   181   181 I vold    : List of Keymaster HALs found:
06-09 08:54:01.383   181   181 I vold    : Keymaster HAL #1: SoftwareKeymasterDevice from Google SecurityLevel: SOFTWARE HAL: android.hardware.keymaster@4.1::IKeymasterDevice/default
06-09 08:54:01.383   181   181 D vold    : Computing HMAC with params { (seed: , nonce: aab6ec2db0cdaf64b367d27be9d453af5cfc2bfae4444c831c40138c4b9d2fa) }
06-09 08:54:01.384   181   181 D vold    : Computing HMAC for SoftwareKeymasterDevice from Google SecurityLevel: SOFTWARE HAL: android.hardware.keymaster@4.1::IKeymasterDevice/default
06-09 08:54:01.384   181   181 I vold    : Using SoftwareKeymasterDevice from Google for encryption.  Security level: SOFTWARE, HAL: android.hardware.keymaster@4.1::IKeymasterDevice/default
06-09 08:54:01.386   181   181 D vold    : Key exists, using: /metadata/vold/metadata_encryption/key
06-09 08:54:01.393   181   181 I vold    : List of Keymaster HALs found:
06-09 08:54:01.394   181   181 I vold    : Keymaster HAL #1: SoftwareKeymasterDevice from Google SecurityLevel: SOFTWARE HAL: android.hardware.keymaster@4.1::IKeymasterDevice/default
06-09 08:54:01.394   181   181 I vold    : Using SoftwareKeymasterDevice from Google for encryption.  Security level: SOFTWARE, HAL: android.hardware.keymaster@4.1::IKeymasterDevice/default
06-09 08:54:01.402   181   181 D vold    : Mounting metadata-encrypted filesystem:/data
06-09 08:54:01.409   181   181 I vold    : List of Keymaster HALs found:
06-09 08:54:01.410   181   181 I vold    : Keymaster HAL #1: SoftwareKeymasterDevice from Google SecurityLevel: SOFTWARE HAL: android.hardware.keymaster@4.1::IKeymasterDevice/default
06-09 08:54:01.421   181   181 I vold    : [libfs_mgr]superblock s_max_mnt_count:65535,/dev/block/dm-5
06-09 08:54:01.421   181   181 I vold    : [libfs_mgr]Filesystem on /dev/block/dm-5 was not cleanly shutdown; state flags: 0x1, incompat feature flags: 0x30046
06-09 08:54:02.565   181   181 I vold    : [libfs_mgr]check_fs(): mount(/dev/block/dm-5,/data,ext4)=0: Success
06-09 08:54:02.589   181   181 I vold    : [libfs_mgr]check_fs(): unmount(/data) succeeded
06-09 08:54:02.590   181   181 I vold    : [libfs_mgr]Running /system/bin/e2fsck on /dev/block/dm-5
06-09 08:54:03.601   181   181 I vold    : [libfs_mgr]superblock s_max_mnt_count:65535,/dev/block/dm-5
06-09 08:54:03.601   181   181 W vold    : [libfs_mgr]Reserved blocks 32768 is too large; capping to 31457
06-09 08:54:03.623   181   181 I vold    : [libfs_mgr]__mount(source=/dev/block/dm-5,target=/data,type=ext4)=0: Success
06-09 08:54:03.625   181   181 D vold    : Mounted /data
06-09 08:54:03.626   181   184 D vold    : Disk at 253:5 changed
06-09 08:54:03.833   181   181 I Checkpoint: cp_prepareCheckpoint called
06-09 08:54:03.862   181   181 I vold    : fscrypt_initialize_systemwide_keys
06-09 08:54:03.862   181   181 D vold    : Key exists, using: /data/unencrypted/key
06-09 08:54:03.872   181   181 I vold    : List of Keymaster HALs found:
06-09 08:54:03.872   181   181 I vold    : Keymaster HAL #1: SoftwareKeymasterDevice from Google SecurityLevel: SOFTWARE HAL: android.hardware.keymaster@4.1::IKeymasterDevice/default
06-09 08:54:03.872   181   181 I vold    : Using SoftwareKeymasterDevice from Google for encryption.  Security level: SOFTWARE, HAL: android.hardware.keymaster@4.1::IKeymasterDevice/default
06-09 08:54:03.876   181   181 D vold    : Installed fscrypt key with ref f0465f157e06942dab0b54ee42e99e00 to /data
06-09 08:54:03.876   181   181 D vold    : Added fscrypt-provisioning key for f0465f157e06942dab0b54ee42e99e00 to session keyring
06-09 08:54:03.889   181   181 I vold    : Wrote system DE key reference to:/data/unencrypted/ref
06-09 08:54:03.889   181   181 D vold    : Installed fscrypt key with ref 4d75baa775c5d8b41f74bbc4ca958279 to /data
06-09 08:54:03.889   181   181 D vold    : Added fscrypt-provisioning key for 4d75baa775c5d8b41f74bbc4ca958279 to session keyring
06-09 08:54:03.896   181   181 I vold    : Wrote per boot key reference to:/data/unencrypted/per_boot_ref
06-09 08:54:04.172   181   184 D vold    : Disk at 7:48 changed
06-09 08:54:04.228   181   184 D vold    : Disk at 7:48 changed
06-09 08:54:04.277   181   184 D vold    : Disk at 7:56 changed
06-09 08:54:04.311   181   184 D vold    : Disk at 7:56 changed
06-09 08:54:04.357   181   184 D vold    : Disk at 7:64 changed
06-09 08:54:04.424   181   184 D vold    : Disk at 7:64 changed
06-09 08:54:04.468   181   184 D vold    : Disk at 7:72 changed
06-09 08:54:04.487   181   184 D vold    : Disk at 7:72 changed
06-09 08:54:04.506   181   184 D vold    : Disk at 7:80 changed
06-09 08:54:04.524   181   184 D vold    : Disk at 7:80 changed
06-09 08:54:04.604   181   184 D vold    : Disk at 7:88 changed
06-09 08:54:04.645   181   184 D vold    : Disk at 7:88 changed
06-09 08:54:04.735   181   184 D vold    : Disk at 7:96 changed
06-09 08:54:04.789   181   184 D vold    : Disk at 7:96 changed
06-09 08:54:04.817   181   184 D vold    : Disk at 7:104 changed
06-09 08:54:04.854   181   184 D vold    : Disk at 7:104 changed
06-09 08:54:04.876   181   184 D vold    : Disk at 7:112 changed
06-09 08:54:04.901   181   184 D vold    : Disk at 7:112 changed
06-09 08:54:04.955   181   184 D vold    : Disk at 7:120 changed
06-09 08:54:04.997   181   184 D vold    : Disk at 7:120 changed
06-09 08:54:05.019   181   184 D vold    : Disk at 7:128 changed
06-09 08:54:05.061   181   184 D vold    : Disk at 7:128 changed
06-09 08:54:05.082   181   184 D vold    : Disk at 7:136 changed
06-09 08:54:05.132   181   184 D vold    : Disk at 7:136 changed
06-09 08:54:05.339   181   184 D vold    : Disk at 7:144 changed
06-09 08:54:05.524   181   184 D vold    : Disk at 7:144 changed
06-09 08:54:05.606   181   184 D vold    : Disk at 7:152 changed
06-09 08:54:05.632   181   184 D vold    : Disk at 7:152 changed
06-09 08:54:05.654   181   184 D vold    : Disk at 7:160 changed
06-09 08:54:05.673   181   184 D vold    : Disk at 7:160 changed
06-09 08:54:05.700   181   184 D vold    : Disk at 7:168 changed
06-09 08:54:05.720   181   184 D vold    : Disk at 7:168 changed
06-09 08:54:05.738   181   184 D vold    : Disk at 7:176 changed
06-09 08:54:05.761   181   184 D vold    : Disk at 7:176 changed
06-09 08:54:05.783   181   184 D vold    : Disk at 7:184 changed
06-09 08:54:05.808   181   184 D vold    : Disk at 7:184 changed
06-09 08:54:05.831   181   184 D vold    : Disk at 7:192 changed
06-09 08:54:05.857   181   184 D vold    : Disk at 7:192 changed
06-09 08:54:05.877   181   184 D vold    : Disk at 7:200 changed
06-09 08:54:05.897   181   184 D vold    : Disk at 7:200 changed
06-09 08:54:05.930   181   184 D vold    : Disk at 7:208 changed
06-09 08:54:05.969   181   184 D vold    : Disk at 7:208 changed
06-09 08:54:05.992   181   184 D vold    : Disk at 7:216 changed
06-09 08:54:06.020   181   184 D vold    : Disk at 7:216 changed
06-09 08:54:06.427   181   181 D vold    : fscrypt_init_user0
06-09 08:54:06.428   181   181 D vold    : Preparing: /data/misc/vold/user_keys
06-09 08:54:06.429   181   181 D vold    : Preparing: /data/misc/vold/user_keys/ce
06-09 08:54:06.431   181   181 D vold    : Preparing: /data/misc/vold/user_keys/de
06-09 08:54:06.434   181   181 D vold    : Skipping non-de-key .
06-09 08:54:06.434   181   181 D vold    : Skipping non-de-key ..
06-09 08:54:06.448   181   181 I vold    : List of Keymaster HALs found:
06-09 08:54:06.449   181   181 I vold    : Keymaster HAL #1: SoftwareKeymasterDevice from Google SecurityLevel: SOFTWARE HAL: android.hardware.keymaster@4.1::IKeymasterDevice/default
06-09 08:54:06.449   181   181 I vold    : Using SoftwareKeymasterDevice from Google for encryption.  Security level: SOFTWARE, HAL: android.hardware.keymaster@4.1::IKeymasterDevice/default
06-09 08:54:06.451   181   181 D vold    : Installed fscrypt key with ref a197570b832d4a768dd6af239e88e52c to /data
06-09 08:54:06.451   181   181 D vold    : Added fscrypt-provisioning key for a197570b832d4a768dd6af239e88e52c to session keyring
06-09 08:54:06.451   181   181 D vold    : Installed de key for user 0
06-09 08:54:06.452   181   181 D vold    : fscrypt_prepare_user_storage for volume null, user 0, serial 0, flags 1
06-09 08:54:06.452   181   181 D vold    : Preparing: /data/system/users/0
06-09 08:54:06.454   181   181 D vold    : Preparing: /data/misc/profiles/cur/0
06-09 08:54:06.458   181   181 D vold    : Preparing: /data/system_de/0
06-09 08:54:06.461   181   181 D vold    : Preparing: /data/misc_de/0
06-09 08:54:06.464   181   181 D vold    : Preparing: /data/vendor_de/0
06-09 08:54:06.467   181   181 D vold    : Preparing: /data/user_de/0
06-09 08:54:06.470   181   181 I vold    : Verified that /data/system_de/0 has the encryption policy a197570b832d4a768dd6af239e88e52c v2 modes 1/4 flags 0x2
06-09 08:54:06.471   181   181 I vold    : Verified that /data/misc_de/0 has the encryption policy a197570b832d4a768dd6af239e88e52c v2 modes 1/4 flags 0x2
06-09 08:54:06.473   181   181 I vold    : Verified that /data/vendor_de/0 has the encryption policy a197570b832d4a768dd6af239e88e52c v2 modes 1/4 flags 0x2
06-09 08:54:06.475   181   181 I vold    : Verified that /data/user_de/0 has the encryption policy a197570b832d4a768dd6af239e88e52c v2 modes 1/4 flags 0x2
06-09 08:54:06.475   181   181 D vold    : /system/bin/vold_prepare_subdirs
06-09 08:54:06.475   181   181 D vold    :     prepare
06-09 08:54:06.475   181   181 D vold    :     
06-09 08:54:06.475   181   181 D vold    :     0
06-09 08:54:06.475   181   181 D vold    :     1
06-09 08:54:06.548   181   181 D vold    : Detected support for FS_IOC_ADD_ENCRYPTION_KEY
06-09 08:54:08.710   346   346 I android.hardware.wifi@1.0-service: Wifi Hal is booting up...
06-09 08:54:08.726   346   346 I HidlServiceManagement: Registered android.hardware.wifi@1.4::IWifi/default (start delay of 350ms)
06-09 08:54:08.970   381   381 I gsid    : no DSU: No such file or directory
06-09 08:54:09.653   428   428 I installd: installd firing up
06-09 08:54:09.777   430   430 I iorapd  : iorapd (the prefetchening) firing up
06-09 08:54:09.801   430   430 I iorapd  : Opened existing database at '/data/misc/iorapd/sqlite.db'
06-09 08:54:09.821   430   430 W iorapd  : Reconnect to package manager service: 1 times
06-09 08:54:09.998   446   446 I wificond: wificond is starting up...
06-09 08:54:10.024   446   446 I HidlServiceManagement: Registered android.system.wifi.keystore@1.0::IKeystore/default (start delay of 198ms)
06-09 08:54:11.548   469   507 D BootAnimation: BootAnimationShownTiming start time: 23432ms
06-09 08:54:11.552   469   514 E BootAnimation: Could not add watch for /data/system: Permission denied
06-09 08:54:14.826   430   430 E iorapd  : Cannot get package manager service!
06-09 08:54:15.108   442   442 E storaged: getService package_native failed
06-09 08:54:15.134   442   527 I storaged: storaged: Start
06-09 08:54:15.734   529   529 I SystemServerTiming: InitBeforeStartServices
06-09 08:54:15.739   529   529 I SystemServer: Entered the Android system server!
06-09 08:54:15.827   430   430 W iorapd  : Reconnect to package manager service: 2 times
06-09 08:54:16.177   529   529 I SystemServerInitThreadPool: Creating instance with 4 threads
06-09 08:54:16.180   529   529 I SystemServerTiming: StartServices
06-09 08:54:16.180   529   529 I SystemServerTiming: startBootstrapServices
06-09 08:54:16.181   529   529 I SystemServerTiming: StartWatchdog
06-09 08:54:16.220   529   529 I SystemServer: Reading configuration...
06-09 08:54:16.221   529   529 I SystemServerTiming: ReadingSystemConfig
06-09 08:54:16.222   529   529 I SystemServerTiming: PlatformCompat
06-09 08:54:16.223   529   553 I SystemServerTimingAsync: InitThreadPoolExec:ReadingSystemConfig
06-09 08:54:16.225   529   553 I SystemConfig: Reading permissions from /system/etc/sysconfig/framework-sysconfig.xml
06-09 08:54:16.228   529   553 I SystemConfig: Reading permissions from /system/etc/sysconfig/preinstalled-packages-platform.xml
06-09 08:54:16.231   529   553 I SystemConfig: Reading permissions from /system/etc/sysconfig/hiddenapi-package-whitelist.xml
06-09 08:54:16.235   529   529 D CompatConfig: Found a config file: /system/etc/compatconfig/services-platform-compat-config.xml
06-09 08:54:16.239   529   553 I SystemConfig: Reading permissions from /system/etc/permissions/com.android.media.remotedisplay.xml
06-09 08:54:16.240   529   529 D CompatConfig: Adding: com.android.server.compat.config.Change@69cc7a0
06-09 08:54:16.244   529   529 D CompatConfig: Adding: com.android.server.compat.config.Change@b53ef59
06-09 08:54:16.245   529   529 D CompatConfig: Adding: com.android.server.compat.config.Change@d80371e
06-09 08:54:16.246   529   529 D CompatConfig: Adding: com.android.server.compat.config.Change@f96cbff
06-09 08:54:16.247   529   529 D CompatConfig: Adding: com.android.server.compat.config.Change@b96bdcc
06-09 08:54:16.248   529   529 D CompatConfig: Adding: com.android.server.compat.config.Change@4cb2815
06-09 08:54:16.249   529   529 D CompatConfig: Adding: com.android.server.compat.config.Change@5f4a72a
06-09 08:54:16.251   529   529 D CompatConfig: Adding: com.android.server.compat.config.Change@896291b
06-09 08:54:16.252   529   553 I SystemConfig: Reading permissions from /system/etc/permissions/android.test.base.xml
06-09 08:54:16.253   529   529 D CompatConfig: Adding: com.android.server.compat.config.Change@7433091
06-09 08:54:16.254   529   553 I SystemConfig: Reading permissions from /system/etc/permissions/android.test.runner.xml
06-09 08:54:16.256   529   529 D CompatConfig: Adding: com.android.server.compat.config.Change@7643bf7
06-09 08:54:16.257   529   553 I SystemConfig: Reading permissions from /system/etc/permissions/org.apache.http.legacy.xml
06-09 08:54:16.258   529   529 D CompatConfig: Adding: com.android.server.compat.config.Change@85944cd
06-09 08:54:16.258   529   553 I SystemConfig: Reading permissions from /system/etc/permissions/privapp-permissions-google.xml
06-09 08:54:16.259   529   529 D CompatConfig: Adding: com.android.server.compat.config.Change@796a093
06-09 08:54:16.260   529   529 D CompatConfig: Adding: com.android.server.compat.config.Change@4c158d0
06-09 08:54:16.261   529   529 D CompatConfig: Found a config file: /system/etc/compatconfig/framework-platform-compat-config.xml
06-09 08:54:16.262   529   553 I SystemConfig: Reading permissions from /system/etc/permissions/com.android.mediadrm.signer.xml
06-09 08:54:16.263   529   529 D CompatConfig: Adding: com.android.server.compat.config.Change@e80b2ef
06-09 08:54:16.265   529   553 I SystemConfig: Reading permissions from /system/etc/permissions/javax.obex.xml
06-09 08:54:16.265   529   529 D CompatConfig: Adding: com.android.server.compat.config.Change@b874085
06-09 08:54:16.267   529   553 I SystemConfig: Reading permissions from /system/etc/permissions/com.android.timezone.updater.xml
06-09 08:54:16.268   529   529 D CompatConfig: Adding: com.android.server.compat.config.Change@94f8f0b
06-09 08:54:16.270   529   553 I SystemConfig: Reading permissions from /system/etc/permissions/com.android.future.usb.accessory.xml
06-09 08:54:16.270   529   529 D CompatConfig: Adding: com.android.server.compat.config.Change@c806001
06-09 08:54:16.273   529   529 D CompatConfig: Adding: com.android.server.compat.config.Change@1af5ea6
06-09 08:54:16.274   529   553 I SystemConfig: Reading permissions from /system/etc/permissions/android.software.webview.xml
06-09 08:54:16.274   529   529 D CompatConfig: Adding: com.android.server.compat.config.Change@4c5c494
06-09 08:54:16.275   529   529 D CompatConfig: Adding: com.android.server.compat.config.Change@891fb3d
06-09 08:54:16.276   529   553 I SystemConfig: Reading permissions from /system/etc/permissions/com.android.location.provider.xml
06-09 08:54:16.277   529   529 D CompatConfig: Adding: com.android.server.compat.config.Change@f78d483
06-09 08:54:16.278   529   553 I SystemConfig: Reading permissions from /system/etc/permissions/privapp-permissions-platform.xml
06-09 08:54:16.279   529   529 D CompatConfig: Adding: com.android.server.compat.config.Change@d280e39
06-09 08:54:16.280   529   529 D CompatConfig: Adding: com.android.server.compat.config.Change@7799c7e
06-09 08:54:16.282   529   529 D CompatConfig: Adding: com.android.server.compat.config.Change@3ea35df
06-09 08:54:16.283   529   529 D CompatConfig: Adding: com.android.server.compat.config.Change@9d122c
06-09 08:54:16.285   529   529 D CompatConfig: Adding: com.android.server.compat.config.Change@87254f5
06-09 08:54:16.286   529   553 I SystemConfig: Reading permissions from /system/etc/permissions/android.test.mock.xml
06-09 08:54:16.287   529   529 D CompatConfig: Adding: com.android.server.compat.config.Change@ee650fb
06-09 08:54:16.289   529   529 D CompatConfig: Adding: com.android.server.compat.config.Change@1df2518
06-09 08:54:16.291   529   529 D CompatConfig: Adding: com.android.server.compat.config.Change@de2bd56
06-09 08:54:16.291   529   553 I SystemConfig: Reading permissions from /system/etc/permissions/com.android.nfc_extras.xml
06-09 08:54:16.293   529   529 D CompatConfig: Adding: com.android.server.compat.config.Change@5bf01d7
06-09 08:54:16.294   529   553 I SystemConfig: Reading permissions from /system/etc/permissions/android.software.live_wallpaper.xml
06-09 08:54:16.294   529   529 D CompatConfig: Adding: com.android.server.compat.config.Change@e5d2dad
06-09 08:54:16.296   529   553 I SystemConfig: Reading permissions from /system/etc/permissions/platform.xml
06-09 08:54:16.296   529   529 D CompatConfig: Adding: com.android.server.compat.config.Change@707e473
06-09 08:54:16.298   529   529 D CompatConfig: Adding: com.android.server.compat.config.Change@9e97f30
06-09 08:54:16.299   529   529 D CompatConfig: Adding: com.android.server.compat.config.Change@c4bf7a9
06-09 08:54:16.301   529   529 D CompatConfig: Adding: com.android.server.compat.config.Change@784212e
06-09 08:54:16.303   529   529 D CompatConfig: Adding: com.android.server.compat.config.Change@cf254cf
06-09 08:54:16.305   529   529 D CompatConfig: Found a config file: /system/etc/compatconfig/documents-ui-compat-config.xml
06-09 08:54:16.308   529   529 D CompatConfig: Adding: com.android.server.compat.config.Change@db5223a
06-09 08:54:16.309   529   553 I SystemConfig: Reading permissions from /vendor/etc/permissions/android.hardware.bluetooth.xml
06-09 08:54:16.310   529   553 I SystemConfig: Reading permissions from /vendor/etc/permissions/android.software.vulkan.deqp.level.xml
06-09 08:54:16.310   529   529 D CompatConfig: Found a config file: /system/etc/compatconfig/libcore-platform-compat-config.xml
06-09 08:54:16.312   529   529 D CompatConfig: Adding: com.android.server.compat.config.Change@389f2e1
06-09 08:54:16.312   529   553 I SystemConfig: Reading permissions from /vendor/etc/permissions/android.hardware.fingerprint.xml
06-09 08:54:16.313   529   553 I SystemConfig: Reading permissions from /vendor/etc/permissions/android.hardware.bluetooth_le.xml
06-09 08:54:16.314   529   529 D CompatConfig: Adding: com.android.server.compat.config.Change@dc71cf4
06-09 08:54:16.315   529   529 D CompatConfig: Adding: com.android.server.compat.config.Change@151dc1d
06-09 08:54:16.316   529   553 I SystemConfig: Reading permissions from /vendor/etc/permissions/android.hardware.wifi.passpoint.xml
06-09 08:54:16.317   529   529 D CompatConfig: Adding: com.android.server.compat.config.Change@132d063
06-09 08:54:16.318   529   553 I SystemConfig: Reading permissions from /vendor/etc/permissions/android.hardware.wifi.xml
06-09 08:54:16.319   529   553 I SystemConfig: Reading permissions from /vendor/etc/permissions/android.hardware.vulkan.version.xml
06-09 08:54:16.320   529   529 D CompatConfig: Found a config file: /system/system_ext/etc/compatconfig/settings-platform-compat-config.xml
06-09 08:54:16.321   529   553 I SystemConfig: Reading permissions from /vendor/etc/permissions/android.hardware.vulkan.compute.xml
06-09 08:54:16.322   529   529 D CompatConfig: Adding: com.android.server.compat.config.Change@a5168c
06-09 08:54:16.323   529   553 I SystemConfig: Reading permissions from /vendor/etc/permissions/android.hardware.camera.flash-autofocus.xml
06-09 08:54:16.325   529   553 I SystemConfig: Reading permissions from /vendor/etc/permissions/android.hardware.camera.full.xml
06-09 08:54:16.328   529   553 I SystemConfig: Reading permissions from /vendor/etc/permissions/android.hardware.camera.raw.xml
06-09 08:54:16.331   529   553 I SystemConfig: Reading permissions from /vendor/etc/permissions/android.hardware.camera.concurrent.xml
06-09 08:54:16.332   529   553 I SystemConfig: Reading permissions from /vendor/etc/permissions/android.hardware.camera.front.xml
06-09 08:54:16.334   529   553 I SystemConfig: Reading permissions from /vendor/etc/permissions/android.hardware.touchscreen.multitouch.jazzhand.xml
06-09 08:54:16.335   529   553 I SystemConfig: Reading permissions from /vendor/etc/permissions/android.software.autofill.xml
06-09 08:54:16.337   529   553 I SystemConfig: Reading permissions from /vendor/etc/permissions/handheld_core_hardware.xml
06-09 08:54:16.341   529   553 I SystemConfig: Reading permissions from /vendor/etc/permissions/android.hardware.vulkan.level.xml
06-09 08:54:16.341   529   529 I ApexManagerTiming: getActiveApexInfos_noCache
06-09 08:54:16.345   529   553 I SystemConfig: Reading permissions from /vendor/etc/permissions/android.hardware.camera.ar.xml
06-09 08:54:16.346   529   553 I SystemConfig: Reading permissions from /vendor/etc/permissions/android.hardware.wifi.direct.xml
06-09 08:54:16.349   529   529 D CompatConfig: No directory /apex/com.android.art/etc/compatconfig, skipping
06-09 08:54:16.349   529   529 D CompatConfig: No directory /apex/com.android.neuralnetworks/etc/compatconfig, skipping
06-09 08:54:16.349   529   529 D CompatConfig: No directory /apex/com.android.sdkext/etc/compatconfig, skipping
06-09 08:54:16.349   529   529 D CompatConfig: No directory /apex/com.android.media.swcodec/etc/compatconfig, skipping
06-09 08:54:16.349   529   529 D CompatConfig: No directory /apex/com.android.os.statsd/etc/compatconfig, skipping
06-09 08:54:16.349   529   529 D CompatConfig: No directory /apex/com.android.wifi/etc/compatconfig, skipping
06-09 08:54:16.349   529   529 D CompatConfig: No directory /apex/com.android.resolv/etc/compatconfig, skipping
06-09 08:54:16.350   529   529 D CompatConfig: No directory /apex/com.android.tethering/etc/compatconfig, skipping
06-09 08:54:16.350   529   529 D CompatConfig: No directory /apex/com.android.ipsec/etc/compatconfig, skipping
06-09 08:54:16.351   529   529 D CompatConfig: No directory /apex/com.android.tzdata/etc/compatconfig, skipping
06-09 08:54:16.351   529   553 I SystemConfig: Reading permissions from /product/etc/sysconfig/google_build.xml
06-09 08:54:16.351   529   529 D CompatConfig: No directory /apex/com.android.i18n/etc/compatconfig, skipping
06-09 08:54:16.351   529   529 D CompatConfig: No directory /apex/com.android.media/etc/compatconfig, skipping
06-09 08:54:16.351   529   529 D CompatConfig: No directory /apex/com.android.apex.cts.shim/etc/compatconfig, skipping
06-09 08:54:16.351   529   529 D CompatConfig: No directory /apex/com.android.runtime/etc/compatconfig, skipping
06-09 08:54:16.352   529   529 D CompatConfig: No directory /apex/com.android.telephony/etc/compatconfig, skipping
06-09 08:54:16.352   529   529 D CompatConfig: No directory /apex/com.android.cellbroadcast/etc/compatconfig, skipping
06-09 08:54:16.352   529   529 D CompatConfig: No directory /apex/com.android.adbd/etc/compatconfig, skipping
06-09 08:54:16.352   529   529 D CompatConfig: No directory /apex/com.android.extservices/etc/compatconfig, skipping
06-09 08:54:16.352   529   553 I SystemConfig: Reading permissions from /product/etc/sysconfig/preinstalled-packages-platform-overlays.xml
06-09 08:54:16.353   529   529 D CompatConfig: Found a config file: /apex/com.android.mediaprovider/etc/compatconfig/media-provider-platform-compat-config.xml
06-09 08:54:16.353   529   553 I SystemConfig: Reading permissions from /product/etc/sysconfig/google.xml
06-09 08:54:16.355   529   553 I SystemConfig: Adding association: com.google.android.as <- com.android.bluetooth
06-09 08:54:16.355   529   553 I SystemConfig: Adding association: com.google.android.as <- com.android.providers.contacts
06-09 08:54:16.355   529   553 I SystemConfig: Adding association: com.google.android.as <- com.android.providers.media
06-09 08:54:16.356   529   553 I SystemConfig: Adding association: com.google.android.as <- com.android.providers.telephony
06-09 08:54:16.356   529   553 I SystemConfig: Adding association: com.google.android.as <- com.android.systemui
06-09 08:54:16.356   529   553 I SystemConfig: Adding association: com.google.android.as <- com.google.android.providers.media.module
06-09 08:54:16.356   529   529 D CompatConfig: No directory /apex/com.android.vndk.v30/etc/compatconfig, skipping
06-09 08:54:16.356   529   529 D CompatConfig: No directory /apex/com.android.permission/etc/compatconfig, skipping
06-09 08:54:16.356   529   529 D CompatConfig: No directory /apex/com.android.conscrypt/etc/compatconfig, skipping
06-09 08:54:16.356   529   553 I SystemConfig: Reading permissions from /product/etc/sysconfig/preinstalled-packages-platform-aosp-product.xml
06-09 08:54:16.359   529   553 I SystemConfig: Reading permissions from /product/etc/sysconfig/preinstalled-packages-platform-handheld-product.xml
06-09 08:54:16.361   529   529 I SystemServerTiming: StartFileIntegrityService
06-09 08:54:16.361   529   529 I SystemServiceManager: Starting com.android.server.security.FileIntegrityService
06-09 08:54:16.361   529   553 I SystemConfig: Reading permissions from /product/etc/sysconfig/disable-zero-touch.xml
06-09 08:54:16.363   529   553 I SystemConfig: Reading permissions from /product/etc/sysconfig/google-hiddenapi-package-whitelist.xml
06-09 08:54:16.365   529   553 I SystemConfig: Reading permissions from /product/etc/sysconfig/wellbeing.xml
06-09 08:54:16.369   529   553 I SystemConfig: Reading permissions from /product/etc/permissions/android.software.verified_boot.xml
06-09 08:54:16.371   529   553 I SystemConfig: Reading permissions from /product/etc/permissions/privapp-permissions-goldfish.xml
06-09 08:54:16.374   529   553 I SystemConfig: Reading permissions from /product/etc/permissions/com.android.contacts.xml
06-09 08:54:16.374   529   529 I SystemServerTiming: StartInstaller
06-09 08:54:16.374   529   529 I SystemServiceManager: Starting com.android.server.pm.Installer
06-09 08:54:16.377   529   553 I SystemConfig: Reading permissions from /product/etc/permissions/privapp-permissions-google-p.xml
06-09 08:54:16.379   529   529 I SystemServerTiming: DeviceIdentifiersPolicyService
06-09 08:54:16.379   529   529 I SystemServiceManager: Starting com.android.server.os.DeviceIdentifiersPolicyService
06-09 08:54:16.381   529   529 I SystemServerTiming: UriGrantsManagerService
06-09 08:54:16.381   529   529 I SystemServiceManager: Starting com.android.server.uri.UriGrantsManagerService$Lifecycle
06-09 08:54:16.385   529   553 I SystemConfig: Reading permissions from /product/etc/permissions/android.hardware.telephony.euicc.xml
06-09 08:54:16.387   529   553 I SystemConfig: Reading permissions from /product/etc/permissions/privapp-permissions-sdk-google.xml
06-09 08:54:16.389   529   553 I SystemConfig: Reading permissions from /product/etc/permissions/com.android.settings.intelligence.xml
06-09 08:54:16.392   529   553 I SystemConfig: Reading permissions from /product/etc/permissions/com.android.dialer.xml
06-09 08:54:16.393   529   553 I SystemConfig: Reading permissions from /product/etc/permissions/com.google.android.dialer.support.xml
06-09 08:54:16.394   529   529 I SystemServerTiming: StartActivityManager
06-09 08:54:16.395   529   529 I SystemServiceManager: Starting com.android.server.wm.ActivityTaskManagerService$Lifecycle
06-09 08:54:16.397   529   553 I SystemConfig: Reading permissions from /product/etc/permissions/split-permissions-google.xml
06-09 08:54:16.399   529   553 W SystemConfig: No directory /system_ext/etc/sysconfig, skipping
06-09 08:54:16.401   529   553 I SystemConfig: Reading permissions from /system_ext/etc/permissions/com.android.carrierconfig.xml
06-09 08:54:16.403   529   553 I SystemConfig: Reading permissions from /system_ext/etc/permissions/androidx.window.sidecar.xml
06-09 08:54:16.404   529   553 I SystemConfig: Reading permissions from /system_ext/etc/permissions/privapp-permissions-google-se.xml
06-09 08:54:16.408   529   553 I SystemConfig: Reading permissions from /system_ext/etc/permissions/com.google.android.sdksetup.xml
06-09 08:54:16.410   529   553 I SystemConfig: Reading permissions from /system_ext/etc/permissions/com.android.systemui.xml
06-09 08:54:16.412   529   553 I SystemConfig: Reading permissions from /system_ext/etc/permissions/com.android.emulator.radio.config.xml
06-09 08:54:16.414   529   553 I SystemConfig: Reading permissions from /system_ext/etc/permissions/com.android.launcher3.xml
06-09 08:54:16.417   529   553 I SystemConfig: Reading permissions from /system_ext/etc/permissions/com.android.settings.xml
06-09 08:54:16.421   529   553 I SystemConfig: Reading permissions from /system_ext/etc/permissions/com.android.storagemanager.xml
06-09 08:54:16.425   529   553 I SystemConfig: Reading permissions from /apex/com.android.ipsec/etc/permissions/android.net.ipsec.ike.xml
06-09 08:54:16.448   529   529 I SystemServiceManager: Starting com.android.server.am.ActivityManagerService$Lifecycle
06-09 08:54:16.490   529   529 I ActivityManager: Memory class: 192
06-09 08:54:16.558   529   529 D BatteryStatsImpl: Reading daily items from /data/system/batterystats-daily.xml
06-09 08:54:16.603   529   563 I KernelCpuUidFreqTimeReader: mPerClusterTimesAvailable=false
06-09 08:54:16.611   529   563 E KernelCpuSpeedReader: Failed to read cpu-freq: /sys/devices/system/cpu/cpu1/cpufreq/stats/time_in_state: open failed: ENOENT (No such file or directory)
06-09 08:54:16.611   529   563 E KernelCpuSpeedReader: Failed to read cpu-freq: /sys/devices/system/cpu/cpu0/cpufreq/stats/time_in_state: open failed: ENOENT (No such file or directory)
06-09 08:54:16.624   529   563 W KernelMemoryBandwidthStats: No kernel memory bandwidth stats available
06-09 08:54:17.105   529   529 I IntentFirewall: Read new rules (A:0 B:0 S:0)
06-09 08:54:17.164   529   529 D AppOps  : AppOpsService published
06-09 08:54:17.173   529   529 I SystemServerTiming: StartDataLoaderManagerService
06-09 08:54:17.173   529   529 I SystemServiceManager: Starting com.android.server.pm.DataLoaderManagerService
06-09 08:54:17.174   529   529 I SystemServerTiming: StartIncrementalService
06-09 08:54:17.185   529   529 I SystemServerTiming: StartPowerManager
06-09 08:54:17.185   529   529 I SystemServiceManager: Starting com.android.server.power.PowerManagerService
06-09 08:54:17.235   529   529 I SystemServerTiming: StartThermalManager
06-09 08:54:17.235   529   529 I SystemServiceManager: Starting com.android.server.power.ThermalManagerService
06-09 08:54:17.240   529   529 I SystemServerTiming: InitPowerManagement
06-09 08:54:17.244   529   529 I SystemServerTiming: StartRecoverySystemService
06-09 08:54:17.244   529   529 I SystemServiceManager: Starting com.android.server.recoverysystem.RecoverySystemService$Lifecycle
06-09 08:54:17.257   529   529 I PackageWatchdog: Syncing state, reason: added new observer
06-09 08:54:17.258   529   529 I PackageWatchdog: Not pruning observers, elapsed time: 0ms
06-09 08:54:17.258   529   529 I PackageWatchdog: Cancelling state sync, nothing to sync
06-09 08:54:17.258   529   556 I PackageWatchdog: Saving observer state to file
06-09 08:54:17.260   529   529 I SystemServerTiming: StartLightsService
06-09 08:54:17.260   529   529 I SystemServiceManager: Starting com.android.server.lights.LightsService
06-09 08:54:17.292   529   529 I SystemServerTiming: StartSidekickService
06-09 08:54:17.292   529   529 I SystemServerTiming: StartDisplayManager
06-09 08:54:17.292   529   529 I SystemServiceManager: Starting com.android.server.display.DisplayManagerService
06-09 08:54:17.314   529   529 I SystemServerTiming: WaitForDisplay
06-09 08:54:17.314   529   529 I SystemServiceManager: Starting phase 100
06-09 08:54:17.314   529   529 I SystemServerTiming: OnBootPhase_100
06-09 08:54:17.314   529   529 I SystemServerTiming: OnBootPhase_100_com.android.server.security.FileIntegrityService
06-09 08:54:17.314   529   529 I SystemServerTiming: OnBootPhase_100_com.android.server.pm.Installer
06-09 08:54:17.314   529   529 I SystemServerTiming: OnBootPhase_100_com.android.server.os.DeviceIdentifiersPolicyService
06-09 08:54:17.314   529   529 I SystemServerTiming: OnBootPhase_100_com.android.server.uri.UriGrantsManagerService$Lifecycle
06-09 08:54:17.314   529   529 I SystemServerTiming: OnBootPhase_100_com.android.server.wm.ActivityTaskManagerService$Lifecycle
06-09 08:54:17.314   529   529 I SystemServerTiming: OnBootPhase_100_com.android.server.am.ActivityManagerService$Lifecycle
06-09 08:54:17.315   529   529 I SystemServerTiming: OnBootPhase_100_com.android.server.pm.DataLoaderManagerService
06-09 08:54:17.315   529   529 I SystemServerTiming: OnBootPhase_100_com.android.server.power.PowerManagerService
06-09 08:54:17.315   529   529 I SystemServerTiming: OnBootPhase_100_com.android.server.power.ThermalManagerService
06-09 08:54:17.315   529   529 I SystemServerTiming: OnBootPhase_100_com.android.server.recoverysystem.RecoverySystemService$Lifecycle
06-09 08:54:17.315   529   529 I SystemServerTiming: OnBootPhase_100_com.android.server.lights.LightsService
06-09 08:54:17.315   529   529 I SystemServerTiming: OnBootPhase_100_com.android.server.display.DisplayManagerService
06-09 08:54:17.336   529   549 I DisplayManagerService: Display device added: DisplayDeviceInfo{"Built-in Screen": uniqueId="local:8141603649153536", 1080 x 2280, modeId 1, defaultModeId 1, supportedModes [{id=1, width=1080, height=2280, fps=60.000004}], colorMode 0, supportedColorModes [0], HdrCapabilities HdrCapabilities{mSupportedHdrTypes=[], mMaxLuminance=500.0, mMaxAverageLuminance=500.0, mMinLuminance=0.0}, allmSupported false, gameContentTypeSupported false, density 440, 440.0 x 440.0 dpi, appVsyncOff 1000000, presDeadline 16666666, touch INTERNAL, rotation 0, type INTERNAL, address {port=0, model=0x1cecbed168ea}, deviceProductInfo DeviceProductInfo{name=EMU_display_0, manufacturerPnpId=GGL, productId=1, modelYear=null, manufactureDate=ManufactureDate{week=27, year=2006}, relativeAddress=null}, state UNKNOWN, FLAG_DEFAULT_DISPLAY, FLAG_ROTATES_WITH_CONTENT, FLAG_SECURE, FLAG_SUPPORTS_PROTECTED_BUFFERS}
06-09 08:54:17.339   529   549 I DisplayManagerService: Display device changed state: "Built-in Screen", ON
06-09 08:54:17.344   529   529 I SystemServerTiming: StartPackageManagerService
06-09 08:54:17.344   529   529 I Watchdog: Pausing HandlerChecker: main thread for reason: packagemanagermain. Pause count: 1
06-09 08:54:17.381   529   529 I PackageManagerTiming: create package manager
06-09 08:54:17.392   529   529 I PackageManagerTiming: createSubComponents
06-09 08:54:17.487   529   529 I PackageManagerTiming: addSharedUsers
06-09 08:54:17.488   529   529 I PackageManagerTiming: get system config
06-09 08:54:17.494   529   529 D PackageManager: Directories scanned as system partitions: [/system:0, /vendor:524288, /odm:4194304, /oem:262144, /product:1048576, /system_ext:2097152, /apex/com.android.art:8388608, /apex/com.android.neuralnetworks:8388608, /apex/com.android.sdkext:8388608, /apex/com.android.media.swcodec:8388608, /apex/com.android.os.statsd:8388608, /apex/com.android.wifi:8388608, /apex/com.android.resolv:8388608, /apex/com.android.tethering:8388608, /apex/com.android.ipsec:8388608, /apex/com.android.tzdata:8388608, /apex/com.android.i18n:8388608, /apex/com.android.media:8388608, /apex/com.android.apex.cts.shim:8388608, /apex/com.android.runtime:8388608, /apex/com.android.telephony:8388608, /apex/com.android.cellbroadcast:8388608, /apex/com.android.adbd:8388608, /apex/com.android.extservices:8388608, /apex/com.android.mediaprovider:8388608, /apex/com.android.vndk.v30:8388608, /apex/com.android.permission:8388608, /apex/com.android.conscrypt:8388608]
06-09 08:54:17.496   529   529 D SELinuxMMAC: Using policy file /system/etc/selinux/plat_mac_permissions.xml
06-09 08:54:17.499   529   529 D SELinuxMMAC: Using policy file /vendor/etc/selinux/vendor_mac_permissions.xml
06-09 08:54:17.500   529   529 I PackageManagerTiming: loadFallbacks
06-09 08:54:17.503   529   529 I PackageManagerTiming: read user settings
06-09 08:54:17.658   529   529 W PackageManager: Unknown element under <package>: uses-static-lib
06-09 08:54:17.686   529   529 W PackageManager: Unknown element under <package>: uses-static-lib
06-09 08:54:17.925   529   529 W PackageSettings: Missing permission state for shared user: android.uid.log
06-09 08:54:17.958   529   529 D PackageManager: Keeping known cache d407d7d9accfa4ea3f11009df4db387f38f8459c
06-09 08:54:18.037   529   529 D CompatibilityChangeReporter: Compat change id reported: 143539591; UID -1; state: ENABLED
06-09 08:54:18.046   529   529 D CompatibilityChangeReporter: Compat change id reported: 135549675; UID 10001; state: ENABLED
06-09 08:54:18.048   529   529 D CompatibilityChangeReporter: Compat change id reported: 135549675; UID 10000; state: ENABLED
06-09 08:54:18.050   529   529 D CompatibilityChangeReporter: Compat change id reported: 135549675; UID 10002; state: ENABLED
06-09 08:54:18.051   529   529 D CompatibilityChangeReporter: Compat change id reported: 135549675; UID 10005; state: ENABLED
06-09 08:54:18.052   529   529 D CompatibilityChangeReporter: Compat change id reported: 135549675; UID 10004; state: ENABLED
06-09 08:54:18.054   529   529 D CompatibilityChangeReporter: Compat change id reported: 135549675; UID 10007; state: ENABLED
06-09 08:54:18.058   529   529 D CompatibilityChangeReporter: Compat change id reported: 135549675; UID 10003; state: ENABLED
06-09 08:54:18.063   529   529 D CompatibilityChangeReporter: Compat change id reported: 135549675; UID 10009; state: ENABLED
06-09 08:54:18.068   529   529 D CompatibilityChangeReporter: Compat change id reported: 135549675; UID 10008; state: ENABLED
06-09 08:54:18.069   529   529 D CompatibilityChangeReporter: Compat change id reported: 135549675; UID 10006; state: ENABLED
06-09 08:54:18.071   529   529 D CompatibilityChangeReporter: Compat change id reported: 135549675; UID 10011; state: ENABLED
06-09 08:54:18.074   529   529 D CompatibilityChangeReporter: Compat change id reported: 135549675; UID 10013; state: ENABLED
06-09 08:54:18.076   529   529 D CompatibilityChangeReporter: Compat change id reported: 135549675; UID 10010; state: ENABLED
06-09 08:54:18.077   529   529 D CompatibilityChangeReporter: Compat change id reported: 135549675; UID 10017; state: ENABLED
06-09 08:54:18.078   529   529 D CompatibilityChangeReporter: Compat change id reported: 135549675; UID 10016; state: ENABLED
06-09 08:54:18.082   529   529 D CompatibilityChangeReporter: Compat change id reported: 135549675; UID 10014; state: ENABLED
06-09 08:54:18.084   529   529 D CompatibilityChangeReporter: Compat change id reported: 135549675; UID 10012; state: ENABLED
06-09 08:54:18.087   529   529 D CompatibilityChangeReporter: Compat change id reported: 135549675; UID 10015; state: ENABLED
06-09 08:54:18.088   529   529 D CompatibilityChangeReporter: Compat change id reported: 135549675; UID 10020; state: ENABLED
06-09 08:54:18.089   529   529 D CompatibilityChangeReporter: Compat change id reported: 135549675; UID 10018; state: ENABLED
06-09 08:54:18.092   529   529 D CompatibilityChangeReporter: Compat change id reported: 135549675; UID 10022; state: ENABLED
06-09 08:54:18.093   529   529 D CompatibilityChangeReporter: Compat change id reported: 135549675; UID 10019; state: ENABLED
06-09 08:54:18.094   529   529 D CompatibilityChangeReporter: Compat change id reported: 135549675; UID 10024; state: ENABLED
06-09 08:54:18.095   529   529 D CompatibilityChangeReporter: Compat change id reported: 135549675; UID 10025; state: ENABLED
06-09 08:54:18.096   529   529 D CompatibilityChangeReporter: Compat change id reported: 135549675; UID 10021; state: ENABLED
06-09 08:54:18.100   529   529 D CompatibilityChangeReporter: Compat change id reported: 135549675; UID 10026; state: ENABLED
06-09 08:54:18.101   529   529 D CompatibilityChangeReporter: Compat change id reported: 135549675; UID 10028; state: ENABLED
06-09 08:54:18.103   529   529 D CompatibilityChangeReporter: Compat change id reported: 135549675; UID 10023; state: ENABLED
06-09 08:54:18.104   529   529 D CompatibilityChangeReporter: Compat change id reported: 135549675; UID 10027; state: ENABLED
06-09 08:54:18.106   529   529 D CompatibilityChangeReporter: Compat change id reported: 135549675; UID 10029; state: ENABLED
06-09 08:54:18.108   529   529 D CompatibilityChangeReporter: Compat change id reported: 135549675; UID 10032; state: ENABLED
06-09 08:54:18.109   529   529 D CompatibilityChangeReporter: Compat change id reported: 135549675; UID 10031; state: ENABLED
06-09 08:54:18.112   529   529 D CompatibilityChangeReporter: Compat change id reported: 135549675; UID 10034; state: ENABLED
06-09 08:54:18.113   529   529 D CompatibilityChangeReporter: Compat change id reported: 135549675; UID 10030; state: ENABLED
06-09 08:54:18.116   529   529 D CompatibilityChangeReporter: Compat change id reported: 135549675; UID 10033; state: ENABLED
06-09 08:54:18.118   529   529 D CompatibilityChangeReporter: Compat change id reported: 135549675; UID 10035; state: ENABLED
06-09 08:54:18.120   529   529 D CompatibilityChangeReporter: Compat change id reported: 135549675; UID 10036; state: ENABLED
06-09 08:54:18.121   529   529 D CompatibilityChangeReporter: Compat change id reported: 135549675; UID 10040; state: ENABLED
06-09 08:54:18.122   529   529 D CompatibilityChangeReporter: Compat change id reported: 135549675; UID 10038; state: ENABLED
06-09 08:54:18.123   529   529 D CompatibilityChangeReporter: Compat change id reported: 135549675; UID 10041; state: ENABLED
06-09 08:54:18.124   529   529 D CompatibilityChangeReporter: Compat change id reported: 135549675; UID 10037; state: ENABLED
06-09 08:54:18.125   529   529 D CompatibilityChangeReporter: Compat change id reported: 135549675; UID 10043; state: ENABLED
06-09 08:54:18.126   529   529 D CompatibilityChangeReporter: Compat change id reported: 135549675; UID 10039; state: ENABLED
06-09 08:54:18.126   529   529 D CompatibilityChangeReporter: Compat change id reported: 135549675; UID 10042; state: ENABLED
06-09 08:54:18.127   529   529 D CompatibilityChangeReporter: Compat change id reported: 135549675; UID 10044; state: ENABLED
06-09 08:54:18.128   529   529 D CompatibilityChangeReporter: Compat change id reported: 135549675; UID 10045; state: ENABLED
06-09 08:54:18.129   529   529 D CompatibilityChangeReporter: Compat change id reported: 135549675; UID 10046; state: ENABLED
06-09 08:54:18.130   529   529 D CompatibilityChangeReporter: Compat change id reported: 135549675; UID 10047; state: ENABLED
06-09 08:54:18.131   529   529 D CompatibilityChangeReporter: Compat change id reported: 135549675; UID 10051; state: ENABLED
06-09 08:54:18.132   529   529 D CompatibilityChangeReporter: Compat change id reported: 135549675; UID 10049; state: ENABLED
06-09 08:54:18.134   529   529 D CompatibilityChangeReporter: Compat change id reported: 135549675; UID 10050; state: ENABLED
06-09 08:54:18.135   529   529 D CompatibilityChangeReporter: Compat change id reported: 135549675; UID 10048; state: ENABLED
06-09 08:54:18.136   529   529 D CompatibilityChangeReporter: Compat change id reported: 135549675; UID 10052; state: ENABLED
06-09 08:54:18.138   529   529 D CompatibilityChangeReporter: Compat change id reported: 135549675; UID 10053; state: ENABLED
06-09 08:54:18.140   529   529 D CompatibilityChangeReporter: Compat change id reported: 135549675; UID 10054; state: ENABLED
06-09 08:54:18.141   529   529 D CompatibilityChangeReporter: Compat change id reported: 135549675; UID 10055; state: ENABLED
06-09 08:54:18.142   529   529 D CompatibilityChangeReporter: Compat change id reported: 135549675; UID 10056; state: ENABLED
06-09 08:54:18.143   529   529 D CompatibilityChangeReporter: Compat change id reported: 135549675; UID 10057; state: ENABLED
06-09 08:54:18.144   529   529 D CompatibilityChangeReporter: Compat change id reported: 135549675; UID 10058; state: ENABLED
06-09 08:54:18.145   529   529 D CompatibilityChangeReporter: Compat change id reported: 135549675; UID 10059; state: ENABLED
06-09 08:54:18.146   529   529 D CompatibilityChangeReporter: Compat change id reported: 135549675; UID 10060; state: ENABLED
06-09 08:54:18.150   529   529 W PackageManager: Failed to parse /system/framework/x86: Missing base APK in /system/framework/x86
06-09 08:54:18.157   529   529 W PackageManager: Failed to parse /system/framework/oat: Missing base APK in /system/framework/oat/x86
06-09 08:54:18.171   529   529 D CompatibilityChangeReporter: Compat change id reported: 135549675; UID 1000; state: ENABLED
06-09 08:54:18.195   529   529 D CompatibilityChangeReporter: Compat change id reported: 135549675; UID 10061; state: ENABLED
06-09 08:54:18.202   529   529 D CompatibilityChangeReporter: Compat change id reported: 135549675; UID 10064; state: ENABLED
