06-09 08:54:22.010   529   529 I SystemServerTiming: PhaseActivityManagerReady
06-09 08:54:22.010   529   529 I SystemServerTiming: controllersReady
06-09 08:54:22.014   529   598 I SystemServerTimingAsync: InitThreadPoolExec:Update app-ops uidState in case package com.google.android.providers.media.module changed
06-09 08:54:22.014   529   582 I SystemServerTimingAsync: InitThreadPoolExec:Update app-ops uidState in case package com.google.android.cellbroadcastreceiver changed
06-09 08:54:22.014   529   588 I SystemServerTimingAsync: InitThreadPoolExec:Update app-ops uidState in case package com.android.systemui changed
06-09 08:54:22.014   529   553 I SystemServerTimingAsync: InitThreadPoolExec:Update app-ops uidState in case package com.google.android.apps.wallpaper changed
06-09 08:54:22.015   529   553 I SystemServerTimingAsync: InitThreadPoolExec:Update app-ops uidState in case package com.google.android.apps.nexuslauncher changed
06-09 08:54:22.015   529   553 I SystemServerTimingAsync: InitThreadPoolExec:Update app-ops uidState in case package com.google.android.apps.maps changed
06-09 08:54:22.015   529   588 I SystemServerTimingAsync: InitThreadPoolExec:Update app-ops uidState in case package com.google.android.deskclock changed
06-09 08:54:22.015   529   553 I SystemServerTimingAsync: InitThreadPoolExec:Update app-ops uidState in case package com.google.android.syncadapters.contacts changed
06-09 08:54:22.016   529   582 I SystemServerTimingAsync: InitThreadPoolExec:Update app-ops uidState in case package com.google.android.gm changed
06-09 08:54:22.016   529   598 I SystemServerTimingAsync: InitThreadPoolExec:Update app-ops uidState in case package com.google.android.calendar changed
06-09 08:54:22.016   529   582 I SystemServerTimingAsync: InitThreadPoolExec:Update app-ops uidState in case package com.google.android.videos changed
06-09 08:54:22.016   529   598 I SystemServerTimingAsync: InitThreadPoolExec:Update app-ops uidState in case package com.google.android.inputmethod.latin changed
06-09 08:54:22.016   529   598 I SystemServerTimingAsync: InitThreadPoolExec:Update app-ops uidState in case package com.google.android.apps.photos changed
06-09 08:54:22.016   529   598 I SystemServerTimingAsync: InitThreadPoolExec:Update app-ops uidState in case package com.google.android.apps.docs changed
06-09 08:54:22.016   529   598 I SystemServerTimingAsync: InitThreadPoolExec:Update app-ops uidState in case package com.google.android.apps.tachyon changed
06-09 08:54:22.016   529   598 I SystemServerTimingAsync: InitThreadPoolExec:Update app-ops uidState in case package com.google.android.apps.youtube.music changed
06-09 08:54:22.016   529   598 I SystemServerTimingAsync: InitThreadPoolExec:Update app-ops uidState in case package com.google.android.gms changed
06-09 08:54:22.017   529   598 I SystemServerTimingAsync: InitThreadPoolExec:Update app-ops uidState in case package com.google.android.googlequicksearchbox changed
06-09 08:54:22.017   529   598 I SystemServerTimingAsync: InitThreadPoolExec:Update app-ops uidState in case package com.google.android.apps.wellbeing changed
06-09 08:54:22.017   529   598 I SystemServerTimingAsync: InitThreadPoolExec:Update app-ops uidState in case package com.android.dialer changed
06-09 08:54:22.017   529   598 I SystemServerTimingAsync: InitThreadPoolExec:Update app-ops uidState in case package com.google.android.ims changed
06-09 08:54:22.017   529   598 I SystemServerTimingAsync: InitThreadPoolExec:Update app-ops uidState in case package com.android.vending changed
06-09 08:54:22.018   529   598 I SystemServerTimingAsync: InitThreadPoolExec:Update app-ops uidState in case package com.google.android.setupwizard changed
06-09 08:54:22.018   529   598 I SystemServerTimingAsync: InitThreadPoolExec:Update app-ops uidState in case package com.android.providers.calendar changed
06-09 08:54:22.018   529   598 I SystemServerTimingAsync: InitThreadPoolExec:Update app-ops uidState in case package com.android.cellbroadcastreceiver changed
06-09 08:54:22.018   529   598 I SystemServerTimingAsync: InitThreadPoolExec:Update app-ops uidState in case package com.android.providers.blockednumber changed
06-09 08:54:22.018   529   598 I SystemServerTimingAsync: InitThreadPoolExec:Update app-ops uidState in case package com.android.providers.contacts changed
06-09 08:54:22.018   529   598 I SystemServerTimingAsync: InitThreadPoolExec:Update app-ops uidState in case package com.android.shell changed
06-09 08:54:22.018   529   598 I SystemServerTimingAsync: InitThreadPoolExec:Update app-ops uidState in case package com.google.android.cellbroadcastservice changed
06-09 08:54:22.018   529   598 I SystemServerTimingAsync: InitThreadPoolExec:Update app-ops uidState in case package com.android.bluetooth changed
06-09 08:54:22.018   529   598 I SystemServerTimingAsync: InitThreadPoolExec:Update app-ops uidState in case package com.android.phone changed
06-09 08:54:22.019   529   529 I SystemServerTiming: killProcesses
06-09 08:54:22.019   529   529 I ActivityManager: System now ready
06-09 08:54:22.019   529   588 I SystemServerTimingAsync: InitThreadPoolExec:Update app-ops uidState in case package com.google.android.youtube changed
06-09 08:54:22.019   529   588 I SystemServerTimingAsync: InitThreadPoolExec:Update app-ops uidState in case package com.android.server.telecom changed
06-09 08:54:22.019   529   588 I SystemServerTimingAsync: InitThreadPoolExec:Update app-ops uidState in case package com.android.settings changed
06-09 08:54:22.019   529   582 I SystemServerTimingAsync: InitThreadPoolExec:Update app-ops uidState in case package com.android.chrome changed
06-09 08:54:22.019   529   553 I SystemServerTimingAsync: InitThreadPoolExec:Update app-ops uidState in case package com.google.android.apps.messaging changed
06-09 08:54:22.019   529   529 I SystemServerTiming: updateTopComponentForFactoryTest
06-09 08:54:22.019   529   598 I SystemServerTimingAsync: InitThreadPoolExec:Update app-ops uidState in case package android changed
06-09 08:54:22.019   529   529 I SystemServerTiming: registerActivityLaunchObserver
06-09 08:54:22.020   529   529 I SystemServerTiming: watchDeviceProvisioning
06-09 08:54:22.038   529   529 I SystemServerTiming: retrieveSettings
06-09 08:54:22.041   529   529 I SystemServerTiming: Ugm.onSystemReady
06-09 08:54:22.042   529   529 I SystemServerTiming: updateForceBackgroundCheck
06-09 08:54:22.042   529   529 I SystemServer: Making services ready
06-09 08:54:22.042   529   529 I SystemServerTiming: StartActivityManagerReadyPhase
06-09 08:54:22.042   529   529 I SystemServiceManager: Starting phase 550
06-09 08:54:22.042   529   529 I SystemServerTiming: OnBootPhase_550
06-09 08:54:22.042   529   529 I SystemServerTiming: OnBootPhase_550_com.android.server.security.FileIntegrityService
06-09 08:54:22.042   529   529 I SystemServerTiming: OnBootPhase_550_com.android.server.pm.Installer
06-09 08:54:22.042   529   529 I SystemServerTiming: OnBootPhase_550_com.android.server.os.DeviceIdentifiersPolicyService
06-09 08:54:22.043   529   529 I SystemServerTiming: OnBootPhase_550_com.android.server.uri.UriGrantsManagerService$Lifecycle
06-09 08:54:22.043   529   529 I SystemServerTiming: OnBootPhase_550_com.android.server.wm.ActivityTaskManagerService$Lifecycle
06-09 08:54:22.043   529   529 I SystemServerTiming: OnBootPhase_550_com.android.server.am.ActivityManagerService$Lifecycle
06-09 08:54:22.044   529   529 I SystemServerTiming: OnBootPhase_550_com.android.server.pm.DataLoaderManagerService
06-09 08:54:22.044   529   529 I SystemServerTiming: OnBootPhase_550_com.android.server.power.PowerManagerService
06-09 08:54:22.044   529   529 I SystemServerTiming: OnBootPhase_550_com.android.server.power.ThermalManagerService
06-09 08:54:22.047   529   529 I ThermalHalWrapper: Thermal HAL 2.0 service connected.
06-09 08:54:22.050   529   529 I SystemServerTiming: OnBootPhase_550_com.android.server.recoverysystem.RecoverySystemService$Lifecycle
06-09 08:54:22.050   529   529 I SystemServerTiming: OnBootPhase_550_com.android.server.lights.LightsService
06-09 08:54:22.050   529   529 I SystemServerTiming: OnBootPhase_550_com.android.server.display.DisplayManagerService
06-09 08:54:22.050   529   529 I SystemServerTiming: OnBootPhase_550_com.android.server.pm.UserManagerService$LifeCycle
06-09 08:54:22.050   529   529 I SystemServerTiming: OnBootPhase_550_com.android.server.om.OverlayManagerService
06-09 08:54:22.050   529   529 I SystemServerTiming: OnBootPhase_550_com.android.server.SensorPrivacyService
06-09 08:54:22.050   529   529 I SystemServerTiming: OnBootPhase_550_com.android.server.SystemConfigService
06-09 08:54:22.051   529   529 I SystemServerTiming: OnBootPhase_550_com.android.server.BatteryService
06-09 08:54:22.052   529   529 I SystemServerTiming: OnBootPhase_550_com.android.server.usage.UsageStatsService
06-09 08:54:22.052   529   529 I SystemServerTiming: OnBootPhase_550_com.android.server.webkit.WebViewUpdateService
06-09 08:54:22.053   529   529 I SystemServerTiming: OnBootPhase_550_com.android.server.CachedDeviceStateService
06-09 08:54:22.053   529   529 I SystemServerTiming: OnBootPhase_550_com.android.server.BinderCallsStatsService$LifeCycle
06-09 08:54:22.053   529   529 I SystemServerTiming: OnBootPhase_550_com.android.server.LooperStatsService$Lifecycle
06-09 08:54:22.053   529   529 I SystemServerTiming: OnBootPhase_550_com.android.server.rollback.RollbackManagerService
06-09 08:54:22.053   529   529 I SystemServerTiming: OnBootPhase_550_com.android.server.os.BugreportManagerService
06-09 08:54:22.053   529   529 I SystemServerTiming: OnBootPhase_550_com.android.server.gpu.GpuService
06-09 08:54:22.053   529   529 I SystemServerTiming: OnBootPhase_550_com.android.server.security.KeyChainSystemService
06-09 08:54:22.053   529   529 I SystemServerTiming: OnBootPhase_550_com.android.server.telecom.TelecomLoaderService
06-09 08:54:22.054   529   529 W ActivityManager: Too early to start/bind service in system_server: Phase=550 ComponentInfo{com.android.server.telecom/com.android.server.telecom.components.TelecomService}
06-09 08:54:22.055   529   529 W ActivityManager: Too early to start/bind service in system_server: Phase=550 ComponentInfo{com.android.server.telecom/com.android.server.telecom.components.TelecomService}
06-09 08:54:22.056   529   529 I SystemServerTiming: OnBootPhase_550_com.android.server.accounts.AccountManagerService$Lifecycle
06-09 08:54:22.056   529   529 I SystemServerTiming: OnBootPhase_550_com.android.server.content.ContentService$Lifecycle
06-09 08:54:22.061   529   529 I SyncManager: No initial accounts
06-09 08:54:22.064   529   529 I SystemServerTiming: OnBootPhase_550_com.android.server.DropBoxManagerService
06-09 08:54:22.065   529   529 I SystemServerTiming: OnBootPhase_550_com.android.server.AlarmManagerService
06-09 08:54:22.065   529   529 I SystemServerTiming: OnBootPhase_550_com.android.server.BluetoothService
06-09 08:54:22.065   529   529 D BluetoothManagerService: Bluetooth boot completed
06-09 08:54:22.065   529   529 D BluetoothManagerService: Auto-enabling Bluetooth.
06-09 08:54:22.065   529   548 D BluetoothManagerService: MESSAGE_ENABLE(0): mBluetooth = null
06-09 08:54:22.065   529   548 D BluetoothManagerService: binding Bluetooth service
06-09 08:54:22.075   529   548 D CompatibilityChangeReporter: Compat change id reported: 135634846; UID 1002; state: DISABLED
06-09 08:54:22.076   529   529 I SystemServerTiming: OnBootPhase_550_com.android.server.connectivity.IpConnectivityMetrics
06-09 08:54:22.077   529   529 I SystemServerTiming: OnBootPhase_550_com.android.server.net.watchlist.NetworkWatchlistService$Lifecycle
06-09 08:54:22.084   529   529 I SystemServerTiming: OnBootPhase_550_com.android.server.PinnerService
06-09 08:54:22.084   529   529 I SystemServerTiming: OnBootPhase_550_com.google.android.startop.iorap.IorapForwardingService
06-09 08:54:22.084   529   529 I SystemServerTiming: OnBootPhase_550_com.android.server.integrity.AppIntegrityManagerService
06-09 08:54:22.084   529   529 I SystemServerTiming: OnBootPhase_550_com.android.server.inputmethod.InputMethodManagerService$Lifecycle
06-09 08:54:22.091   529   558 I ActivityManager: Start proc 681:com.android.bluetooth/1002 for service {com.android.bluetooth/com.android.bluetooth.btservice.AdapterService}
06-09 08:54:22.103   529   529 I SystemServerTiming: OnBootPhase_550_com.android.server.accessibility.AccessibilityManagerService$Lifecycle
06-09 08:54:22.104   529   529 I SystemServerTiming: OnBootPhase_550_com.android.server.StorageManagerService$Lifecycle
06-09 08:54:22.104   529   529 I SystemServerTiming: OnBootPhase_550_com.android.server.usage.StorageStatsService$Lifecycle
06-09 08:54:22.104   529   529 I SystemServerTiming: OnBootPhase_550_com.android.server.UiModeManagerService
06-09 08:54:22.104   529   529 I SystemServerTiming: OnBootPhase_550_com.android.server.locksettings.LockSettingsService$Lifecycle
06-09 08:54:22.105   529   529 I SystemServerTiming: OnBootPhase_550_com.android.server.testharness.TestHarnessModeService
06-09 08:54:22.105   529   529 I SystemServerTiming: OnBootPhase_550_com.android.server.DeviceIdleController
06-09 08:54:22.105   529   529 I SystemServerTiming: OnBootPhase_550_com.android.server.devicepolicy.DevicePolicyManagerService$Lifecycle
06-09 08:54:22.106   529   616 D StorageManagerService: Isolated storage local flag 0 and remote flag 0 resolved to true
06-09 08:54:22.106   529   529 I SystemServerTiming: OnBootPhase_550_com.android.server.contentcapture.ContentCaptureManagerService
06-09 08:54:22.106   529   529 I SystemServerTiming: OnBootPhase_550_com.android.server.systemcaptions.SystemCaptionsManagerService
06-09 08:54:22.107   529   529 I SystemServerTiming: OnBootPhase_550_com.android.server.appprediction.AppPredictionManagerService
06-09 08:54:22.107   529   529 I SystemServerTiming: OnBootPhase_550_com.android.server.contentsuggestions.ContentSuggestionsManagerService
06-09 08:54:22.107   529   529 I SystemServerTiming: OnBootPhase_550_com.android.server.textservices.TextServicesManagerService$Lifecycle
06-09 08:54:22.107   529   529 I SystemServerTiming: OnBootPhase_550_com.android.server.textclassifier.TextClassificationManagerService$Lifecycle
06-09 08:54:22.107   529   529 I SystemServerTiming: OnBootPhase_550_com.android.server.NetworkScoreService$Lifecycle
06-09 08:54:22.107   529   529 I SystemServerTiming: OnBootPhase_550_com.android.server.wifi.WifiService
06-09 08:54:22.108   529   529 I SystemServerTiming: OnBootPhase_550_com.android.server.wifi.scanner.WifiScanningService
06-09 08:54:22.108   529   529 I SystemServerTiming: OnBootPhase_550_com.android.server.wifi.p2p.WifiP2pService
06-09 08:54:22.108   529   529 I SystemServerTiming: OnBootPhase_550_com.android.server.notification.NotificationManagerService
06-09 08:54:22.108   529   529 I SystemServerTiming: OnBootPhase_550_com.android.server.storage.DeviceStorageMonitorService
06-09 08:54:22.108   529   529 I SystemServerTiming: OnBootPhase_550_com.android.server.location.LocationManagerService$Lifecycle
06-09 08:54:22.109   529   529 I SystemServerTiming: OnBootPhase_550_com.android.server.timedetector.TimeDetectorService$Lifecycle
06-09 08:54:22.109   529   529 I SystemServerTiming: OnBootPhase_550_com.android.server.timezonedetector.TimeZoneDetectorService$Lifecycle
06-09 08:54:22.109   529   529 I SystemServerTiming: OnBootPhase_550_com.android.server.search.SearchManagerService$Lifecycle
06-09 08:54:22.109   529   529 I SystemServerTiming: OnBootPhase_550_com.android.server.wallpaper.WallpaperManagerService$Lifecycle
06-09 08:54:22.110   529   529 I WallpaperManagerService: No static wallpaper imagery; defaults will be shown
06-09 08:54:22.110   529   529 V WallpaperManagerService: bindWallpaperComponentLocked: componentName=ComponentInfo{com.android.systemui/com.android.systemui.ImageWallpaper}
06-09 08:54:22.115   529   529 D CompatibilityChangeReporter: Compat change id reported: 135634846; UID 10144; state: DISABLED
06-09 08:54:22.116   529   558 D CompatibilityChangeReporter: Compat change id reported: 143937733; UID 10144; state: ENABLED
06-09 08:54:22.118   529   529 W WallpaperManagerService: Invalid wallpaper data
06-09 08:54:22.118   529   529 E WallpaperManagerService: Unable to apply new wallpaper
06-09 08:54:22.119   529   529 I SystemServerTiming: OnBootPhase_550_com.android.server.audio.AudioService$Lifecycle
06-09 08:54:22.119   529   529 I SystemServerTiming: OnBootPhase_550_com.android.server.soundtrigger_middleware.SoundTriggerMiddlewareService$Lifecycle
06-09 08:54:22.119   529   529 I SystemServerTiming: OnBootPhase_550_com.android.server.DockObserver
06-09 08:54:22.119   529   529 I SystemServerTiming: OnBootPhase_550_com.android.server.midi.MidiService$Lifecycle
06-09 08:54:22.120   529   529 I SystemServerTiming: OnBootPhase_550_com.android.server.adb.AdbService$Lifecycle
06-09 08:54:22.120   529   529 I SystemServerTiming: OnBootPhase_550_com.android.server.usb.UsbService$Lifecycle
06-09 08:54:22.121   529   588 I SystemServerTimingAsync: InitThreadPoolExec:UsbService$Lifecycle#onBootPhase
06-09 08:54:22.121   529   529 I SystemServerTiming: OnBootPhase_550_com.android.server.twilight.TwilightService
06-09 08:54:22.121   529   529 I SystemServerTiming: OnBootPhase_550_com.android.server.display.color.ColorDisplayService
06-09 08:54:22.121   529   529 I SystemServerTiming: OnBootPhase_550_com.android.server.job.JobSchedulerService
06-09 08:54:22.121   529   529 I SystemServerTiming: OnBootPhase_550_com.android.server.soundtrigger.SoundTriggerService
06-09 08:54:22.121   529   529 D SoundTriggerService: onBootPhase: 550 : false
06-09 08:54:22.121   529   529 I SystemServerTiming: OnBootPhase_550_com.android.server.trust.TrustManagerService
06-09 08:54:22.121   529   529 I SystemServerTiming: OnBootPhase_550_com.android.server.backup.BackupManagerService$Lifecycle
06-09 08:54:22.122   529   529 I SystemServerTiming: OnBootPhase_550_com.android.server.appwidget.AppWidgetService
06-09 08:54:22.122   529   529 I SystemServerTiming: OnBootPhase_550_com.android.server.role.RoleManagerService
06-09 08:54:22.122   529   529 I SystemServerTiming: OnBootPhase_550_com.android.server.voiceinteraction.VoiceInteractionManagerService
06-09 08:54:22.122   529   529 I SystemServerTiming: OnBootPhase_550_com.android.server.GestureLauncherService
06-09 08:54:22.122   529   529 I SystemServerTiming: OnBootPhase_550_com.android.server.SensorNotificationService
06-09 08:54:22.122   529   529 I SystemServerTiming: OnBootPhase_550_com.android.server.emergency.EmergencyAffordanceService
06-09 08:54:22.122   529   529 I SystemServerTiming: OnBootPhase_550_com.android.server.dreams.DreamManagerService
06-09 08:54:22.122   529   529 I SystemServerTiming: OnBootPhase_550_com.android.server.print.PrintManagerService
06-09 08:54:22.122   529   529 I SystemServerTiming: OnBootPhase_550_com.android.server.blob.BlobStoreManagerService
06-09 08:54:22.123   529   529 I SystemServerTiming: OnBootPhase_550_com.android.server.companion.CompanionDeviceManagerService
06-09 08:54:22.123   529   529 I SystemServerTiming: OnBootPhase_550_com.android.server.restrictions.RestrictionsManagerService
06-09 08:54:22.123   529   529 I SystemServerTiming: OnBootPhase_550_com.android.server.media.MediaSessionService
06-09 08:54:22.123   529   529 I SystemServerTiming: OnBootPhase_550_com.android.server.media.MediaResourceMonitorService
06-09 08:54:22.124   529   529 I SystemServerTiming: OnBootPhase_550_com.android.server.biometrics.fingerprint.FingerprintService
06-09 08:54:22.124   529   529 I SystemServerTiming: OnBootPhase_550_com.android.server.biometrics.BiometricService
06-09 08:54:22.124   529   529 I SystemServerTiming: OnBootPhase_550_com.android.server.biometrics.AuthService
06-09 08:54:22.124   529   529 I SystemServerTiming: OnBootPhase_550_com.android.server.pm.ShortcutService$Lifecycle
06-09 08:54:22.124   529   529 I SystemServerTiming: OnBootPhase_550_com.android.server.pm.LauncherAppsService
06-09 08:54:22.124   529   529 I SystemServerTiming: OnBootPhase_550_com.android.server.pm.CrossProfileAppsService
06-09 08:54:22.125   529   529 I SystemServerTiming: OnBootPhase_550_com.android.server.people.PeopleService
06-09 08:54:22.125   529   529 I SystemServerTiming: OnBootPhase_550_com.android.server.media.projection.MediaProjectionManagerService
06-09 08:54:22.125   529   529 I SystemServerTiming: OnBootPhase_550_com.android.server.slice.SliceManagerService$Lifecycle
06-09 08:54:22.126   529   529 I SystemServerTiming: OnBootPhase_550_com.android.server.camera.CameraServiceProxy
06-09 08:54:22.126   529   529 I SystemServerTiming: OnBootPhase_550_com.android.server.stats.StatsCompanion$Lifecycle
06-09 08:54:22.126   529   529 I SystemServerTiming: OnBootPhase_550_com.android.server.stats.pull.StatsPullAtomService
06-09 08:54:22.126   529   529 I SystemServerTiming: OnBootPhase_550_com.android.server.incident.IncidentCompanionService
06-09 08:54:22.126   529   529 I SystemServerTiming: OnBootPhase_550_com.android.server.MmsServiceBroker
06-09 08:54:22.126   529   529 I SystemServerTiming: OnBootPhase_550_com.android.server.autofill.AutofillManagerService
06-09 08:54:22.126   529   529 I SystemServerTiming: OnBootPhase_550_com.android.server.clipboard.ClipboardService
06-09 08:54:22.126   529   529 I SystemServerTiming: OnBootPhase_550_com.android.server.appbinding.AppBindingService$Lifecycle
06-09 08:54:22.128   529   529 I AppBindingService: Updating constants with: null
06-09 08:54:22.128   529   529 I SystemServerTiming: OnBootPhase_550_com.android.server.policy.PermissionPolicyService
06-09 08:54:22.128   529   564 E UsbPortManager: port status enquiry failed
06-09 08:54:22.129   529   645 D BluetoothManagerService: Creating new ProfileServiceConnections object for profile: 1
06-09 08:54:22.129   529   645 D BluetoothManagerService: Unable to bindService while Bluetooth is disabled
06-09 08:54:22.133   529   558 I ActivityManager: Start proc 697:com.android.systemui/u0a144 for service {com.android.systemui/com.android.systemui.ImageWallpaper}
06-09 08:54:22.194   529   529 I PackageManager: Permission ownership changed. Updating all permissions.
06-09 08:54:22.261   529   529 W SystemServiceManager: Service com.android.server.policy.PermissionPolicyService took 133 ms in onBootPhase
06-09 08:54:22.262   529   529 I SystemServerTiming: OnBootPhase_550_com.android.server.pm.StagingManager$Lifecycle
06-09 08:54:22.262   529   529 I SystemServerTiming: StartObservingNativeCrashes
06-09 08:54:22.263   529   529 I SystemServerTiming: StartSystemUI
06-09 08:54:22.263   529   582 I SystemServerTimingAsync: InitThreadPoolExec:WebViewFactoryPreparation
06-09 08:54:22.263   529   582 I SystemServer: WebViewFactoryPreparation
06-09 08:54:22.263   529   617 W ActivityManager: Slow operation: 88ms so far, now at attachApplicationLocked: after mServices.attachApplicationLocked
06-09 08:54:22.263   529   582 I SystemServerTimingAsync: WebViewFactoryPreparation
06-09 08:54:22.293   529   529 I SystemServerTiming: MakeNetworkManagementServiceReady
06-09 08:54:22.301   529   529 I SystemServerTiming: MakeIpSecServiceReady
06-09 08:54:22.306   529   558 I ActivityManager: Start proc 737:WebViewLoader-x86/1037 [android.webkit.WebViewLibraryLoader$RelroFileCreator] for null
06-09 08:54:22.312   529   529 D IpSecService: IpSecService is ready
06-09 08:54:22.312   529   529 I SystemServerTiming: MakeNetworkStatsServiceReady
06-09 08:54:22.312   529   625 W NetworkPolicy: setRestrictBackgroundUL: already false
06-09 08:54:22.376   529   529 I SystemServerTiming: MakeConnectivityServiceReady
06-09 08:54:22.433   529   529 I SystemServerTiming: MakeNetworkPolicyServiceReady
06-09 08:54:22.437   529   634 D ConnectivityService: NetReassign [no changes]
06-09 08:54:22.441   529   634 I chatty  : uid=1000(system) ConnectivitySer identical 1 line
06-09 08:54:22.493   529   634 D ConnectivityService: NetReassign [no changes]
06-09 08:54:22.497   529   529 I SystemServerTiming: PhaseThirdPartyAppsCanStart
06-09 08:54:22.497   529   529 I SystemServiceManager: Starting phase 600
06-09 08:54:22.497   529   529 I SystemServerTiming: OnBootPhase_600
06-09 08:54:22.497   529   529 I SystemServerTiming: OnBootPhase_600_com.android.server.security.FileIntegrityService
06-09 08:54:22.497   529   529 I SystemServerTiming: OnBootPhase_600_com.android.server.pm.Installer
06-09 08:54:22.497   529   529 I SystemServerTiming: OnBootPhase_600_com.android.server.os.DeviceIdentifiersPolicyService
06-09 08:54:22.497   529   529 I SystemServerTiming: OnBootPhase_600_com.android.server.uri.UriGrantsManagerService$Lifecycle
06-09 08:54:22.498   529   529 I SystemServerTiming: OnBootPhase_600_com.android.server.wm.ActivityTaskManagerService$Lifecycle
06-09 08:54:22.498   529   529 I SystemServerTiming: OnBootPhase_600_com.android.server.am.ActivityManagerService$Lifecycle
06-09 08:54:22.498   529   529 I ExplicitHealthCheckController: Explicit health checks enabled.
06-09 08:54:22.498   529   529 I PackageWatchdog: Syncing state, reason: health check state enabled
06-09 08:54:22.498   529   529 I PackageWatchdog: Not pruning observers, elapsed time: 0ms
06-09 08:54:22.499   529   529 I PackageWatchdog: Cancelling state sync, nothing to sync
06-09 08:54:22.499   529   529 I SystemServerTiming: OnBootPhase_600_com.android.server.pm.DataLoaderManagerService
06-09 08:54:22.500   529   556 I PackageWatchdog: Saving observer state to file
06-09 08:54:22.500   529   529 I SystemServerTiming: OnBootPhase_600_com.android.server.power.PowerManagerService
06-09 08:54:22.507   529   529 I SystemServerTiming: OnBootPhase_600_com.android.server.power.ThermalManagerService
06-09 08:54:22.507   529   529 I SystemServerTiming: OnBootPhase_600_com.android.server.recoverysystem.RecoverySystemService$Lifecycle
06-09 08:54:22.507   529   529 I SystemServerTiming: OnBootPhase_600_com.android.server.lights.LightsService
06-09 08:54:22.508   529   529 I SystemServerTiming: OnBootPhase_600_com.android.server.display.DisplayManagerService
06-09 08:54:22.508   529   529 I SystemServerTiming: OnBootPhase_600_com.android.server.pm.UserManagerService$LifeCycle
06-09 08:54:22.508   529   529 I SystemServerTiming: OnBootPhase_600_com.android.server.om.OverlayManagerService
06-09 08:54:22.508   529   529 I SystemServerTiming: OnBootPhase_600_com.android.server.SensorPrivacyService
06-09 08:54:22.508   529   529 I SystemServerTiming: OnBootPhase_600_com.android.server.SystemConfigService
06-09 08:54:22.508   529   529 I SystemServerTiming: OnBootPhase_600_com.android.server.BatteryService
06-09 08:54:22.509   529   529 I SystemServerTiming: OnBootPhase_600_com.android.server.usage.UsageStatsService
06-09 08:54:22.509   529   529 I SystemServerTiming: OnBootPhase_600_com.android.server.webkit.WebViewUpdateService
06-09 08:54:22.509   529   529 I SystemServerTiming: OnBootPhase_600_com.android.server.CachedDeviceStateService
06-09 08:54:22.509   529   529 I SystemServerTiming: OnBootPhase_600_com.android.server.BinderCallsStatsService$LifeCycle
06-09 08:54:22.509   529   529 I SystemServerTiming: OnBootPhase_600_com.android.server.LooperStatsService$Lifecycle
06-09 08:54:22.509   529   529 I SystemServerTiming: OnBootPhase_600_com.android.server.rollback.RollbackManagerService
06-09 08:54:22.509   529   529 I SystemServerTiming: OnBootPhase_600_com.android.server.os.BugreportManagerService
06-09 08:54:22.509   529   529 I SystemServerTiming: OnBootPhase_600_com.android.server.gpu.GpuService
06-09 08:54:22.510   529   529 I SystemServerTiming: OnBootPhase_600_com.android.server.security.KeyChainSystemService
06-09 08:54:22.510   529   529 I SystemServerTiming: OnBootPhase_600_com.android.server.telecom.TelecomLoaderService
06-09 08:54:22.510   529   529 I SystemServerTiming: OnBootPhase_600_com.android.server.accounts.AccountManagerService$Lifecycle
06-09 08:54:22.510   529   529 I SystemServerTiming: OnBootPhase_600_com.android.server.content.ContentService$Lifecycle
06-09 08:54:22.510   529   529 I SystemServerTiming: OnBootPhase_600_com.android.server.DropBoxManagerService
06-09 08:54:22.510   529   529 I SystemServerTiming: OnBootPhase_600_com.android.server.AlarmManagerService
06-09 08:54:22.510   529   529 I SystemServerTiming: OnBootPhase_600_com.android.server.BluetoothService
06-09 08:54:22.510   529   529 I SystemServerTiming: OnBootPhase_600_com.android.server.connectivity.IpConnectivityMetrics
06-09 08:54:22.510   529   529 I SystemServerTiming: OnBootPhase_600_com.android.server.net.watchlist.NetworkWatchlistService$Lifecycle
06-09 08:54:22.511   529   529 I SystemServerTiming: OnBootPhase_600_com.android.server.PinnerService
06-09 08:54:22.511   529   529 I SystemServerTiming: OnBootPhase_600_com.google.android.startop.iorap.IorapForwardingService
06-09 08:54:22.511   529   529 I SystemServerTiming: OnBootPhase_600_com.android.server.integrity.AppIntegrityManagerService
06-09 08:54:22.511   529   529 I SystemServerTiming: OnBootPhase_600_com.android.server.inputmethod.InputMethodManagerService$Lifecycle
06-09 08:54:22.511   529   529 I SystemServerTiming: OnBootPhase_600_com.android.server.accessibility.AccessibilityManagerService$Lifecycle
06-09 08:54:22.511   529   529 I SystemServerTiming: OnBootPhase_600_com.android.server.StorageManagerService$Lifecycle
06-09 08:54:22.511   529   529 I SystemServerTiming: OnBootPhase_600_com.android.server.usage.StorageStatsService$Lifecycle
06-09 08:54:22.511   529   529 I SystemServerTiming: OnBootPhase_600_com.android.server.UiModeManagerService
06-09 08:54:22.511   529   529 I SystemServerTiming: OnBootPhase_600_com.android.server.locksettings.LockSettingsService$Lifecycle
06-09 08:54:22.512   529   529 I SystemServerTiming: OnBootPhase_600_com.android.server.testharness.TestHarnessModeService
06-09 08:54:22.512   529   529 I SystemServerTiming: OnBootPhase_600_com.android.server.DeviceIdleController
06-09 08:54:22.512   529   529 I SystemServerTiming: OnBootPhase_600_com.android.server.devicepolicy.DevicePolicyManagerService$Lifecycle
06-09 08:54:22.512   529   529 I SystemServerTiming: OnBootPhase_600_com.android.server.contentcapture.ContentCaptureManagerService
06-09 08:54:22.514   529   544 I ActivityManager: Process WebViewLoader-x86 (pid 737) has died: psvc PER 
06-09 08:54:22.519   529   529 I SystemServerTiming: OnBootPhase_600_com.android.server.systemcaptions.SystemCaptionsManagerService
06-09 08:54:22.519   529   529 I SystemServerTiming: OnBootPhase_600_com.android.server.appprediction.AppPredictionManagerService
06-09 08:54:22.520   529   529 I SystemServerTiming: OnBootPhase_600_com.android.server.contentsuggestions.ContentSuggestionsManagerService
06-09 08:54:22.520   529   529 I SystemServerTiming: OnBootPhase_600_com.android.server.textservices.TextServicesManagerService$Lifecycle
06-09 08:54:22.520   529   529 I SystemServerTiming: OnBootPhase_600_com.android.server.textclassifier.TextClassificationManagerService$Lifecycle
06-09 08:54:22.520   529   529 I SystemServerTiming: OnBootPhase_600_com.android.server.NetworkScoreService$Lifecycle
06-09 08:54:22.521   529   529 I SystemServerTiming: OnBootPhase_600_com.android.server.wifi.WifiService
06-09 08:54:22.521   529   529 I SystemServerTiming: OnBootPhase_600_com.android.server.wifi.scanner.WifiScanningService
06-09 08:54:22.521   529   529 I SystemServerTiming: OnBootPhase_600_com.android.server.wifi.p2p.WifiP2pService
06-09 08:54:22.521   529   529 I SystemServerTiming: OnBootPhase_600_com.android.server.notification.NotificationManagerService
06-09 08:54:22.525   529   529 I SystemServerTiming: OnBootPhase_600_com.android.server.storage.DeviceStorageMonitorService
06-09 08:54:22.525   529   529 I SystemServerTiming: OnBootPhase_600_com.android.server.location.LocationManagerService$Lifecycle
06-09 08:54:22.579   529   544 W StorageManagerService: No primary storage defined yet; hacking together a stub
06-09 08:54:22.706   529   529 W SystemServiceManager: Service com.android.server.location.LocationManagerService$Lifecycle took 181 ms in onBootPhase
06-09 08:54:22.706   529   529 I SystemServerTiming: OnBootPhase_600_com.android.server.timedetector.TimeDetectorService$Lifecycle
06-09 08:54:22.706   529   529 I SystemServerTiming: OnBootPhase_600_com.android.server.timezonedetector.TimeZoneDetectorService$Lifecycle
06-09 08:54:22.706   529   529 I SystemServerTiming: OnBootPhase_600_com.android.server.search.SearchManagerService$Lifecycle
06-09 08:54:22.706   529   529 I SystemServerTiming: OnBootPhase_600_com.android.server.wallpaper.WallpaperManagerService$Lifecycle
06-09 08:54:22.706   529   529 I WallpaperManagerService: switch-user-0
06-09 08:54:22.708   529   529 V WallpaperManagerService: bindWallpaperComponentLocked: componentName=ComponentInfo{com.android.systemui/com.android.systemui.ImageWallpaper}
06-09 08:54:22.718   529   529 I SystemServerTiming: OnBootPhase_600_com.android.server.audio.AudioService$Lifecycle
06-09 08:54:22.718   529   529 I SystemServerTiming: OnBootPhase_600_com.android.server.soundtrigger_middleware.SoundTriggerMiddlewareService$Lifecycle
06-09 08:54:22.718   529   529 I SystemServerTiming: OnBootPhase_600_com.android.server.DockObserver
06-09 08:54:22.718   529   529 I SystemServerTiming: OnBootPhase_600_com.android.server.midi.MidiService$Lifecycle
06-09 08:54:22.721   529   529 I SystemServerTiming: OnBootPhase_600_com.android.server.adb.AdbService$Lifecycle
06-09 08:54:22.721   529   529 I SystemServerTiming: OnBootPhase_600_com.android.server.usb.UsbService$Lifecycle
06-09 08:54:22.723   529   529 I SystemServerTiming: OnBootPhase_600_com.android.server.twilight.TwilightService
06-09 08:54:22.723   529   529 I SystemServerTiming: OnBootPhase_600_com.android.server.display.color.ColorDisplayService
06-09 08:54:22.723   529   529 I SystemServerTiming: OnBootPhase_600_com.android.server.job.JobSchedulerService
06-09 08:54:22.749   529   634 D ConnectivityService: NetReassign [no changes]
06-09 08:54:22.753   529   529 I SystemServerTiming: OnBootPhase_600_com.android.server.soundtrigger.SoundTriggerService
06-09 08:54:22.753   529   529 D SoundTriggerService: onBootPhase: 600 : false
06-09 08:54:22.754   529   529 I SystemServerTiming: OnBootPhase_600_com.android.server.trust.TrustManagerService
06-09 08:54:22.765   529   529 I SystemServerTiming: OnBootPhase_600_com.android.server.backup.BackupManagerService$Lifecycle
06-09 08:54:22.765   529   529 I SystemServerTiming: OnBootPhase_600_com.android.server.appwidget.AppWidgetService
06-09 08:54:22.765   529   529 I SystemServerTiming: OnBootPhase_600_com.android.server.role.RoleManagerService
06-09 08:54:22.766   529   529 I SystemServerTiming: OnBootPhase_600_com.android.server.voiceinteraction.VoiceInteractionManagerService
06-09 08:54:22.768   529   529 I SystemServerTiming: OnBootPhase_600_com.android.server.GestureLauncherService
06-09 08:54:22.769   529   529 I SystemServerTiming: OnBootPhase_600_com.android.server.SensorNotificationService
06-09 08:54:22.772   529   529 I SystemServerTiming: OnBootPhase_600_com.android.server.emergency.EmergencyAffordanceService
06-09 08:54:22.783   529   529 I SystemServerTiming: OnBootPhase_600_com.android.server.dreams.DreamManagerService
06-09 08:54:22.784   529   529 I SystemServerTiming: OnBootPhase_600_com.android.server.print.PrintManagerService
06-09 08:54:22.784   529   529 I SystemServerTiming: OnBootPhase_600_com.android.server.blob.BlobStoreManagerService
06-09 08:54:22.792   529   529 I SystemServerTiming: OnBootPhase_600_com.android.server.companion.CompanionDeviceManagerService
06-09 08:54:22.792   529   529 I SystemServerTiming: OnBootPhase_600_com.android.server.restrictions.RestrictionsManagerService
06-09 08:54:22.793   529   529 I SystemServerTiming: OnBootPhase_600_com.android.server.media.MediaSessionService
06-09 08:54:22.793   529   529 I SystemServerTiming: OnBootPhase_600_com.android.server.media.MediaResourceMonitorService
06-09 08:54:22.794   529   529 I SystemServerTiming: OnBootPhase_600_com.android.server.biometrics.fingerprint.FingerprintService
06-09 08:54:22.794   529   529 I SystemServerTiming: OnBootPhase_600_com.android.server.biometrics.BiometricService
06-09 08:54:22.794   529   529 I SystemServerTiming: OnBootPhase_600_com.android.server.biometrics.AuthService
06-09 08:54:22.794   529   529 I SystemServerTiming: OnBootPhase_600_com.android.server.pm.ShortcutService$Lifecycle
06-09 08:54:22.794   529   529 I SystemServerTiming: OnBootPhase_600_com.android.server.pm.LauncherAppsService
06-09 08:54:22.794   529   529 I SystemServerTiming: OnBootPhase_600_com.android.server.pm.CrossProfileAppsService
06-09 08:54:22.795   529   529 I SystemServerTiming: OnBootPhase_600_com.android.server.people.PeopleService
06-09 08:54:22.797   529   529 I SystemServerTiming: OnBootPhase_600_com.android.server.media.projection.MediaProjectionManagerService
06-09 08:54:22.798   529   529 I SystemServerTiming: OnBootPhase_600_com.android.server.slice.SliceManagerService$Lifecycle
06-09 08:54:22.799   529   529 I SystemServerTiming: OnBootPhase_600_com.android.server.camera.CameraServiceProxy
06-09 08:54:22.799   529   546 W Looper  : Slow dispatch took 112ms android.fg h=com.android.server.location.gnss.GnssLocationProvider$ProviderHandler c=null m=13
06-09 08:54:22.799   529   529 I SystemServerTiming: OnBootPhase_600_com.android.server.stats.StatsCompanion$Lifecycle
06-09 08:54:22.861   529   529 W SystemServiceManager: Service com.android.server.stats.StatsCompanion$Lifecycle took 62 ms in onBootPhase
06-09 08:54:22.862   529   529 I SystemServerTiming: OnBootPhase_600_com.android.server.stats.pull.StatsPullAtomService
06-09 08:54:22.863   529   529 I SystemServerTiming: OnBootPhase_600_com.android.server.incident.IncidentCompanionService
06-09 08:54:22.863   529   529 I SystemServerTiming: OnBootPhase_600_com.android.server.MmsServiceBroker
06-09 08:54:22.863   529   529 I SystemServerTiming: OnBootPhase_600_com.android.server.autofill.AutofillManagerService
06-09 08:54:22.901   529   529 I SystemServerTiming: OnBootPhase_600_com.android.server.clipboard.ClipboardService
06-09 08:54:22.901   529   529 I SystemServerTiming: OnBootPhase_600_com.android.server.appbinding.AppBindingService$Lifecycle
06-09 08:54:22.901   529   529 I SystemServerTiming: OnBootPhase_600_com.android.server.policy.PermissionPolicyService
06-09 08:54:22.901   529   529 I SystemServerTiming: OnBootPhase_600_com.android.server.pm.StagingManager$Lifecycle
06-09 08:54:22.901   529   529 I SystemServerTiming: StartNetworkStack
06-09 08:54:22.901   529   529 D ConnectivityModuleConnector: Starting networking module android.net.INetworkStackConnector
06-09 08:54:22.902   529   529 D ConnectivityModuleConnector: Starting networking module in network_stack process
06-09 08:54:22.912   529   529 D CompatibilityChangeReporter: Compat change id reported: 135634846; UID 1073; state: DISABLED
06-09 08:54:22.914   529   529 D ConnectivityModuleConnector: Networking module service start requested
06-09 08:54:22.916   529   529 I SystemServerTiming: StartTethering
06-09 08:54:22.917   529   529 D ConnectivityModuleConnector: Starting networking module android.net.ITetheringConnector
06-09 08:54:22.918   529   529 D ConnectivityModuleConnector: Starting networking module in network_stack process
06-09 08:54:22.922   529   529 D ConnectivityModuleConnector: Networking module service start requested
06-09 08:54:22.922   529   529 I SystemServerTiming: MakeCountryDetectionServiceReady
06-09 08:54:22.922   529   529 I SystemServerTiming: MakeNetworkTimeUpdateReady
06-09 08:54:22.927   529   529 D ConnectivityService: requestNetwork for uid/pid:1000/529 NetworkRequest [ TRACK_DEFAULT id=9, [ Capabilities: INTERNET&NOT_RESTRICTED&TRUSTED Uid: 1000 AdministratorUids: [] RequestorUid: 1000 RequestorPackageName: android] ]
06-09 08:54:22.928   529   529 I SystemServerTiming: MakeInputManagerServiceReady
06-09 08:54:22.929   529   634 D ConnectivityService: NetReassign [no changes]
06-09 08:54:22.941   529   558 I ActivityManager: Start proc 838:com.android.networkstack.process/1073 for service {com.google.android.networkstack/com.android.server.NetworkStackService}
06-09 08:54:22.942   529   529 I SystemServerTiming: MakeTelephonyRegistryReady
06-09 08:54:22.942   529   529 I SystemServerTiming: MakeMediaRouterServiceReady
06-09 08:54:22.943   529   529 I SystemServerTiming: MakeMmsServiceReady
06-09 08:54:22.943   529   529 I MmsServiceBroker: Delay connecting to MmsService until an API is called
06-09 08:54:22.944   529   529 I SystemServerTiming: IncidentDaemonReady
06-09 08:54:22.946   529   529 I SystemServerTiming: MakeIncrementalServiceReady
06-09 08:54:22.946   529   529 I SystemServerTiming: getCurrentUser
06-09 08:54:22.946   529   529 I ActivityManager: Current user:0
06-09 08:54:22.946   529   529 I SystemServerTiming: ActivityManagerStartApps
06-09 08:54:22.946   529   529 I SystemServerTiming: ssm.StartUser-0
06-09 08:54:22.946   529   529 I SystemServiceManager: Calling onStartUser 0
06-09 08:54:22.947   529   529 I SystemServerTiming: ssm.onStartUser-0_com.android.server.security.FileIntegrityService
06-09 08:54:22.947   529   529 I SystemServerTiming: ssm.onStartUser-0_com.android.server.pm.Installer
06-09 08:54:22.947   529   529 I SystemServerTiming: ssm.onStartUser-0_com.android.server.os.DeviceIdentifiersPolicyService
06-09 08:54:22.951   529   529 I SystemServerTiming: ssm.onStartUser-0_com.android.server.uri.UriGrantsManagerService$Lifecycle
06-09 08:54:22.951   529   529 I SystemServerTiming: ssm.onStartUser-0_com.android.server.wm.ActivityTaskManagerService$Lifecycle
06-09 08:54:22.952   529   529 I SystemServerTiming: ssm.onStartUser-0_com.android.server.am.ActivityManagerService$Lifecycle
06-09 08:54:22.952   529   529 I SystemServerTiming: ssm.onStartUser-0_com.android.server.pm.DataLoaderManagerService
06-09 08:54:22.952   529   529 I SystemServerTiming: ssm.onStartUser-0_com.android.server.power.PowerManagerService
06-09 08:54:22.952   529   529 I SystemServerTiming: ssm.onStartUser-0_com.android.server.power.ThermalManagerService
06-09 08:54:22.952   529   529 I SystemServerTiming: ssm.onStartUser-0_com.android.server.recoverysystem.RecoverySystemService$Lifecycle
06-09 08:54:22.952   529   529 I SystemServerTiming: ssm.onStartUser-0_com.android.server.lights.LightsService
06-09 08:54:22.952   529   529 I SystemServerTiming: ssm.onStartUser-0_com.android.server.display.DisplayManagerService
06-09 08:54:22.954   529   529 I SystemServerTiming: ssm.onStartUser-0_com.android.server.pm.UserManagerService$LifeCycle
06-09 08:54:22.954   529   529 I SystemServerTiming: ssm.onStartUser-0_com.android.server.om.OverlayManagerService
06-09 08:54:22.955   529   529 I SystemServerTiming: ssm.onStartUser-0_com.android.server.SensorPrivacyService
06-09 08:54:22.955   529   529 I SystemServerTiming: ssm.onStartUser-0_com.android.server.SystemConfigService
06-09 08:54:22.955   529   529 I SystemServerTiming: ssm.onStartUser-0_com.android.server.BatteryService
06-09 08:54:22.955   529   529 I SystemServerTiming: ssm.onStartUser-0_com.android.server.usage.UsageStatsService
06-09 08:54:22.955   529   529 I SystemServerTiming: ssm.onStartUser-0_com.android.server.webkit.WebViewUpdateService
06-09 08:54:22.955   529   529 I SystemServerTiming: ssm.onStartUser-0_com.android.server.CachedDeviceStateService
06-09 08:54:22.955   529   529 I SystemServerTiming: ssm.onStartUser-0_com.android.server.BinderCallsStatsService$LifeCycle
06-09 08:54:22.955   529   529 I SystemServerTiming: ssm.onStartUser-0_com.android.server.LooperStatsService$Lifecycle
06-09 08:54:22.956   529   529 I SystemServerTiming: ssm.onStartUser-0_com.android.server.rollback.RollbackManagerService
06-09 08:54:22.956   529   529 I SystemServerTiming: ssm.onStartUser-0_com.android.server.os.BugreportManagerService
06-09 08:54:22.956   529   529 I SystemServerTiming: ssm.onStartUser-0_com.android.server.gpu.GpuService
06-09 08:54:22.956   529   529 I SystemServerTiming: ssm.onStartUser-0_com.android.server.security.KeyChainSystemService
06-09 08:54:22.956   529   529 I SystemServerTiming: ssm.onStartUser-0_com.android.server.telecom.TelecomLoaderService
06-09 08:54:22.956   529   529 I SystemServerTiming: ssm.onStartUser-0_com.android.server.accounts.AccountManagerService$Lifecycle
06-09 08:54:22.957   529   529 I SystemServerTiming: ssm.onStartUser-0_com.android.server.content.ContentService$Lifecycle
06-09 08:54:22.957   529   529 I SystemServerTiming: ssm.onStartUser-0_com.android.server.DropBoxManagerService
06-09 08:54:22.957   529   529 I SystemServerTiming: ssm.onStartUser-0_com.android.server.AlarmManagerService
06-09 08:54:22.957   529   529 I SystemServerTiming: ssm.onStartUser-0_com.android.server.BluetoothService
06-09 08:54:22.957   529   529 I SystemServerTiming: ssm.onStartUser-0_com.android.server.connectivity.IpConnectivityMetrics
06-09 08:54:22.957   529   529 I SystemServerTiming: ssm.onStartUser-0_com.android.server.net.watchlist.NetworkWatchlistService$Lifecycle
06-09 08:54:22.957   529   529 I SystemServerTiming: ssm.onStartUser-0_com.android.server.PinnerService
06-09 08:54:22.958   529   529 I SystemServerTiming: ssm.onStartUser-0_com.google.android.startop.iorap.IorapForwardingService
06-09 08:54:22.958   529   529 I SystemServerTiming: ssm.onStartUser-0_com.android.server.integrity.AppIntegrityManagerService
06-09 08:54:22.958   529   529 I SystemServerTiming: ssm.onStartUser-0_com.android.server.inputmethod.InputMethodManagerService$Lifecycle
06-09 08:54:22.958   529   529 I SystemServerTiming: ssm.onStartUser-0_com.android.server.accessibility.AccessibilityManagerService$Lifecycle
06-09 08:54:22.958   529   529 I SystemServerTiming: ssm.onStartUser-0_com.android.server.StorageManagerService$Lifecycle
06-09 08:54:22.963   529   529 V StorageManagerService: Package com.google.android.networkstack.tethering does not have legacy storage
06-09 08:54:22.963   529   529 V StorageManagerService: Package com.android.cts.priv.ctsshim does not have legacy storage
06-09 08:54:22.964   529   529 V StorageManagerService: Package com.google.android.youtube has legacy storage
06-09 08:54:22.965   529   529 V StorageManagerService: Package com.android.internal.display.cutout.emulation.corner does not have legacy storage
06-09 08:54:22.965   529   529 V StorageManagerService: Package com.google.android.ext.services does not have legacy storage
06-09 08:54:22.965   529   529 V StorageManagerService: Package com.android.internal.display.cutout.emulation.double does not have legacy storage
06-09 08:54:22.965   529   529 V StorageManagerService: Package com.android.providers.telephony does not have legacy storage
06-09 08:54:22.965   529   529 V StorageManagerService: Package com.android.dynsystem does not have legacy storage
06-09 08:54:22.965   529   529 V StorageManagerService: Package com.android.theme.icon.pebble does not have legacy storage
06-09 08:54:22.965   529   529 V StorageManagerService: Package com.google.android.googlequicksearchbox does not have legacy storage
06-09 08:54:22.965   529   529 V StorageManagerService: Package com.google.android.cellbroadcastservice does not have legacy storage
06-09 08:54:22.965   529   529 V StorageManagerService: Package com.android.providers.calendar does not have legacy storage
06-09 08:54:22.966   529   529 V StorageManagerService: Package com.android.providers.media does not have legacy storage
06-09 08:54:22.966   529   529 V StorageManagerService: Package com.google.android.onetimeinitializer does not have legacy storage
06-09 08:54:22.966   529   529 V StorageManagerService: Package com.google.android.ext.shared does not have legacy storage
06-09 08:54:22.966   529   529 V StorageManagerService: Package com.android.internal.systemui.navbar.gestural_wide_back does not have legacy storage
06-09 08:54:22.966   529   529 V StorageManagerService: Package com.android.managedprovisioning.auto_generated_rro_product__ does not have legacy storage
06-09 08:54:22.966   529   529 V StorageManagerService: Package com.android.theme.icon.vessel does not have legacy storage
06-09 08:54:22.966   529   529 V StorageManagerService: Package com.android.theme.color.cinnamon does not have legacy storage
06-09 08:54:22.966   529   529 V StorageManagerService: Package cuc.edu.cn does not have legacy storage
06-09 08:54:22.966   529   529 V StorageManagerService: Package com.android.theme.icon_pack.rounded.systemui does not have legacy storage
06-09 08:54:22.966   529   529 V StorageManagerService: Package com.android.theme.icon.taperedrect does not have legacy storage
06-09 08:54:22.966   529   529 V StorageManagerService: Package com.android.simappdialog.auto_generated_rro_product__ does not have legacy storage
06-09 08:54:22.967   529   529 V StorageManagerService: Package com.android.externalstorage does not have legacy storage
06-09 08:54:22.967   529   529 V StorageManagerService: Package com.android.htmlviewer does not have legacy storage
06-09 08:54:22.967   529   529 V StorageManagerService: Package com.android.companiondevicemanager does not have legacy storage
06-09 08:54:22.967   529   529 V StorageManagerService: Package com.android.mms.service does not have legacy storage
06-09 08:54:22.967   529   529 V StorageManagerService: Package com.android.providers.downloads does not have legacy storage
06-09 08:54:22.967   529   529 V StorageManagerService: Package com.android.systemui.auto_generated_rro_product__ does not have legacy storage
06-09 08:54:22.967   529   529 V StorageManagerService: Package com.google.android.apps.messaging does not have legacy storage
