06-09 08:55:00.937   529   558 D CompatibilityChangeReporter: Compat change id reported: 143937733; UID 10105; state: DISABLED
06-09 08:55:00.945   529  1860 I ActivityManager: Killing 2701:com.android.vending/u0a101 (adj 985): empty #17
06-09 08:55:00.972   529  1515 I ActivityManager: Killing 2877:com.google.android.apps.docs/u0a115 (adj 955): empty #17
06-09 08:55:00.985   529   558 I ActivityManager: Start proc 3681:com.google.android.projection.gearhead:shared/u0a105 for broadcast {com.google.android.projection.gearhead/com.google.android.apps.auto.components.app.fzero.FzeroReceiver}
06-09 08:55:01.014   529   634 D ConnectivityService: [100 CELLULAR] validation failed
06-09 08:55:01.037   529   634 D NetworkNotificationManager: showNotification tag=ConnectivityNotification:100 event=PARTIAL_CONNECTIVITY transport=mobile data name=epc.tmobile.com highPriority=false
06-09 08:55:01.556   529  1861 I ActivityManager: Killing 2963:com.google.android.apps.maps/u0a134 (adj 945): empty #17
06-09 08:55:01.840   529  1769 D CompatibilityChangeReporter: Compat change id reported: 135634846; UID 10105; state: DISABLED
06-09 08:55:01.841   529   558 D CompatibilityChangeReporter: Compat change id reported: 143937733; UID 10105; state: DISABLED
06-09 08:55:01.851   529   558 I ActivityManager: Start proc 3741:com.google.android.projection.gearhead:car/u0a105 for broadcast {com.google.android.projection.gearhead/com.google.android.apps.auto.carservice.frx.FrxReceiver}
06-09 08:55:02.033   529  1841 D CompatibilityChangeReporter: Compat change id reported: 135634846; UID 10109; state: DISABLED
06-09 08:55:02.034   529   558 D CompatibilityChangeReporter: Compat change id reported: 143937733; UID 10109; state: ENABLED
06-09 08:55:02.056   529   558 I ActivityManager: Start proc 3777:com.google.android.gms.ui/u0a109 for service {com.google.android.gms/com.google.android.gms.chimera.UiIntentOperationService}
06-09 08:55:02.296   529  1775 D BackupTransportManager: Transport com.google.android.gms/.backup.BackupTransportService updated its attributes
06-09 08:55:02.397   529  1769 I ActivityManager: Killing 3041:com.google.android.apps.messaging:rcs/u0a120 (adj 985): empty #17
06-09 08:55:02.411   529  1841 D CompatibilityChangeReporter: Compat change id reported: 135634846; UID 10100; state: DISABLED
06-09 08:55:02.411   529   558 D CompatibilityChangeReporter: Compat change id reported: 143937733; UID 10100; state: ENABLED
06-09 08:55:02.433   529   558 I ActivityManager: Start proc 3817:com.google.android.setupwizard/u0a100 for broadcast {com.google.android.setupwizard/com.google.android.setupwizard.deferred.PostSetupLifecycleBootReceiver}
06-09 08:55:02.689   529  1769 I ActivityManager: Killing 3075:com.google.android.apps.photos/u0a116 (adj 945): empty #17
06-09 08:55:02.850   529  1860 D CompatibilityChangeReporter: Compat change id reported: 135634846; UID 10101; state: DISABLED
06-09 08:55:02.851   529   558 D CompatibilityChangeReporter: Compat change id reported: 143937733; UID 10101; state: DISABLED
06-09 08:55:02.883   529   558 I ActivityManager: Start proc 3855:com.android.vending/u0a101 for service {com.android.vending/com.google.android.finsky.contentfilterui.ContentFiltersService}
06-09 08:55:03.263   529   529 W NotificationHistory: Attempted to add notif for locked/gone/disabled user 0
06-09 08:55:03.296   529   634 D ConnectivityService: NetReassign [no changes]
06-09 08:55:03.300   529   634 D ConnectivityService: NetReassign [no changes]
06-09 08:55:03.319   529  1769 D CompatibilityChangeReporter: Compat change id reported: 135634846; UID 10126; state: DISABLED
06-09 08:55:03.319   529   558 D CompatibilityChangeReporter: Compat change id reported: 143937733; UID 10126; state: DISABLED
06-09 08:55:03.336   529   558 I ActivityManager: Start proc 3900:com.google.android.syncadapters.contacts/u0a126 for broadcast {com.google.android.syncadapters.contacts/com.google.android.syncadapters.contacts.ContactsSyncAdapterBroadcastReceiver}
06-09 08:55:03.399   529   612 I ActivityManager: Killing 3116:com.google.android.apps.tachyon/u0a114 (adj 945): empty #17
06-09 08:55:03.463   529  1861 D ConnectivityService: ConnectivityService NetworkRequestInfo binderDied(NetworkRequest [ TRACK_DEFAULT id=30, [ Capabilities: INTERNET&NOT_RESTRICTED&TRUSTED Uid: 10114 AdministratorUids: [] RequestorUid: 10114 RequestorPackageName: com.google.android.apps.tachyon] ], android.os.BinderProxy@15b8619)
06-09 08:55:03.463   529   634 D ConnectivityService: releasing NetworkRequest [ TRACK_DEFAULT id=30, [ Capabilities: INTERNET&NOT_RESTRICTED&TRUSTED Uid: 10114 AdministratorUids: [] RequestorUid: 10114 RequestorPackageName: com.google.android.apps.tachyon] ] (release request)
06-09 08:55:03.663   529   612 D CompatibilityChangeReporter: Compat change id reported: 135634846; UID 10119; state: DISABLED
06-09 08:55:03.664   529   558 D CompatibilityChangeReporter: Compat change id reported: 143937733; UID 10119; state: DISABLED
06-09 08:55:03.698   529   558 I ActivityManager: Start proc 3938:com.google.android.videos/u0a119 for broadcast {com.google.android.videos/androidx.work.impl.background.systemalarm.RescheduleReceiver}
06-09 08:55:03.965   529  1549 I ActivityManager: Killing 3194:com.google.android.apps.wallpaper/u0a137 (adj 975): empty #17
06-09 08:55:04.990   529  1769 I ActivityManager: Killing 3219:com.google.android.apps.youtube.music/u0a111 (adj 985): empty #17
06-09 08:55:05.042   529   617 D ConnectivityService: ConnectivityService NetworkRequestInfo binderDied(NetworkRequest [ TRACK_DEFAULT id=31, [ Capabilities: INTERNET&NOT_RESTRICTED&TRUSTED Uid: 10111 AdministratorUids: [] RequestorUid: 10111 RequestorPackageName: com.google.android.apps.youtube.music] ], android.os.BinderProxy@11f4da0)
06-09 08:55:05.043   529  1753 D ConnectivityService: ConnectivityService NetworkRequestInfo binderDied(NetworkRequest [ LISTEN id=32, [ Capabilities: INTERNET&NOT_RESTRICTED&TRUSTED&FOREGROUND Uid: 10111 AdministratorUids: [] RequestorUid: 10111 RequestorPackageName: com.google.android.apps.youtube.music] ], android.os.BinderProxy@dbafd59)
06-09 08:55:05.043   529  1861 D ConnectivityService: ConnectivityService NetworkRequestInfo binderDied(NetworkRequest [ TRACK_DEFAULT id=33, [ Capabilities: INTERNET&NOT_RESTRICTED&TRUSTED Uid: 10111 AdministratorUids: [] RequestorUid: 10111 RequestorPackageName: com.google.android.apps.youtube.music] ], android.os.BinderProxy@da52d1e)
06-09 08:55:05.043   529   634 D ConnectivityService: releasing NetworkRequest [ TRACK_DEFAULT id=31, [ Capabilities: INTERNET&NOT_RESTRICTED&TRUSTED Uid: 10111 AdministratorUids: [] RequestorUid: 10111 RequestorPackageName: com.google.android.apps.youtube.music] ] (release request)
06-09 08:55:05.044   529   634 D ConnectivityService: releasing NetworkRequest [ TRACK_DEFAULT id=33, [ Capabilities: INTERNET&NOT_RESTRICTED&TRUSTED Uid: 10111 AdministratorUids: [] RequestorUid: 10111 RequestorPackageName: com.google.android.apps.youtube.music] ] (release request)
06-09 08:55:05.219   529  1515 D ConnectivityService: requestNetwork for uid/pid:10119/3938 NetworkRequest [ TRACK_DEFAULT id=36, [ Capabilities: INTERNET&NOT_RESTRICTED&TRUSTED Uid: 10119 AdministratorUids: [] RequestorUid: 10119 RequestorPackageName: com.google.android.videos] ]
06-09 08:55:05.219   529   634 D ConnectivityService: NetReassign [36 : null  100]
06-09 08:55:05.227   529  1838 D CompatibilityChangeReporter: Compat change id reported: 135634846; UID 10123; state: DISABLED
06-09 08:55:05.227   529   558 D CompatibilityChangeReporter: Compat change id reported: 143937733; UID 10123; state: DISABLED
06-09 08:55:05.247   529   558 I ActivityManager: Start proc 4055:com.google.android.youtube/u0a123 for broadcast {com.google.android.youtube/com.google.android.libraries.youtube.mdx.background.MdxBackgroundScanBootReceiver}
06-09 08:55:05.330   529  1838 W ActivityManager: Foreground service started from background can not have location/camera/microphone access: service com.google.android.videos/com.google.android.apps.play.movies.common.service.pinning.TransferService
06-09 08:55:05.400   529  1515 D CompatibilityChangeReporter: Compat change id reported: 149924527; UID 10119; state: ENABLED
06-09 08:55:05.401   529  1514 D CompatibilityChangeReporter: Compat change id reported: 132649864; UID 10119; state: DISABLED
06-09 08:55:05.419   529  1854 I ActivityManager: Killing 3316:com.google.android.calendar/u0a128 (adj 945): empty #17
06-09 08:55:05.535   529   529 D NotificationService: 0|com.google.android.videos|2|null|10119: granting content://settings/system/notification_sound
06-09 08:55:05.535   529   529 I chatty  : uid=1000(system) Binder:529_3 identical 2 lines
06-09 08:55:05.536   529   529 D NotificationService: 0|com.google.android.videos|2|null|10119: granting content://settings/system/notification_sound
06-09 08:55:05.539   529   529 W NotificationHistory: Attempted to add notif for locked/gone/disabled user 0
06-09 08:55:05.631   529   867 D ConnectivityService: requestNetwork for uid/pid:10123/4055 NetworkRequest [ TRACK_DEFAULT id=37, [ Capabilities: INTERNET&NOT_RESTRICTED&TRUSTED Uid: 10123 AdministratorUids: [] RequestorUid: 10123 RequestorPackageName: com.google.android.youtube] ]
06-09 08:55:05.632   529   634 D ConnectivityService: NetReassign [37 : null  100]
06-09 08:55:05.660   529   634 D ConnectivityService: NetReassign [no changes]
06-09 08:55:05.877   529  1840 E PackageDexUsage: Unsupported context?
06-09 08:55:06.221   529  1838 I ActivityManager: Finished processing BOOT_COMPLETED for u0
06-09 08:55:06.223   529  1838 D CompatibilityChangeReporter: Compat change id reported: 135634846; UID 10146; state: DISABLED
06-09 08:55:06.224   529   558 D CompatibilityChangeReporter: Compat change id reported: 143937733; UID 10146; state: ENABLED
06-09 08:55:06.225   529  1838 I ActivityManager: Killing 3384:com.google.android.configupdater/u0a106 (adj 985): empty #17
06-09 08:55:06.239   529   558 I ActivityManager: Start proc 4163:com.google.android.cellbroadcastreceiver/u0a146 for broadcast {com.google.android.cellbroadcastreceiver/com.android.cellbroadcastreceiver.CellBroadcastReceiver}
06-09 08:55:06.242   529   867 D ConnectivityService: requestNetwork for uid/pid:10123/4055 NetworkRequest [ TRACK_DEFAULT id=39, [ Capabilities: INTERNET&NOT_RESTRICTED&TRUSTED Uid: 10123 AdministratorUids: [] RequestorUid: 10123 RequestorPackageName: com.google.android.youtube] ]
06-09 08:55:06.242   529   634 D ConnectivityService: NetReassign [39 : null  100]
06-09 08:55:06.291   529  1838 E PackageDexUsage: Unsupported context?
06-09 08:55:06.395   529   867 I ActivityManager: Killing 3433:com.google.android.deskclock/u0a133 (adj 985): empty #17
06-09 08:55:06.657   529   867 W ActivityManager: Background start not allowed: service Intent { cmp=com.google.android.apps.messaging/.shared.datamodel.action.execution.ActionExecutorImpl$EmptyService } to com.google.android.apps.messaging/.shared.datamodel.action.execution.ActionExecutorImpl$EmptyService from pid=2105 uid=10120 pkg=com.google.android.apps.messaging startFg?=false
06-09 08:55:06.666   529   867 I chatty  : uid=1000(system) Binder:529_6 identical 2 lines
06-09 08:55:06.724   529   867 W ActivityManager: Background start not allowed: service Intent { cmp=com.google.android.apps.messaging/.shared.datamodel.action.execution.ActionExecutorImpl$EmptyService } to com.google.android.apps.messaging/.shared.datamodel.action.execution.ActionExecutorImpl$EmptyService from pid=2105 uid=10120 pkg=com.google.android.apps.messaging startFg?=false
06-09 08:55:07.672   529  1854 D CompatibilityChangeReporter: Compat change id reported: 135634846; UID 10114; state: DISABLED
06-09 08:55:07.672   529   558 D CompatibilityChangeReporter: Compat change id reported: 143937733; UID 10114; state: DISABLED
06-09 08:55:07.692   529   558 I ActivityManager: Start proc 4253:com.google.android.apps.tachyon/u0a114 for broadcast {com.google.android.apps.tachyon/com.google.android.apps.tachyon.simdetection.SimStateBroadcastReceiver}
06-09 08:55:07.829   529  1854 I ActivityManager: Killing 3466:com.google.android.gm/u0a129 (adj 945): empty #17
06-09 08:55:07.946   529  1846 I ActivityManager: Killing 3540:com.android.chrome/u0a117 (adj 985): empty #17
06-09 08:55:08.191   529  1846 W BroadcastQueue: Background execution not allowed: receiving Intent { act=android.intent.action.PACKAGE_REMOVED dat=package:cuc.edu.cn flg=0x4000010 (has extras) } to com.android.vending/com.google.android.finsky.packagemanager.impl.PackageMonitorReceiverImpl$RegisteredReceiver
06-09 08:55:08.194   529   557 W BroadcastQueue: Background execution not allowed: receiving Intent { act=android.intent.action.PACKAGE_REMOVED dat=package:cuc.edu.cn flg=0x4000010 (has extras) } to com.android.vending/com.google.android.finsky.instantapps.appmanagement.InstantAppRemoveMonitor
06-09 08:55:08.195   529   557 W BroadcastQueue: Background execution not allowed: receiving Intent { act=android.intent.action.PACKAGE_REMOVED dat=package:cuc.edu.cn flg=0x4000010 (has extras) } to com.google.android.gms/.games.chimera.GamesSystemBroadcastReceiverProxy
06-09 08:55:08.195   529   557 W BroadcastQueue: Background execution not allowed: receiving Intent { act=android.intent.action.PACKAGE_REMOVED dat=package:cuc.edu.cn flg=0x4000010 (has extras) } to com.google.android.gms/.chimera.GmsIntentOperationService$PersistentTrustedReceiver
06-09 08:55:08.195   529   557 W BroadcastQueue: Background execution not allowed: receiving Intent { act=android.intent.action.PACKAGE_REMOVED dat=package:cuc.edu.cn flg=0x4000010 (has extras) } to com.google.android.googlequicksearchbox/com.google.android.apps.gsa.googlequicksearchbox.GelStubAppWatcher
06-09 08:55:08.195   529   557 W BroadcastQueue: Background execution not allowed: receiving Intent { act=android.intent.action.PACKAGE_ADDED dat=package:cuc.edu.cn flg=0x4000010 (has extras) } to com.google.android.packageinstaller/com.android.packageinstaller.PackageInstalledReceiver
06-09 08:55:08.196   529   557 W BroadcastQueue: Background execution not allowed: receiving Intent { act=android.intent.action.PACKAGE_ADDED dat=package:cuc.edu.cn flg=0x4000010 (has extras) } to com.android.vending/com.google.android.finsky.packagemanager.impl.PackageMonitorReceiverImpl$RegisteredReceiver
06-09 08:55:08.196   529   557 W BroadcastQueue: Background execution not allowed: receiving Intent { act=android.intent.action.PACKAGE_ADDED dat=package:cuc.edu.cn flg=0x4000010 (has extras) } to com.google.android.gms/.games.chimera.GamesSystemBroadcastReceiverProxy
06-09 08:55:08.196   529   557 W BroadcastQueue: Background execution not allowed: receiving Intent { act=android.intent.action.PACKAGE_ADDED dat=package:cuc.edu.cn flg=0x4000010 (has extras) } to com.google.android.gms/.gass.chimera.PackageChangeBroadcastReceiver
06-09 08:55:08.197   529   557 W BroadcastQueue: Background execution not allowed: receiving Intent { act=android.intent.action.PACKAGE_ADDED dat=package:cuc.edu.cn flg=0x4000010 (has extras) } to com.google.android.gms/.chimera.GmsIntentOperationService$PersistentTrustedReceiver
06-09 08:55:08.197   529   557 W BroadcastQueue: Background execution not allowed: receiving Intent { act=android.intent.action.PACKAGE_ADDED dat=package:cuc.edu.cn flg=0x4000010 (has extras) } to com.google.android.googlequicksearchbox/com.google.android.apps.gsa.googlequicksearchbox.GelStubAppWatcher
06-09 08:55:08.197   529   557 W BroadcastQueue: Background execution not allowed: receiving Intent { act=android.intent.action.PACKAGE_ADDED dat=package:cuc.edu.cn flg=0x4000010 (has extras) } to com.google.android.ims/.receivers.RcsAutoStartReceiver
06-09 08:55:08.332   529  1854 E PackageDexUsage: Unsupported context?
06-09 08:55:08.383   529   895 D ConnectivityService: requestNetwork for uid/pid:10114/4253 NetworkRequest [ TRACK_DEFAULT id=40, [ Capabilities: INTERNET&NOT_RESTRICTED&TRUSTED Uid: 10114 AdministratorUids: [] RequestorUid: 10114 RequestorPackageName: com.google.android.apps.tachyon] ]
06-09 08:55:08.384   529   634 D ConnectivityService: NetReassign [40 : null  100]
06-09 08:55:08.684   529  1854 W BroadcastQueue: Background execution not allowed: receiving Intent { act=android.intent.action.PACKAGE_REPLACED dat=package:cuc.edu.cn flg=0x4000010 (has extras) } to com.google.android.gms/.gass.chimera.PackageChangeBroadcastReceiver
06-09 08:55:08.686   529  1854 I ActivityManager: Killing 2567:com.android.providers.calendar/u0a73 (adj 985): empty #17
06-09 08:55:08.689   529   557 W BroadcastQueue: Background execution not allowed: receiving Intent { act=android.intent.action.PACKAGE_REPLACED dat=package:cuc.edu.cn flg=0x4000010 (has extras) } to com.google.android.gms/.chimera.GmsIntentOperationService$PersistentTrustedReceiver
06-09 08:55:08.689   529   557 W BroadcastQueue: Background execution not allowed: receiving Intent { act=android.intent.action.PACKAGE_REPLACED dat=package:cuc.edu.cn flg=0x4000010 (has extras) } to com.google.android.googlequicksearchbox/com.google.android.apps.gsa.googlequicksearchbox.GelStubAppWatcher
06-09 08:55:08.690   529   557 W BroadcastQueue: Background execution not allowed: receiving Intent { act=android.intent.action.PACKAGE_REPLACED dat=package:cuc.edu.cn flg=0x4000010 (has extras) } to com.google.android.ims/.receivers.RcsAutoStartReceiver
06-09 08:55:08.691   529   557 D CompatibilityChangeReporter: Compat change id reported: 135634846; UID 10063; state: DISABLED
06-09 08:55:08.693   529   558 D CompatibilityChangeReporter: Compat change id reported: 143937733; UID 10063; state: ENABLED
06-09 08:55:08.736   529   558 I ActivityManager: Start proc 4342:com.android.externalstorage/u0a63 for broadcast {com.android.externalstorage/com.android.externalstorage.MountReceiver}
06-09 08:55:08.801   529   867 I ActivityManager: Killing 1252:com.google.android.apps.wellbeing/u0a107 (adj 985): empty #17
06-09 08:55:08.813   529   895 D CompatibilityChangeReporter: Compat change id reported: 135634846; UID 10103; state: DISABLED
06-09 08:55:08.814   529   558 D CompatibilityChangeReporter: Compat change id reported: 143937733; UID 10103; state: DISABLED
06-09 08:55:08.826   529   895 I ActivityManager: Killing 1631:com.google.android.googlequicksearchbox:search/u0a108 (adj 955): empty #17
06-09 08:55:08.846   529   558 I ActivityManager: Start proc 4361:com.android.dialer/u0a103 for broadcast {com.android.dialer/com.android.voicemail.impl.scheduling.TaskReceiver}
06-09 08:55:08.987   529   617 D CompatibilityChangeReporter: Compat change id reported: 135634846; UID 10116; state: DISABLED
06-09 08:55:08.988   529   558 D CompatibilityChangeReporter: Compat change id reported: 143937733; UID 10116; state: ENABLED
06-09 08:55:09.005   529   558 I ActivityManager: Start proc 4390:com.google.android.apps.photos/u0a116 for broadcast {com.google.android.apps.photos/com.google.android.apps.photos.sdcard.envcache.ExternalStorageStateChangeBroadcastReceiver}
06-09 08:55:09.246   529   917 D CompatibilityChangeReporter: Compat change id reported: 149924527; UID 10150; state: ENABLED
06-09 08:55:09.247   529   917 D CompatibilityChangeReporter: Compat change id reported: 132649864; UID 10150; state: DISABLED
06-09 08:55:09.382   529   917 D CompatibilityChangeReporter: Compat change id reported: 135634846; UID 10108; state: DISABLED
06-09 08:55:09.383   529   558 D CompatibilityChangeReporter: Compat change id reported: 143937733; UID 10108; state: DISABLED
06-09 08:55:09.401   529   558 I ActivityManager: Start proc 4424:com.google.android.googlequicksearchbox:search/u0a108 for broadcast {com.google.android.googlequicksearchbox/com.google.android.apps.gsa.broadcastreceiver.CommonBroadcastReceiver}
06-09 08:55:10.077   529  1842 D CompatibilityChangeReporter: Compat change id reported: 135634846; UID 10073; state: DISABLED
06-09 08:55:10.077   529   558 D CompatibilityChangeReporter: Compat change id reported: 143937733; UID 10073; state: ENABLED
06-09 08:55:10.104   529   558 I ActivityManager: Start proc 4476:com.android.providers.calendar/u0a73 for content provider {com.android.providers.calendar/com.android.providers.calendar.CalendarProvider2}
06-09 08:55:10.158  1475  1475 W ContextImpl: Calling a method in the system process without a qualified user: android.app.ContextImpl.startService:1669 android.content.ContextWrapper.startService:720 android.content.ContextWrapper.startService:720 com.android.emulator.multidisplay.MultiDisplayServiceReceiver.onReceive:33 android.app.ActivityThread.handleReceiver:4032 
06-09 08:55:10.182   529   617 D ConnectivityService: requestNetwork for uid/pid:10108/4424 NetworkRequest [ TRACK_DEFAULT id=41, [ Capabilities: INTERNET&NOT_RESTRICTED&TRUSTED Uid: 10108 AdministratorUids: [] RequestorUid: 10108 RequestorPackageName: com.google.android.googlequicksearchbox] ]
06-09 08:55:10.182   529   634 D ConnectivityService: NetReassign [41 : null  100]
06-09 08:55:10.190   529  1514 W BroadcastQueue: Background execution not allowed: receiving Intent { act=android.intent.action.DROPBOX_ENTRY_ADDED flg=0x10 (has extras) } to com.google.android.gms/.stats.service.DropBoxEntryAddedReceiver
06-09 08:55:10.191   529   634 D ConnectivityService: NetReassign [no changes]
06-09 08:55:10.192   529   557 W BroadcastQueue: Background execution not allowed: receiving Intent { act=android.intent.action.DROPBOX_ENTRY_ADDED flg=0x10 (has extras) } to com.google.android.gms/.chimera.GmsIntentOperationService$PersistentTrustedReceiver
06-09 08:55:10.347   529  1842 W BroadcastQueue: Background execution not allowed: receiving Intent { act=com.google.android.location.internal.server.ACTION_RESTARTED flg=0x10 } to com.google.android.gms/.chimera.GmsIntentOperationService$PersistentInternalReceiver
06-09 08:55:10.414   529  1772 W BroadcastQueue: Background execution not allowed: receiving Intent { act=android.intent.action.DROPBOX_ENTRY_ADDED flg=0x10 (has extras) } to com.google.android.gms/.stats.service.DropBoxEntryAddedReceiver
06-09 08:55:10.421   529   557 W BroadcastQueue: Background execution not allowed: receiving Intent { act=android.intent.action.DROPBOX_ENTRY_ADDED flg=0x10 (has extras) } to com.google.android.gms/.chimera.GmsIntentOperationService$PersistentTrustedReceiver
06-09 08:55:10.422   529   557 W BroadcastQueue: Background execution not allowed: receiving Intent { act=android.intent.action.DROPBOX_ENTRY_ADDED flg=0x10 (has extras) } to com.google.android.gms/.stats.service.DropBoxEntryAddedReceiver
06-09 08:55:10.422   529   557 W BroadcastQueue: Background execution not allowed: receiving Intent { act=android.intent.action.DROPBOX_ENTRY_ADDED flg=0x10 (has extras) } to com.google.android.gms/.chimera.GmsIntentOperationService$PersistentTrustedReceiver
06-09 08:55:10.561   529  1772 D CompatibilityChangeReporter: Compat change id reported: 135634846; UID 10134; state: DISABLED
06-09 08:55:10.561   529   558 D CompatibilityChangeReporter: Compat change id reported: 143937733; UID 10134; state: ENABLED
06-09 08:55:10.590   529   558 I ActivityManager: Start proc 4526:com.google.android.apps.maps/u0a134 for broadcast {com.google.android.apps.maps/com.google.android.apps.gmm.ugc.ataplace.AtAPlaceService}
06-09 08:55:11.487   529  1769 W ActivityManager: Background start not allowed: service Intent { cmp=com.google.android.apps.messaging/.shared.datamodel.action.execution.ActionExecutorImpl$EmptyService } to com.google.android.apps.messaging/.shared.datamodel.action.execution.ActionExecutorImpl$EmptyService from pid=2105 uid=10120 pkg=com.google.android.apps.messaging startFg?=false
06-09 08:55:11.537   529  1842 W ActivityManager: Background start not allowed: service Intent { cmp=com.google.android.apps.messaging/.shared.datamodel.action.execution.ActionExecutorImpl$EmptyService } to com.google.android.apps.messaging/.shared.datamodel.action.execution.ActionExecutorImpl$EmptyService from pid=2105 uid=10120 pkg=com.google.android.apps.messaging startFg?=false
06-09 08:55:11.571   529  1842 D CompatibilityChangeReporter: Compat change id reported: 135634846; UID 10128; state: DISABLED
06-09 08:55:11.572   529   558 D CompatibilityChangeReporter: Compat change id reported: 143937733; UID 10128; state: DISABLED
06-09 08:55:11.578   529  1772 W ActivityManager: Background start not allowed: service Intent { cmp=com.google.android.apps.messaging/.shared.datamodel.action.execution.ActionExecutorImpl$EmptyService } to com.google.android.apps.messaging/.shared.datamodel.action.execution.ActionExecutorImpl$EmptyService from pid=2105 uid=10120 pkg=com.google.android.apps.messaging startFg?=false
06-09 08:55:11.591   529   558 I ActivityManager: Start proc 4600:com.google.android.calendar/u0a128 for broadcast {com.google.android.calendar/com.google.android.apps.calendar.config.phenotypesupport.broadcast.PhenotypeBroadcastReceiver}
06-09 08:55:11.620   529  1842 E PackageDexUsage: Unsupported context?
06-09 08:55:11.908   529  1854 I ActivityManager: Killing 3571:com.google.android.onetimeinitializer/u0a138 (adj 975): empty #17
06-09 08:55:12.105   529  1848 I ActivityManager: Killing 3598:com.google.android.packageinstaller/u0a75 (adj 985): empty #17
06-09 08:55:12.165   529   624 D CompatibilityChangeReporter: Compat change id reported: 135634846; UID 10129; state: DISABLED
06-09 08:55:12.166   529   558 D CompatibilityChangeReporter: Compat change id reported: 143937733; UID 10129; state: ENABLED
06-09 08:55:12.176   529   558 I ActivityManager: Start proc 4643:com.google.android.gm/u0a129 for broadcast {com.google.android.gm/com.google.android.gm.MailIntentReceiver}
06-09 08:55:12.410   529   529 I Telecom : DefaultDialerCache: Refreshing default dialer for user 0: now com.android.dialer: DDC.oR@AFA
06-09 08:55:12.801   529  1859 W BroadcastQueue: Background execution not allowed: receiving Intent { act=android.net.conn.NETWORK_CONDITIONS_MEASURED flg=0x10 (has extras) } to com.google.android.gms/.chimera.GmsIntentOperationService$PersistentTrustedReceiver
06-09 08:55:12.895   529   612 W ActivityManager: Unable to start service Intent { cmp=com.google.android.gm/com.android.email.service.AttachmentService } U=0: not found
06-09 08:55:13.353   529  1848 W ActivityManager: Unable to start service Intent { act=com.google.android.c2dm.intent.REGISTRATION pkg=com.google.android.apps.maps } U=0: not found
06-09 08:55:16.921   529  1859 D CompatibilityChangeReporter: Compat change id reported: 124107808; UID 10101; state: DISABLED
06-09 08:55:17.618   529   529 W NotificationHistory: Attempted to add notif for locked/gone/disabled user 0
06-09 08:55:18.511   529   917 D CompatibilityChangeReporter: Compat change id reported: 135634846; UID 10101; state: DISABLED
06-09 08:55:18.512   529   558 D CompatibilityChangeReporter: Compat change id reported: 143937733; UID 10101; state: DISABLED
06-09 08:55:18.522   529   558 I ActivityManager: Start proc 4797:com.android.vending:download_service/u0a101 for service {com.android.vending/com.google.android.finsky.downloadservice.DownloadService}
06-09 08:55:18.660   529   917 D ConnectivityService: requestNetwork for uid/pid:10101/4797 NetworkRequest [ TRACK_DEFAULT id=43, [ Capabilities: INTERNET&NOT_RESTRICTED&TRUSTED Uid: 10101 AdministratorUids: [] RequestorUid: 10101 RequestorPackageName: com.android.vending] ]
06-09 08:55:18.661   529   634 D ConnectivityService: NetReassign [43 : null  100]
06-09 08:55:18.691   529   917 I ActivityManager: Killing 3777:com.google.android.gms.ui/u0a109 (adj 965): empty #17
06-09 08:55:20.122   529  1274 I ActivityManager: Killing 3741:com.google.android.projection.gearhead:car/u0a105 (adj 975): empty #17
06-09 08:55:22.173   529   557 W BroadcastQueue: Background execution not allowed: receiving Intent { act=android.net.conn.NETWORK_CONDITIONS_MEASURED flg=0x10 (has extras) } to com.google.android.gms/.chimera.GmsIntentOperationService$PersistentTrustedReceiver
06-09 08:55:22.176   529   634 D ConnectivityService: [100 CELLULAR] validation failed
06-09 08:55:22.765   529  1514 I ActivityManager: Killing 3681:com.google.android.projection.gearhead:shared/u0a105 (adj 955): empty #17
06-09 08:55:24.427   529  1274 I ActivityManager: Killing 3817:com.google.android.setupwizard/u0a100 (adj 985): empty #17
06-09 08:55:24.432   529  1514 D ConnectivityService: ConnectivityService NetworkRequestInfo binderDied(NetworkRequest [ LISTEN id=34, [ Transports: WIFI Capabilities: NOT_VPN Uid: 10100 AdministratorUids: [] RequestorUid: 10100 RequestorPackageName: com.google.android.setupwizard] ], android.os.BinderProxy@b256dd4)
06-09 08:55:24.432   529   867 D ConnectivityService: ConnectivityService NetworkRequestInfo binderDied(NetworkRequest [ LISTEN id=35, [ Transports: WIFI Capabilities: NOT_RESTRICTED&TRUSTED&NOT_VPN Uid: 10100 AdministratorUids: [] RequestorUid: 10100 RequestorPackageName: com.google.android.setupwizard] ], android.os.BinderProxy@c5e8b7d)
06-09 08:55:25.424   529  1772 W UriGrantsManagerService: No permission grants found for com.google.android.apps.photos
06-09 08:55:25.425   529  1772 W UriGrantsManagerService: No permission grants found for com.google.android.apps.photos
06-09 08:55:25.437   529  1772 D CompatibilityChangeReporter: Compat change id reported: 149924527; UID 10116; state: ENABLED
06-09 08:55:25.439   529  1772 D CompatibilityChangeReporter: Compat change id reported: 132649864; UID 10116; state: DISABLED
06-09 08:55:25.495   529  1772 W UriGrantsManagerService: No permission grants found for com.google.android.apps.photos
06-09 08:55:25.543   529  1772 I chatty  : uid=1000(system) Binder:529_12 identical 2 lines
06-09 08:55:25.544   529  1772 W UriGrantsManagerService: No permission grants found for com.google.android.apps.photos
06-09 08:55:30.235   529  1772 I ActivityManager: Killing 1352:android.process.acore/u0a62 (adj 985): empty #17
06-09 08:55:30.244   529  1514 D CountryDetector: No listener is left
06-09 08:55:32.893   529   529 I ActivityManager: Killing 3900:com.google.android.syncadapters.contacts/u0a126 (adj 985): empty #17
06-09 08:55:34.096   529   544 I ActivityManager: Killing 4055:com.google.android.youtube/u0a123 (adj 985): empty #17
06-09 08:55:34.096   529   544 I ActivityManager: Killing 3938:com.google.android.videos/u0a119 (adj 985): empty #18
06-09 08:55:34.128   529   544 D ConnectivityService: ConnectivityService NetworkRequestInfo binderDied(NetworkRequest [ TRACK_DEFAULT id=36, [ Capabilities: INTERNET&NOT_RESTRICTED&TRUSTED Uid: 10119 AdministratorUids: [] RequestorUid: 10119 RequestorPackageName: com.google.android.videos] ], android.os.BinderProxy@bf78db)
06-09 08:55:34.128   529   634 D ConnectivityService: releasing NetworkRequest [ TRACK_DEFAULT id=36, [ Capabilities: INTERNET&NOT_RESTRICTED&TRUSTED Uid: 10119 AdministratorUids: [] RequestorUid: 10119 RequestorPackageName: com.google.android.videos] ] (release request)
06-09 08:55:34.140   529   544 D ConnectivityService: ConnectivityService NetworkRequestInfo binderDied(NetworkRequest [ TRACK_DEFAULT id=39, [ Capabilities: INTERNET&NOT_RESTRICTED&TRUSTED Uid: 10123 AdministratorUids: [] RequestorUid: 10123 RequestorPackageName: com.google.android.youtube] ], android.os.BinderProxy@cbb5f78)
06-09 08:55:34.141   529  1861 D ConnectivityService: ConnectivityService NetworkRequestInfo binderDied(NetworkRequest [ LISTEN id=38, [ Capabilities: INTERNET&NOT_RESTRICTED&TRUSTED&FOREGROUND Uid: 10123 AdministratorUids: [] RequestorUid: 10123 RequestorPackageName: com.google.android.youtube] ], android.os.BinderProxy@1ae6651)
06-09 08:55:34.141   529  1274 D ConnectivityService: ConnectivityService NetworkRequestInfo binderDied(NetworkRequest [ TRACK_DEFAULT id=37, [ Capabilities: INTERNET&NOT_RESTRICTED&TRUSTED Uid: 10123 AdministratorUids: [] RequestorUid: 10123 RequestorPackageName: com.google.android.youtube] ], android.os.BinderProxy@e146eb6)
06-09 08:55:34.141   529   634 D ConnectivityService: releasing NetworkRequest [ TRACK_DEFAULT id=39, [ Capabilities: INTERNET&NOT_RESTRICTED&TRUSTED Uid: 10123 AdministratorUids: [] RequestorUid: 10123 RequestorPackageName: com.google.android.youtube] ] (release request)
06-09 08:55:34.142   529   634 D ConnectivityService: releasing NetworkRequest [ TRACK_DEFAULT id=37, [ Capabilities: INTERNET&NOT_RESTRICTED&TRUSTED Uid: 10123 AdministratorUids: [] RequestorUid: 10123 RequestorPackageName: com.google.android.youtube] ] (release request)
06-09 08:55:44.075   529  1860 D CompatibilityChangeReporter: Compat change id reported: 149924527; UID 10109; state: ENABLED
06-09 08:55:44.077   529  1515 D CompatibilityChangeReporter: Compat change id reported: 132649864; UID 10109; state: DISABLED
06-09 08:55:44.299   529   557 W BroadcastQueue: Background execution not allowed: receiving Intent { act=android.net.conn.NETWORK_CONDITIONS_MEASURED flg=0x10 (has extras) } to com.google.android.gms/.chimera.GmsIntentOperationService$PersistentTrustedReceiver
06-09 08:55:44.301   529   634 D ConnectivityService: [100 CELLULAR] validation failed
06-09 08:56:06.820   529   603 W ActivityManager: Unable to start service Intent { act=com.google.android.gms.drive.ApiService.RESET_AFTER_BOOT flg=0x4 cmp=com.google.android.gms/.drive.api.ApiService (has extras) } U=0: not found
06-09 08:56:11.337   529   557 W BroadcastQueue: Background execution not allowed: receiving Intent { act=android.net.conn.NETWORK_CONDITIONS_MEASURED flg=0x10 (has extras) } to com.google.android.gms/.chimera.GmsIntentOperationService$PersistentTrustedReceiver
06-09 08:56:11.338   529   634 D ConnectivityService: [100 CELLULAR] validation failed
06-09 08:56:14.227   529  1515 D CompatibilityChangeReporter: Compat change id reported: 135634846; UID 10062; state: DISABLED
06-09 08:56:14.228   529   558 D CompatibilityChangeReporter: Compat change id reported: 143937733; UID 10062; state: ENABLED
06-09 08:56:14.239   529   558 I ActivityManager: Start proc 4909:android.process.acore/u0a62 for content provider {com.android.providers.contacts/com.android.providers.contacts.VoicemailContentProvider}
06-09 08:56:14.329   529  1834 D CountryDetector: The first listener is added
06-09 08:56:14.333  4909  4909 D ActivityThread: Loading provider contacts;com.android.contacts: com.android.providers.contacts.ContactsProvider2
06-09 08:56:29.111   529   529 D CompatibilityChangeReporter: Compat change id reported: 135634846; UID 10107; state: DISABLED
06-09 08:56:29.112   529   558 D CompatibilityChangeReporter: Compat change id reported: 143937733; UID 10107; state: DISABLED
06-09 08:56:29.140   529   558 I ActivityManager: Start proc 4961:com.google.android.apps.wellbeing/u0a107 for service {com.google.android.apps.wellbeing/androidx.work.impl.background.systemjob.SystemJobService}
06-09 08:56:39.378   529   557 W BroadcastQueue: Background execution not allowed: receiving Intent { act=android.net.conn.NETWORK_CONDITIONS_MEASURED flg=0x10 (has extras) } to com.google.android.gms/.chimera.GmsIntentOperationService$PersistentTrustedReceiver
06-09 08:56:39.380   529   557 I ActivityManager: Killing 4253:com.google.android.apps.tachyon/u0a114 (adj 985): empty #17
06-09 08:56:39.382   529   634 D ConnectivityService: [100 CELLULAR] validation failed
06-09 08:56:39.392   529   994 D ConnectivityService: ConnectivityService NetworkRequestInfo binderDied(NetworkRequest [ TRACK_DEFAULT id=40, [ Capabilities: INTERNET&NOT_RESTRICTED&TRUSTED Uid: 10114 AdministratorUids: [] RequestorUid: 10114 RequestorPackageName: com.google.android.apps.tachyon] ], android.os.BinderProxy@db0cb16)
06-09 08:56:39.392   529   634 D ConnectivityService: releasing NetworkRequest [ TRACK_DEFAULT id=40, [ Capabilities: INTERNET&NOT_RESTRICTED&TRUSTED Uid: 10114 AdministratorUids: [] RequestorUid: 10114 RequestorPackageName: com.google.android.apps.tachyon] ] (release request)
06-09 08:56:41.335   529   994 W ActivityManager: Background start not allowed: service Intent { cmp=com.google.android.apps.messaging/.shared.datamodel.action.execution.ActionExecutorImpl$EmptyService } to com.google.android.apps.messaging/.shared.datamodel.action.execution.ActionExecutorImpl$EmptyService from pid=2105 uid=10120 pkg=com.google.android.apps.messaging startFg?=false
06-09 08:56:41.712   529  1855 W ActivityManager: Background start not allowed: service Intent { cmp=com.google.android.apps.messaging/.shared.datamodel.action.execution.ActionExecutorImpl$EmptyService } to com.google.android.apps.messaging/.shared.datamodel.action.execution.ActionExecutorImpl$EmptyService from pid=2105 uid=10120 pkg=com.google.android.apps.messaging startFg?=false
06-09 08:57:10.355   529  1855 I ActivityManager: Killing 4342:com.android.externalstorage/u0a63 (adj 985): empty #17
06-09 08:57:18.458   529   557 W BroadcastQueue: Background execution not allowed: receiving Intent { act=android.net.conn.NETWORK_CONDITIONS_MEASURED flg=0x10 (has extras) } to com.google.android.gms/.chimera.GmsIntentOperationService$PersistentTrustedReceiver
06-09 08:57:18.465   529   634 D ConnectivityService: [100 CELLULAR] validation failed
06-09 08:58:04.888   529   557 W BroadcastQueue: Permission Denial: broadcasting Intent { act=com.google.android.checkin.CHECKIN_COMPLETE flg=0x1000010 (has extras) } from com.google.android.gms (pid=1557, uid=10109) is not exported from uid 10101 due to receiver com.android.vending/com.google.android.finsky.checkin.CheckinReceiver
06-09 08:58:10.520   529   557 W BroadcastQueue: Background execution not allowed: receiving Intent { act=android.net.conn.NETWORK_CONDITIONS_MEASURED flg=0x10 (has extras) } to com.google.android.gms/.chimera.GmsIntentOperationService$PersistentTrustedReceiver
06-09 08:58:10.522   529   634 D ConnectivityService: [100 CELLULAR] validation failed
06-09 08:59:12.865   529  1859 I ActivityManager: Force stopping cuc.edu.cn appid=10154 user=0: from pid 5076
06-09 08:59:12.867   529  1859 I ActivityManager: Killing 1983:cuc.edu.cn/u0a154 (adj 0): stop cuc.edu.cn due to from pid 5076
06-09 08:59:12.869   529  1859 W ActivityTaskManager: Force removing ActivityRecord{6a150cf u0 cuc.edu.cn/.MainActivity t32 f}}: app died, no saved state
06-09 08:59:12.999   529   549 W ActivityManager: setHasOverlayUi called on unknown pid: 1983
06-09 08:59:13.001   529   547 W Looper  : Slow dispatch took 134ms android.ui h=com.android.server.am.ActivityManagerService$UiHandler c=null m=53
06-09 08:59:13.381   529  1131 W ActivityManager: Unable to start service Intent { act=android.service.appprediction.AppPredictionService cmp=com.google.android.as/com.google.android.apps.miphone.aiai.app.AiAiPredictionService } U=0: not found
06-09 08:59:13.381   529  1131 W RemoteAppPredictionService: could not bind to Intent { act=android.service.appprediction.AppPredictionService cmp=com.google.android.as/com.google.android.apps.miphone.aiai.app.AiAiPredictionService } using flags 67108865
06-09 08:59:13.910   529  1131 I ActivityManager: Force stopping cuc.edu.cn appid=10154 user=0: from pid 5103
06-09 08:59:14.010   529  1131 I ActivityTaskManager: START u0 {act=android.intent.action.MAIN cat=[android.intent.category.LAUNCHER] flg=0x10000000 cmp=cuc.edu.cn/.MainActivity} from uid 2000
06-09 08:59:14.039   529   549 D CompatibilityChangeReporter: Compat change id reported: 135634846; UID 10154; state: DISABLED
06-09 08:59:14.040   529   558 D CompatibilityChangeReporter: Compat change id reported: 143937733; UID 10154; state: ENABLED
06-09 08:59:14.131   529   558 W ActivityManager: Slow operation: 92ms so far, now at startProcess: returned from zygote!
06-09 08:59:14.131   529   558 W ActivityManager: Slow operation: 92ms so far, now at startProcess: done updating battery stats
06-09 08:59:14.131   529   558 W ActivityManager: Slow operation: 93ms so far, now at startProcess: building log message
06-09 08:59:14.131   529   558 I ActivityManager: Start proc 5119:cuc.edu.cn/u0a154 for pre-top-activity {cuc.edu.cn/cuc.edu.cn.MainActivity}
06-09 08:59:14.131   529   558 W ActivityManager: Slow operation: 93ms so far, now at startProcess: starting to update pids map
06-09 08:59:14.132   529   558 W ActivityManager: Slow operation: 93ms so far, now at startProcess: done updating pids map
06-09 08:59:19.050   430  5115 I iorapd  : Perfetto TraceBuffer saved to file: /data/misc/iorapd/cuc.edu.cn/1/cuc.edu.cn.MainActivity/raw_traces/1623229159049926400.perfetto_trace.pb
06-09 08:59:34.900   529   557 W BroadcastQueue: Background execution not allowed: receiving Intent { act=android.net.conn.NETWORK_CONDITIONS_MEASURED flg=0x10 (has extras) } to com.google.android.gms/.chimera.GmsIntentOperationService$PersistentTrustedReceiver
06-09 08:59:34.906   529   634 D ConnectivityService: [100 CELLULAR] validation failed
06-09 08:59:50.138   529  1131 I ActivityManager: Force stopping cuc.edu.cn appid=10154 user=0: from pid 5179
06-09 08:59:50.141   529  1131 I ActivityManager: Killing 5119:cuc.edu.cn/u0a154 (adj 0): stop cuc.edu.cn due to from pid 5179
06-09 08:59:50.145   529  1131 W ActivityTaskManager: Force removing ActivityRecord{3e52007 u0 cuc.edu.cn/.MainActivity t33 f}}: app died, no saved state
06-09 08:59:50.328   529   549 W ActivityManager: setHasOverlayUi called on unknown pid: 5119
06-09 08:59:50.383   529   547 W Looper  : Slow dispatch took 244ms android.ui h=com.android.server.am.ActivityManagerService$UiHandler c=null m=53
06-09 08:59:50.383   529   547 W Looper  : Slow delivery took 240ms android.ui h=com.android.server.am.ActivityManagerService$UiHandler c=null m=32
06-09 08:59:51.266   529  1861 W ActivityManager: Unable to start service Intent { act=android.service.appprediction.AppPredictionService cmp=com.google.android.as/com.google.android.apps.miphone.aiai.app.AiAiPredictionService } U=0: not found
06-09 08:59:51.266   529  1861 W RemoteAppPredictionService: could not bind to Intent { act=android.service.appprediction.AppPredictionService cmp=com.google.android.as/com.google.android.apps.miphone.aiai.app.AiAiPredictionService } using flags 67108865
06-09 08:59:51.291   529   547 W Looper  : Drained
06-09 08:59:51.663   529   615 W RuleEvaluation: Integrity rule files are not available.
06-09 08:59:51.664   529   573 I PackageManager: Integrity check passed for file:///data/app/vmdl154814331.tmp
06-09 08:59:51.694   529   573 I PackageManager: Update package cuc.edu.cn code path from /data/app/~~U7R4jPI_XwWC3hsjygdrBw==/cuc.edu.cn-QD_OC90ZwN_rHRFociyrmw== to /data/app/~~cleD05wN4_yRFmiTpbmovA==/cuc.edu.cn-God2SNAY2dYciU8UGIbRUw==; Retain data and using new
06-09 08:59:51.695   529   573 I PackageManager: Update package cuc.edu.cn resource path from /data/app/~~U7R4jPI_XwWC3hsjygdrBw==/cuc.edu.cn-QD_OC90ZwN_rHRFociyrmw== to /data/app/~~cleD05wN4_yRFmiTpbmovA==/cuc.edu.cn-God2SNAY2dYciU8UGIbRUw==; Retain data and using new
06-09 08:59:51.705   529   573 D CompatibilityChangeReporter: Compat change id reported: 135549675; UID 10154; state: ENABLED
06-09 08:59:52.165   529   557 W BroadcastQueue: Background execution not allowed: receiving Intent { act=android.intent.action.PACKAGE_REMOVED dat=package:cuc.edu.cn flg=0x4000010 (has extras) } to com.android.vending/com.google.android.finsky.packagemanager.impl.PackageMonitorReceiverImpl$RegisteredReceiver
06-09 08:59:52.167   529   557 W BroadcastQueue: Background execution not allowed: receiving Intent { act=android.intent.action.PACKAGE_REMOVED dat=package:cuc.edu.cn flg=0x4000010 (has extras) } to com.android.vending/com.google.android.finsky.instantapps.appmanagement.InstantAppRemoveMonitor
06-09 08:59:52.167   529   557 W BroadcastQueue: Background execution not allowed: receiving Intent { act=android.intent.action.PACKAGE_REMOVED dat=package:cuc.edu.cn flg=0x4000010 (has extras) } to com.google.android.gms/.games.chimera.GamesSystemBroadcastReceiverProxy
06-09 08:59:52.168   529   557 W BroadcastQueue: Background execution not allowed: receiving Intent { act=android.intent.action.PACKAGE_REMOVED dat=package:cuc.edu.cn flg=0x4000010 (has extras) } to com.google.android.gms/.chimera.GmsIntentOperationService$PersistentTrustedReceiver
06-09 08:59:52.170   529   557 W BroadcastQueue: Background execution not allowed: receiving Intent { act=android.intent.action.PACKAGE_REMOVED dat=package:cuc.edu.cn flg=0x4000010 (has extras) } to com.google.android.googlequicksearchbox/com.google.android.apps.gsa.googlequicksearchbox.GelStubAppWatcher
06-09 08:59:52.206   529   529 D CompatibilityChangeReporter: Compat change id reported: 135634846; UID 1000; state: DISABLED
06-09 08:59:52.207   529   529 W Looper  : Slow dispatch took 147ms main h=android.app.ActivityThread$H c=android.app.-$$Lambda$LoadedApk$ReceiverDispatcher$Args$_BumDX2UKsnxLVrE6UJsJZkotuA@93c1259 m=0
06-09 08:59:52.229   529   557 W BroadcastQueue: Background execution not allowed: receiving Intent { act=android.intent.action.PACKAGE_ADDED dat=package:cuc.edu.cn flg=0x4000010 (has extras) } to com.google.android.packageinstaller/com.android.packageinstaller.PackageInstalledReceiver
06-09 08:59:52.309   529   529 W Looper  : Slow delivery took 200ms main h=android.os.Handler c=android.app.-$$Lambda$LoadedApk$ReceiverDispatcher$Args$_BumDX2UKsnxLVrE6UJsJZkotuA@922e0e8 m=0
06-09 08:59:52.339   529   558 W ActivityManager: Slow operation: 142ms so far, now at startProcess: returned from zygote!
06-09 08:59:52.472   529   546 W Looper  : Slow dispatch took 180ms android.fg h=android.os.Handler c=<recycled PooledLambda@b0d6e7f> m=0
06-09 08:59:52.513   529   529 W Looper  : Slow dispatch took 155ms main h=android.app.ActivityThread$H c=android.app.-$$Lambda$LoadedApk$ReceiverDispatcher$Args$_BumDX2UKsnxLVrE6UJsJZkotuA@7e491bd m=0
06-09 08:59:52.515   529   529 I Telecom : DefaultDialerCache: Refreshing default dialer for user 0: now com.android.dialer: DDC.oR@AGY
06-09 08:59:52.553   529   546 W Looper  : Slow delivery took 261ms android.fg h=android.os.Handler c=com.android.server.role.-$$Lambda$RoleManagerService$p0uu3WH3gz96-kAWnyu6IUHMtCg@a1e8c97 m=0
06-09 08:59:52.595   529   529 V BackupManagerConstants: getFullBackupIntervalMilliseconds(...) returns 86400000
06-09 08:59:52.596   529   529 V BackupManagerConstants: getFullBackupRequiredNetworkType(...) returns 2
06-09 08:59:52.596   529   529 V BackupManagerConstants: getFullBackupRequireCharging(...) returns true
06-09 08:59:52.596   529   557 W BroadcastQueue: Background execution not allowed: receiving Intent { act=android.intent.action.PACKAGE_ADDED dat=package:cuc.edu.cn flg=0x4000010 (has extras) } to com.android.vending/com.google.android.finsky.packagemanager.impl.PackageMonitorReceiverImpl$RegisteredReceiver
06-09 08:59:52.601   529   558 W ActivityManager: Slow operation: 403ms so far, now at startProcess: done updating battery stats
06-09 08:59:52.601   529   558 W ActivityManager: Slow operation: 404ms so far, now at startProcess: building log message
06-09 08:59:52.601   529   558 I ActivityManager: Start proc 5214:com.android.keychain/1000 for service {com.android.keychain/com.android.keychain.KeyChainService}
06-09 08:59:52.601   529   558 W ActivityManager: Slow operation: 404ms so far, now at startProcess: starting to update pids map
06-09 08:59:52.603   529   558 W ActivityManager: Slow operation: 406ms so far, now at startProcess: done updating pids map
06-09 08:59:52.607   529   547 W Looper  : Slow dispatch took 374ms android.ui h=com.android.server.am.ActivityManagerService$UiHandler c=null m=53
06-09 08:59:52.676   529   544 I ActivityManager: Force stopping cuc.edu.cn appid=10154 user=0: from pid 5211
06-09 08:59:52.717   529   557 W BroadcastQueue: Background execution not allowed: receiving Intent { act=android.intent.action.PACKAGE_ADDED dat=package:cuc.edu.cn flg=0x4000010 (has extras) } to com.google.android.gms/.games.chimera.GamesSystemBroadcastReceiverProxy
06-09 08:59:52.721   529   547 W Looper  : Slow dispatch took 114ms android.ui h=com.android.server.am.ActivityManagerService$UiHandler c=null m=31
06-09 08:59:52.746   529   557 W BroadcastQueue: Background execution not allowed: receiving Intent { act=android.intent.action.PACKAGE_ADDED dat=package:cuc.edu.cn flg=0x4000010 (has extras) } to com.google.android.gms/.gass.chimera.PackageChangeBroadcastReceiver
06-09 08:59:52.747   529   557 W BroadcastQueue: Background execution not allowed: receiving Intent { act=android.intent.action.PACKAGE_ADDED dat=package:cuc.edu.cn flg=0x4000010 (has extras) } to com.google.android.gms/.chimera.GmsIntentOperationService$PersistentTrustedReceiver
06-09 08:59:52.748   529   557 W BroadcastQueue: Background execution not allowed: receiving Intent { act=android.intent.action.PACKAGE_ADDED dat=package:cuc.edu.cn flg=0x4000010 (has extras) } to com.google.android.googlequicksearchbox/com.google.android.apps.gsa.googlequicksearchbox.GelStubAppWatcher
06-09 08:59:52.751   529   557 W BroadcastQueue: Background execution not allowed: receiving Intent { act=android.intent.action.PACKAGE_ADDED dat=package:cuc.edu.cn flg=0x4000010 (has extras) } to com.google.android.ims/.receivers.RcsAutoStartReceiver
06-09 08:59:52.825   529  1771 W BroadcastQueue: Background execution not allowed: receiving Intent { act=android.intent.action.PACKAGE_REPLACED dat=package:cuc.edu.cn flg=0x4000010 (has extras) } to com.google.android.gms/.gass.chimera.PackageChangeBroadcastReceiver
06-09 08:59:52.829   529   557 W BroadcastQueue: Background execution not allowed: receiving Intent { act=android.intent.action.PACKAGE_REPLACED dat=package:cuc.edu.cn flg=0x4000010 (has extras) } to com.google.android.gms/.chimera.GmsIntentOperationService$PersistentTrustedReceiver
